
CH32V003F4P_74ch595.elf:     file format elf32-littleriscv
CH32V003F4P_74ch595.elf
architecture: riscv:rv32, flags 0x00000112:
EXEC_P, HAS_SYMS, D_PAGED
start address 0x00000000

Program Header:
    LOAD off    0x00001000 vaddr 0x00000000 paddr 0x00000000 align 2**12
         filesz 0x00000f4c memsz 0x00000f4c flags r-x
    LOAD off    0x00002000 vaddr 0x20000000 paddr 0x00000f4c align 2**12
         filesz 0x00000040 memsz 0x0000004c flags rw-
    LOAD off    0x00002700 vaddr 0x20000700 paddr 0x20000700 align 2**12
         filesz 0x00000000 memsz 0x00000100 flags rw-

Sections:
Idx Name          Size      VMA       LMA       File off  Algn
  0 .init         000000a0  00000000  00000000  00001000  2**2
                  CONTENTS, ALLOC, LOAD, READONLY, CODE
  1 .highcodelalign 00000000  000000a0  000000a0  00002040  2**0
                  CONTENTS
  2 .highcode     00000000  20000000  20000000  00002040  2**0
                  CONTENTS
  3 .text         00000eac  000000a0  000000a0  000010a0  2**2
                  CONTENTS, ALLOC, LOAD, READONLY, CODE
  4 .fini         00000000  00000f4c  00000f4c  00002040  2**0
                  CONTENTS, ALLOC, LOAD, CODE
  5 .dalign       00000000  20000000  20000000  00002040  2**0
                  CONTENTS
  6 .dlalign      00000000  00000f4c  00000f4c  00002040  2**0
                  CONTENTS
  7 .data         00000040  20000000  00000f4c  00002000  2**2
                  CONTENTS, ALLOC, LOAD, DATA
  8 .bss          0000000c  20000040  00000f8c  00002040  2**2
                  ALLOC
  9 .stack        00000100  20000700  20000700  00002700  2**0
                  ALLOC
 10 .debug_info   0000972a  00000000  00000000  00002040  2**0
                  CONTENTS, READONLY, DEBUGGING
 11 .debug_abbrev 00001e0b  00000000  00000000  0000b76a  2**0
                  CONTENTS, READONLY, DEBUGGING
 12 .debug_aranges 000004d0  00000000  00000000  0000d578  2**3
                  CONTENTS, READONLY, DEBUGGING
 13 .debug_ranges 000004d0  00000000  00000000  0000da48  2**3
                  CONTENTS, READONLY, DEBUGGING
 14 .debug_line   00005ab8  00000000  00000000  0000df18  2**0
                  CONTENTS, READONLY, DEBUGGING
 15 .debug_str    00001968  00000000  00000000  000139d0  2**0
                  CONTENTS, READONLY, DEBUGGING
 16 .comment      00000033  00000000  00000000  00015338  2**0
                  CONTENTS, READONLY
 17 .debug_frame  000009f4  00000000  00000000  0001536c  2**2
                  CONTENTS, READONLY, DEBUGGING
 18 .debug_loc    00001ae4  00000000  00000000  00015d60  2**0
                  CONTENTS, READONLY, DEBUGGING
SYMBOL TABLE:
00000000 l    d  .init	00000000 .init
000000a0 l    d  .highcodelalign	00000000 .highcodelalign
20000000 l    d  .highcode	00000000 .highcode
000000a0 l    d  .text	00000000 .text
00000f4c l    d  .fini	00000000 .fini
20000000 l    d  .dalign	00000000 .dalign
00000f4c l    d  .dlalign	00000000 .dlalign
20000000 l    d  .data	00000000 .data
20000040 l    d  .bss	00000000 .bss
20000700 l    d  .stack	00000000 .stack
00000000 l    d  .debug_info	00000000 .debug_info
00000000 l    d  .debug_abbrev	00000000 .debug_abbrev
00000000 l    d  .debug_aranges	00000000 .debug_aranges
00000000 l    d  .debug_ranges	00000000 .debug_ranges
00000000 l    d  .debug_line	00000000 .debug_line
00000000 l    d  .debug_str	00000000 .debug_str
00000000 l    d  .comment	00000000 .comment
00000000 l    d  .debug_frame	00000000 .debug_frame
00000000 l    d  .debug_loc	00000000 .debug_loc
00000000 l    df *ABS*	00000000 ch32v00x_it.c
00000000 l    df *ABS*	00000000 main.c
00000000 l    df *ABS*	00000000 system_ch32v00x.c
00000000 l    df *ABS*	00000000 ch32v00x_dbgmcu.c
00000000 l    df *ABS*	00000000 ch32v00x_gpio.c
00000000 l    df *ABS*	00000000 ch32v00x_misc.c
00000000 l    df *ABS*	00000000 ch32v00x_rcc.c
20000018 l     O .data	00000014 ADCPrescTable
2000002c l     O .data	00000010 APBAHBPrescTable
00000000 l    df *ABS*	00000000 ch32v00x_spi.c
00000000 l    df *ABS*	00000000 ch32v00x_usart.c
00000000 l    df *ABS*	00000000 debug.c
20000048 l     O .bss	00000002 p_ms
2000004a l     O .bss	00000001 p_us
00000000 l    df *ABS*	00000000 wchprintf.c
00000000 l    df *ABS*	00000000 memcpy.c
00000abe  w    F .text	00000004 printDouble
00000ac2  w    F .text	00000352 print
00000e14  w    F .text	00000022 printf
20000840 g       .data	00000000 __global_pointer$
00000452  w      .text	00000000 TIM1_CC_IRQHandler
000006b4 g     F .text	00000004 SPI_I2S_SendData
00000134 g     F .text	00000010 HardFault_Handler
000009ac  w    F .text	0000010e printInt
00000452  w      .text	00000000 SysTick_Handler
00000452  w      .text	00000000 PVD_IRQHandler
00000132 g     F .text	00000002 NMI_Handler
00000504 g     F .text	0000000a DBGMCU_GetCHIPID
000007a0 g     F .text	0000000a USART_GetFlagStatus
20000040 g       .bss	00000000 _sbss
00000100 g       *ABS*	00000000 __stack_size
000007de g     F .text	00000054 USART_Printf_Init
000000aa g     F .text	0000000a .hidden __riscv_restore_2
20000000 g     O .data	00000004 output
00000e36 g     F .text	000000d2 memcpy
00000aba  w    F .text	00000004 printLongLongInt
20000040 g     O .bss	00000004 ticks_per_us
20000014 g     O .data	00000004 SystemCoreClock
000000bc g     F .text	0000002c .hidden __udivsi3
000000a0 g       .init	00000000 _einit
0000064a g     F .text	0000001e RCC_APB2PeriphClockCmd
0000050e g     F .text	0000007c GPIO_Init
20000044 g     O .bss	00000004 NVIC_Priority_Group
00000452  w      .text	00000000 SPI1_IRQHandler
00000782 g     F .text	00000016 USART_Cmd
000000a0 g     F .text	0000000a .hidden __riscv_save_1
000000aa g     F .text	0000000a .hidden __riscv_restore_0
00000452  w      .text	00000000 AWU_IRQHandler
00000452  w      .text	00000000 EXTI7_0_IRQHandler
000001ee g     F .text	0000002a SPI_SR_Send
20000700 g       .stack	00000000 _heap_end
000006b8 g     F .text	0000000a SPI_I2S_GetFlagStatus
00000452  w      .text	00000000 DMA1_Channel4_IRQHandler
00000452  w      .text	00000000 ADC1_IRQHandler
2000004c g       .bss	00000000 _ebss
00000452  w      .text	00000000 DMA1_Channel7_IRQHandler
000007aa g     F .text	00000034 Delay_Init
0000058a g     F .text	00000004 GPIO_SetBits
000000e8 g     F .text	00000008 .hidden __umodsi3
00000452  w      .text	00000000 I2C1_EV_IRQHandler
000005ae g     F .text	0000009c RCC_GetClocksFreq
0000018e g     F .text	00000060 SPI_SR_Init
00000452  w      .text	00000000 DMA1_Channel6_IRQHandler
000006c2 g     F .text	000000c0 USART_Init
00000452  w      .text	00000000 RCC_IRQHandler
00000218 g     F .text	00000016 SPI_SR_latch
00000452  w      .text	00000000 TIM1_TRG_COM_IRQHandler
00000452  w      .text	00000000 DMA1_Channel1_IRQHandler
00000000 g       .init	00000000 _start
20000004 g     O .data	00000010 AHBPrescTable
000008c6  w    F .text	000000e6 prints
00000f20 g     O .text	00000004 digits
20000000 g       .highcode	00000000 _highcode_vma_start
0000058e g     F .text	00000004 GPIO_ResetBits
20000000 g       .dalign	00000000 _data_vma
0000059c g     F .text	00000012 RCC_AdjustHSICalibrationValue
0000022e g     F .text	0000008a main
00000178 g     F .text	00000016 micros
00000452  w      .text	00000000 DMA1_Channel5_IRQHandler
000000b4 g     F .text	00000058 .hidden __divsi3
00000144 g     F .text	00000034 SysTick_FreeRunning_Init
0000069a g     F .text	0000001a SPI_Cmd
000000a0 g       .highcodelalign	00000000 _highcode_lma
000002b8 g     F .text	00000132 SystemInit
0000087e  w    F .text	00000048 printchar
00000000 g       .init	00000000 _sinit
00000452  w      .text	00000000 DMA1_Channel3_IRQHandler
00000452  w      .text	00000000 TIM1_UP_IRQHandler
00000452  w      .text	00000000 WWDG_IRQHandler
00000452  w      .text	00000000 TIM2_IRQHandler
20000800 g       .stack	00000000 _eusrstack
000000a0 g     F .text	0000000a .hidden __riscv_save_2
00000452  w      .text	00000000 SW_Handler
00000452  w      .text	00000000 TIM1_BRK_IRQHandler
00000798 g     F .text	00000008 USART_SendData
00000832 g     F .text	0000004c _write
20000040 g       .data	00000000 _edata
2000004c g       .bss	00000000 _end
20000000 g       .highcode	00000000 _highcode_vma_end
00000f4c g       .dlalign	00000000 _data_lma
000003ea g     F .text	00000068 SystemCoreClockUpdate
0000010c g     F .text	00000024 .hidden __modsi3
00000452  w      .text	00000000 DMA1_Channel2_IRQHandler
00000454  w      .text	00000000 handle_reset
00000452  w      .text	00000000 FLASH_IRQHandler
000000a0 g     F .text	0000000a .hidden __riscv_save_0
00000452  w      .text	00000000 USART1_IRQHandler
00000452  w      .text	00000000 I2C1_ER_IRQHandler
00000668 g     F .text	00000032 SPI_Init
00000592 g     F .text	0000000a NVIC_PriorityGroupConfig
000000aa g     F .text	0000000a .hidden __riscv_restore_1



Disassembly of section .init:

00000000 <_sinit>:
   0:	4540006f          	j	454 <handle_reset>
   4:	0000                	unimp
   6:	0000                	unimp
   8:	0132                	slli	sp,sp,0xc
   a:	0000                	unimp
   c:	0134                	addi	a3,sp,136
	...
  2e:	0000                	unimp
  30:	0452                	slli	s0,s0,0x14
  32:	0000                	unimp
  34:	0000                	unimp
  36:	0000                	unimp
  38:	0452                	slli	s0,s0,0x14
  3a:	0000                	unimp
  3c:	0000                	unimp
  3e:	0000                	unimp
  40:	0452                	slli	s0,s0,0x14
  42:	0000                	unimp
  44:	0452                	slli	s0,s0,0x14
  46:	0000                	unimp
  48:	0452                	slli	s0,s0,0x14
  4a:	0000                	unimp
  4c:	0452                	slli	s0,s0,0x14
  4e:	0000                	unimp
  50:	0452                	slli	s0,s0,0x14
  52:	0000                	unimp
  54:	0452                	slli	s0,s0,0x14
  56:	0000                	unimp
  58:	0452                	slli	s0,s0,0x14
  5a:	0000                	unimp
  5c:	0452                	slli	s0,s0,0x14
  5e:	0000                	unimp
  60:	0452                	slli	s0,s0,0x14
  62:	0000                	unimp
  64:	0452                	slli	s0,s0,0x14
  66:	0000                	unimp
  68:	0452                	slli	s0,s0,0x14
  6a:	0000                	unimp
  6c:	0452                	slli	s0,s0,0x14
  6e:	0000                	unimp
  70:	0452                	slli	s0,s0,0x14
  72:	0000                	unimp
  74:	0452                	slli	s0,s0,0x14
  76:	0000                	unimp
  78:	0452                	slli	s0,s0,0x14
  7a:	0000                	unimp
  7c:	0452                	slli	s0,s0,0x14
  7e:	0000                	unimp
  80:	0452                	slli	s0,s0,0x14
  82:	0000                	unimp
  84:	0452                	slli	s0,s0,0x14
  86:	0000                	unimp
  88:	0452                	slli	s0,s0,0x14
  8a:	0000                	unimp
  8c:	0452                	slli	s0,s0,0x14
  8e:	0000                	unimp
  90:	0452                	slli	s0,s0,0x14
  92:	0000                	unimp
  94:	0452                	slli	s0,s0,0x14
  96:	0000                	unimp
  98:	0452                	slli	s0,s0,0x14
  9a:	0000                	unimp
  9c:	0000                	unimp
	...

Disassembly of section .text:

000000a0 <__riscv_save_0>:
  a0:	1151                	addi	sp,sp,-12
  a2:	c026                	sw	s1,0(sp)
  a4:	c222                	sw	s0,4(sp)
  a6:	c406                	sw	ra,8(sp)
  a8:	8282                	jr	t0

000000aa <__riscv_restore_0>:
  aa:	4482                	lw	s1,0(sp)
  ac:	4412                	lw	s0,4(sp)
  ae:	40a2                	lw	ra,8(sp)
  b0:	0131                	addi	sp,sp,12
  b2:	8082                	ret

000000b4 <__divsi3>:
  b4:	02054e63          	bltz	a0,f0 <__umodsi3+0x8>
  b8:	0405c363          	bltz	a1,fe <__umodsi3+0x16>

000000bc <__udivsi3>:
  bc:	862e                	mv	a2,a1
  be:	85aa                	mv	a1,a0
  c0:	557d                	li	a0,-1
  c2:	c215                	beqz	a2,e6 <__udivsi3+0x2a>
  c4:	4685                	li	a3,1
  c6:	00b67863          	bgeu	a2,a1,d6 <__udivsi3+0x1a>
  ca:	00c05663          	blez	a2,d6 <__udivsi3+0x1a>
  ce:	0606                	slli	a2,a2,0x1
  d0:	0686                	slli	a3,a3,0x1
  d2:	feb66ce3          	bltu	a2,a1,ca <__udivsi3+0xe>
  d6:	4501                	li	a0,0
  d8:	00c5e463          	bltu	a1,a2,e0 <__udivsi3+0x24>
  dc:	8d91                	sub	a1,a1,a2
  de:	8d55                	or	a0,a0,a3
  e0:	8285                	srli	a3,a3,0x1
  e2:	8205                	srli	a2,a2,0x1
  e4:	faf5                	bnez	a3,d8 <__udivsi3+0x1c>
  e6:	8082                	ret

000000e8 <__umodsi3>:
  e8:	8286                	mv	t0,ra
  ea:	3fc9                	jal	bc <__udivsi3>
  ec:	852e                	mv	a0,a1
  ee:	8282                	jr	t0
  f0:	40a00533          	neg	a0,a0
  f4:	0005d763          	bgez	a1,102 <__stack_size+0x2>
  f8:	40b005b3          	neg	a1,a1
  fc:	b7c1                	j	bc <__udivsi3>
  fe:	40b005b3          	neg	a1,a1
 102:	8286                	mv	t0,ra
 104:	3f65                	jal	bc <__udivsi3>
 106:	40a00533          	neg	a0,a0
 10a:	8282                	jr	t0

0000010c <__modsi3>:
 10c:	8286                	mv	t0,ra
 10e:	0005c763          	bltz	a1,11c <__modsi3+0x10>
 112:	00054963          	bltz	a0,124 <__modsi3+0x18>
 116:	375d                	jal	bc <__udivsi3>
 118:	852e                	mv	a0,a1
 11a:	8282                	jr	t0
 11c:	40b005b3          	neg	a1,a1
 120:	fe055be3          	bgez	a0,116 <__modsi3+0xa>
 124:	40a00533          	neg	a0,a0
 128:	3f51                	jal	bc <__udivsi3>
 12a:	40b00533          	neg	a0,a1
 12e:	8282                	jr	t0
	...

00000132 <NMI_Handler>:
 132:	a001                	j	132 <NMI_Handler>

00000134 <HardFault_Handler>:
 134:	beef07b7          	lui	a5,0xbeef0
 138:	e000e737          	lui	a4,0xe000e
 13c:	08078793          	addi	a5,a5,128 # beef0080 <__global_pointer$+0x9eeef840>
 140:	c73c                	sw	a5,72(a4)
 142:	a001                	j	142 <HardFault_Handler+0xe>

00000144 <SysTick_FreeRunning_Init>:
 144:	f5dff2ef          	jal	t0,a0 <__riscv_save_0>
 148:	200007b7          	lui	a5,0x20000
 14c:	0147a503          	lw	a0,20(a5) # 20000014 <SystemCoreClock>
 150:	000f45b7          	lui	a1,0xf4
 154:	24058593          	addi	a1,a1,576 # f4240 <_data_lma+0xf32f4>
 158:	3795                	jal	bc <__udivsi3>
 15a:	200007b7          	lui	a5,0x20000
 15e:	04a7a023          	sw	a0,64(a5) # 20000040 <_edata>
 162:	e000f7b7          	lui	a5,0xe000f
 166:	0007a023          	sw	zero,0(a5) # e000f000 <__global_pointer$+0xc000e7c0>
 16a:	0007a423          	sw	zero,8(a5)
 16e:	577d                	li	a4,-1
 170:	cb98                	sw	a4,16(a5)
 172:	4715                	li	a4,5
 174:	c398                	sw	a4,0(a5)
 176:	bf15                	j	aa <__riscv_restore_0>

00000178 <micros>:
 178:	f29ff2ef          	jal	t0,a0 <__riscv_save_0>
 17c:	e000f7b7          	lui	a5,0xe000f
 180:	4788                	lw	a0,8(a5)
 182:	200007b7          	lui	a5,0x20000
 186:	0407a583          	lw	a1,64(a5) # 20000040 <_edata>
 18a:	3f0d                	jal	bc <__udivsi3>
 18c:	bf39                	j	aa <__riscv_restore_0>

0000018e <SPI_SR_Init>:
 18e:	f13ff2ef          	jal	t0,a0 <__riscv_save_0>
 192:	6505                	lui	a0,0x1
 194:	1101                	addi	sp,sp,-32
 196:	4585                	li	a1,1
 198:	0541                	addi	a0,a0,16
 19a:	2945                	jal	64a <RCC_APB2PeriphClockCmd>
 19c:	6585                	lui	a1,0x1
 19e:	4631                	li	a2,12
 1a0:	f1458593          	addi	a1,a1,-236 # f14 <memcpy+0xde>
 1a4:	850a                	mv	a0,sp
 1a6:	491000ef          	jal	ra,e36 <memcpy>
 1aa:	858a                	mv	a1,sp
 1ac:	40011537          	lui	a0,0x40011
 1b0:	2eb9                	jal	50e <GPIO_Init>
 1b2:	4441                	li	s0,16
 1b4:	47a1                	li	a5,8
 1b6:	858a                	mv	a1,sp
 1b8:	40011537          	lui	a0,0x40011
 1bc:	807c                	sh	a5,0(sp)
 1be:	c422                	sw	s0,8(sp)
 1c0:	26b9                	jal	50e <GPIO_Init>
 1c2:	0104c7b7          	lui	a5,0x104c
 1c6:	ca02                	sw	zero,20(sp)
 1c8:	cc02                	sw	zero,24(sp)
 1ca:	c63e                	sw	a5,12(sp)
 1cc:	006c                	addi	a1,sp,12
 1ce:	20000793          	li	a5,512
 1d2:	40013537          	lui	a0,0x40013
 1d6:	83fc                	sh	a5,22(sp)
 1d8:	84e0                	sh	s0,24(sp)
 1da:	c802                	sw	zero,16(sp)
 1dc:	00011e23          	sh	zero,28(sp)
 1e0:	2161                	jal	668 <SPI_Init>
 1e2:	4585                	li	a1,1
 1e4:	40013537          	lui	a0,0x40013
 1e8:	294d                	jal	69a <SPI_Cmd>
 1ea:	6105                	addi	sp,sp,32
 1ec:	bd7d                	j	aa <__riscv_restore_0>

000001ee <SPI_SR_Send>:
 1ee:	eb3ff2ef          	jal	t0,a0 <__riscv_save_0>
 1f2:	842a                	mv	s0,a0
 1f4:	4589                	li	a1,2
 1f6:	40013537          	lui	a0,0x40013
 1fa:	297d                	jal	6b8 <SPI_I2S_GetFlagStatus>
 1fc:	dd65                	beqz	a0,1f4 <SPI_SR_Send+0x6>
 1fe:	85a2                	mv	a1,s0
 200:	40013537          	lui	a0,0x40013
 204:	2945                	jal	6b4 <SPI_I2S_SendData>
 206:	08000593          	li	a1,128
 20a:	40013537          	lui	a0,0x40013
 20e:	216d                	jal	6b8 <SPI_I2S_GetFlagStatus>
 210:	4785                	li	a5,1
 212:	fef50ae3          	beq	a0,a5,206 <SPI_SR_Send+0x18>
 216:	bd51                	j	aa <__riscv_restore_0>

00000218 <SPI_SR_latch>:
 218:	e89ff2ef          	jal	t0,a0 <__riscv_save_0>
 21c:	45a1                	li	a1,8
 21e:	40011537          	lui	a0,0x40011
 222:	26a5                	jal	58a <GPIO_SetBits>
 224:	45a1                	li	a1,8
 226:	40011537          	lui	a0,0x40011
 22a:	2695                	jal	58e <GPIO_ResetBits>
 22c:	bdbd                	j	aa <__riscv_restore_0>

0000022e <main>:
 22e:	e73ff2ef          	jal	t0,a0 <__riscv_save_0>
 232:	1171                	addi	sp,sp,-4
 234:	2051                	jal	2b8 <SystemInit>
 236:	4505                	li	a0,1
 238:	2ea9                	jal	592 <NVIC_PriorityGroupConfig>
 23a:	2a45                	jal	3ea <SystemCoreClockUpdate>
 23c:	23bd                	jal	7aa <Delay_Init>
 23e:	3719                	jal	144 <SysTick_FreeRunning_Init>
 240:	6571                	lui	a0,0x1c
 242:	20050513          	addi	a0,a0,512 # 1c200 <_data_lma+0x1b2b4>
 246:	2b61                	jal	7de <USART_Printf_Init>
 248:	3799                	jal	18e <SPI_SR_Init>
 24a:	200007b7          	lui	a5,0x20000
 24e:	0147a583          	lw	a1,20(a5) # 20000014 <SystemCoreClock>
 252:	00001537          	lui	a0,0x1
 256:	f2450513          	addi	a0,a0,-220 # f24 <digits+0x4>
 25a:	3bb000ef          	jal	ra,e14 <printf>
 25e:	245d                	jal	504 <DBGMCU_GetCHIPID>
 260:	85aa                	mv	a1,a0
 262:	00001537          	lui	a0,0x1
 266:	f3450513          	addi	a0,a0,-204 # f34 <digits+0x14>
 26a:	3ab000ef          	jal	ra,e14 <printf>
 26e:	6485                	lui	s1,0x1
 270:	4401                	li	s0,0
 272:	4781                	li	a5,0
 274:	f2048493          	addi	s1,s1,-224 # f20 <digits>
 278:	c03e                	sw	a5,0(sp)
 27a:	3dfd                	jal	178 <micros>
 27c:	4782                	lw	a5,0(sp)
 27e:	03b00693          	li	a3,59
 282:	40f50633          	sub	a2,a0,a5
 286:	fec6f9e3          	bgeu	a3,a2,278 <main+0x4a>
 28a:	008487b3          	add	a5,s1,s0
 28e:	c02a                	sw	a0,0(sp)
 290:	2388                	lbu	a0,0(a5)
 292:	3fb1                	jal	1ee <SPI_SR_Send>
 294:	200007b7          	lui	a5,0x20000
 298:	00078793          	mv	a5,a5
 29c:	97a2                	add	a5,a5,s0
 29e:	2388                	lbu	a0,0(a5)
 2a0:	0405                	addi	s0,s0,1
 2a2:	0ff47413          	andi	s0,s0,255
 2a6:	37a1                	jal	1ee <SPI_SR_Send>
 2a8:	3f85                	jal	218 <SPI_SR_latch>
 2aa:	4791                	li	a5,4
 2ac:	4702                	lw	a4,0(sp)
 2ae:	00f41363          	bne	s0,a5,2b4 <main+0x86>
 2b2:	4401                	li	s0,0
 2b4:	87ba                	mv	a5,a4
 2b6:	b7c9                	j	278 <main+0x4a>

000002b8 <SystemInit>:
 2b8:	de9ff2ef          	jal	t0,a0 <__riscv_save_0>
 2bc:	40021437          	lui	s0,0x40021
 2c0:	401c                	lw	a5,0(s0)
 2c2:	f8ff0737          	lui	a4,0xf8ff0
 2c6:	1161                	addi	sp,sp,-8
 2c8:	0017e793          	ori	a5,a5,1
 2cc:	c01c                	sw	a5,0(s0)
 2ce:	405c                	lw	a5,4(s0)
 2d0:	4541                	li	a0,16
 2d2:	8ff9                	and	a5,a5,a4
 2d4:	c05c                	sw	a5,4(s0)
 2d6:	401c                	lw	a5,0(s0)
 2d8:	fef70737          	lui	a4,0xfef70
 2dc:	177d                	addi	a4,a4,-1
 2de:	8ff9                	and	a5,a5,a4
 2e0:	c01c                	sw	a5,0(s0)
 2e2:	401c                	lw	a5,0(s0)
 2e4:	fffc0737          	lui	a4,0xfffc0
 2e8:	177d                	addi	a4,a4,-1
 2ea:	8ff9                	and	a5,a5,a4
 2ec:	c01c                	sw	a5,0(s0)
 2ee:	405c                	lw	a5,4(s0)
 2f0:	7741                	lui	a4,0xffff0
 2f2:	177d                	addi	a4,a4,-1
 2f4:	8ff9                	and	a5,a5,a4
 2f6:	c05c                	sw	a5,4(s0)
 2f8:	009f07b7          	lui	a5,0x9f0
 2fc:	c41c                	sw	a5,8(s0)
 2fe:	2c79                	jal	59c <RCC_AdjustHSICalibrationValue>
 300:	4c1c                	lw	a5,24(s0)
 302:	00020637          	lui	a2,0x20
 306:	0207e793          	ori	a5,a5,32
 30a:	cc1c                	sw	a5,24(s0)
 30c:	400117b7          	lui	a5,0x40011
 310:	4007a703          	lw	a4,1024(a5) # 40011400 <__global_pointer$+0x20010bc0>
 314:	40078693          	addi	a3,a5,1024
 318:	f0f77713          	andi	a4,a4,-241
 31c:	40e7a023          	sw	a4,1024(a5)
 320:	4007a703          	lw	a4,1024(a5)
 324:	08076713          	ori	a4,a4,128
 328:	40e7a023          	sw	a4,1024(a5)
 32c:	4789                	li	a5,2
 32e:	ca9c                	sw	a5,16(a3)
 330:	c002                	sw	zero,0(sp)
 332:	c202                	sw	zero,4(sp)
 334:	4c1c                	lw	a5,24(s0)
 336:	40010737          	lui	a4,0x40010
 33a:	66a1                	lui	a3,0x8
 33c:	0017e793          	ori	a5,a5,1
 340:	cc1c                	sw	a5,24(s0)
 342:	435c                	lw	a5,4(a4)
 344:	8fd5                	or	a5,a5,a3
 346:	c35c                	sw	a5,4(a4)
 348:	401c                	lw	a5,0(s0)
 34a:	6741                	lui	a4,0x10
 34c:	400216b7          	lui	a3,0x40021
 350:	8fd9                	or	a5,a5,a4
 352:	c01c                	sw	a5,0(s0)
 354:	6709                	lui	a4,0x2
 356:	429c                	lw	a5,0(a3)
 358:	8ff1                	and	a5,a5,a2
 35a:	c23e                	sw	a5,4(sp)
 35c:	4782                	lw	a5,0(sp)
 35e:	0785                	addi	a5,a5,1
 360:	c03e                	sw	a5,0(sp)
 362:	4792                	lw	a5,4(sp)
 364:	e781                	bnez	a5,36c <SystemInit+0xb4>
 366:	4782                	lw	a5,0(sp)
 368:	fee797e3          	bne	a5,a4,356 <SystemInit+0x9e>
 36c:	400217b7          	lui	a5,0x40021
 370:	439c                	lw	a5,0(a5)
 372:	00e79713          	slli	a4,a5,0xe
 376:	06075863          	bgez	a4,3e6 <SystemInit+0x12e>
 37a:	4785                	li	a5,1
 37c:	c23e                	sw	a5,4(sp)
 37e:	4712                	lw	a4,4(sp)
 380:	4785                	li	a5,1
 382:	06f71063          	bne	a4,a5,3e2 <SystemInit+0x12a>
 386:	400227b7          	lui	a5,0x40022
 38a:	4398                	lw	a4,0(a5)
 38c:	76c1                	lui	a3,0xffff0
 38e:	16fd                	addi	a3,a3,-1
 390:	9b71                	andi	a4,a4,-4
 392:	c398                	sw	a4,0(a5)
 394:	4398                	lw	a4,0(a5)
 396:	00176713          	ori	a4,a4,1
 39a:	c398                	sw	a4,0(a5)
 39c:	400217b7          	lui	a5,0x40021
 3a0:	43d8                	lw	a4,4(a5)
 3a2:	c3d8                	sw	a4,4(a5)
 3a4:	43d8                	lw	a4,4(a5)
 3a6:	8f75                	and	a4,a4,a3
 3a8:	c3d8                	sw	a4,4(a5)
 3aa:	43d8                	lw	a4,4(a5)
 3ac:	66c1                	lui	a3,0x10
 3ae:	8f55                	or	a4,a4,a3
 3b0:	c3d8                	sw	a4,4(a5)
 3b2:	4398                	lw	a4,0(a5)
 3b4:	010006b7          	lui	a3,0x1000
 3b8:	8f55                	or	a4,a4,a3
 3ba:	c398                	sw	a4,0(a5)
 3bc:	4398                	lw	a4,0(a5)
 3be:	00671693          	slli	a3,a4,0x6
 3c2:	fe06dde3          	bgez	a3,3bc <SystemInit+0x104>
 3c6:	43d8                	lw	a4,4(a5)
 3c8:	400216b7          	lui	a3,0x40021
 3cc:	9b71                	andi	a4,a4,-4
 3ce:	c3d8                	sw	a4,4(a5)
 3d0:	43d8                	lw	a4,4(a5)
 3d2:	00276713          	ori	a4,a4,2
 3d6:	c3d8                	sw	a4,4(a5)
 3d8:	4721                	li	a4,8
 3da:	42dc                	lw	a5,4(a3)
 3dc:	8bb1                	andi	a5,a5,12
 3de:	fee79ee3          	bne	a5,a4,3da <SystemInit+0x122>
 3e2:	0121                	addi	sp,sp,8
 3e4:	b1d9                	j	aa <__riscv_restore_0>
 3e6:	c202                	sw	zero,4(sp)
 3e8:	bf59                	j	37e <SystemInit+0xc6>

000003ea <SystemCoreClockUpdate>:
 3ea:	cb7ff2ef          	jal	t0,a0 <__riscv_save_0>
 3ee:	40021737          	lui	a4,0x40021
 3f2:	435c                	lw	a5,4(a4)
 3f4:	20000437          	lui	s0,0x20000
 3f8:	4691                	li	a3,4
 3fa:	8bb1                	andi	a5,a5,12
 3fc:	01440413          	addi	s0,s0,20 # 20000014 <SystemCoreClock>
 400:	00d78563          	beq	a5,a3,40a <SystemCoreClockUpdate+0x20>
 404:	46a1                	li	a3,8
 406:	04d78063          	beq	a5,a3,446 <SystemCoreClockUpdate+0x5c>
 40a:	016e37b7          	lui	a5,0x16e3
 40e:	60078793          	addi	a5,a5,1536 # 16e3600 <_data_lma+0x16e26b4>
 412:	c01c                	sw	a5,0(s0)
 414:	400216b7          	lui	a3,0x40021
 418:	42dc                	lw	a5,4(a3)
 41a:	4008                	lw	a0,0(s0)
 41c:	8391                	srli	a5,a5,0x4
 41e:	00f7f713          	andi	a4,a5,15
 422:	200007b7          	lui	a5,0x20000
 426:	00478793          	addi	a5,a5,4 # 20000004 <AHBPrescTable>
 42a:	97ba                	add	a5,a5,a4
 42c:	238c                	lbu	a1,0(a5)
 42e:	42dc                	lw	a5,4(a3)
 430:	0ff5f593          	andi	a1,a1,255
 434:	0807f793          	andi	a5,a5,128
 438:	00b55733          	srl	a4,a0,a1
 43c:	e399                	bnez	a5,442 <SystemCoreClockUpdate+0x58>
 43e:	39bd                	jal	bc <__udivsi3>
 440:	872a                	mv	a4,a0
 442:	c018                	sw	a4,0(s0)
 444:	b19d                	j	aa <__riscv_restore_0>
 446:	435c                	lw	a5,4(a4)
 448:	02dc77b7          	lui	a5,0x2dc7
 44c:	c0078793          	addi	a5,a5,-1024 # 2dc6c00 <_data_lma+0x2dc5cb4>
 450:	b7c9                	j	412 <SystemCoreClockUpdate+0x28>

00000452 <ADC1_IRQHandler>:
 452:	a001                	j	452 <ADC1_IRQHandler>

00000454 <handle_reset>:
 454:	20000197          	auipc	gp,0x20000
 458:	3ec18193          	addi	gp,gp,1004 # 20000840 <__global_pointer$>
 45c:	fc018113          	addi	sp,gp,-64 # 20000800 <_eusrstack>
 460:	0a000513          	li	a0,160
 464:	20000597          	auipc	a1,0x20000
 468:	b9c58593          	addi	a1,a1,-1124 # 20000000 <_highcode_vma_end>
 46c:	20000617          	auipc	a2,0x20000
 470:	b9460613          	addi	a2,a2,-1132 # 20000000 <_highcode_vma_end>
 474:	00c5fa63          	bgeu	a1,a2,488 <handle_reset+0x34>
 478:	00052283          	lw	t0,0(a0)
 47c:	0055a023          	sw	t0,0(a1)
 480:	0511                	addi	a0,a0,4
 482:	0591                	addi	a1,a1,4
 484:	fec5eae3          	bltu	a1,a2,478 <handle_reset+0x24>
 488:	00001517          	auipc	a0,0x1
 48c:	ac450513          	addi	a0,a0,-1340 # f4c <_data_lma>
 490:	20000597          	auipc	a1,0x20000
 494:	b7058593          	addi	a1,a1,-1168 # 20000000 <_highcode_vma_end>
 498:	20000617          	auipc	a2,0x20000
 49c:	ba860613          	addi	a2,a2,-1112 # 20000040 <_edata>
 4a0:	00c5fa63          	bgeu	a1,a2,4b4 <handle_reset+0x60>
 4a4:	00052283          	lw	t0,0(a0)
 4a8:	0055a023          	sw	t0,0(a1)
 4ac:	0511                	addi	a0,a0,4
 4ae:	0591                	addi	a1,a1,4
 4b0:	fec5eae3          	bltu	a1,a2,4a4 <handle_reset+0x50>
 4b4:	20000517          	auipc	a0,0x20000
 4b8:	b8c50513          	addi	a0,a0,-1140 # 20000040 <_edata>
 4bc:	80c18593          	addi	a1,gp,-2036 # 2000004c <_ebss>
 4c0:	00b57763          	bgeu	a0,a1,4ce <handle_reset+0x7a>
 4c4:	00052023          	sw	zero,0(a0)
 4c8:	0511                	addi	a0,a0,4
 4ca:	feb56de3          	bltu	a0,a1,4c4 <handle_reset+0x70>
 4ce:	000022b7          	lui	t0,0x2
 4d2:	88028293          	addi	t0,t0,-1920 # 1880 <_data_lma+0x934>
 4d6:	30029073          	csrw	mstatus,t0
 4da:	428d                	li	t0,3
 4dc:	80429073          	csrw	0x804,t0
 4e0:	00000297          	auipc	t0,0x0
 4e4:	b2028293          	addi	t0,t0,-1248 # 0 <_sinit>
 4e8:	0032e293          	ori	t0,t0,3
 4ec:	30529073          	csrw	mtvec,t0
 4f0:	dc9ff0ef          	jal	ra,2b8 <SystemInit>
 4f4:	00000297          	auipc	t0,0x0
 4f8:	d3a28293          	addi	t0,t0,-710 # 22e <main>
 4fc:	34129073          	csrw	mepc,t0
 500:	30200073          	mret

00000504 <DBGMCU_GetCHIPID>:
 504:	1ffff7b7          	lui	a5,0x1ffff
 508:	7c47a503          	lw	a0,1988(a5) # 1ffff7c4 <_data_lma+0x1fffe878>
 50c:	8082                	ret

0000050e <GPIO_Init>:
 50e:	4594                	lw	a3,8(a1)
 510:	0106f793          	andi	a5,a3,16
 514:	00f6f293          	andi	t0,a3,15
 518:	c781                	beqz	a5,520 <GPIO_Init+0x12>
 51a:	41dc                	lw	a5,4(a1)
 51c:	00f2e2b3          	or	t0,t0,a5
 520:	0005d383          	lhu	t2,0(a1)
 524:	0ff3f793          	andi	a5,t2,255
 528:	c3a5                	beqz	a5,588 <GPIO_Init+0x7a>
 52a:	00052303          	lw	t1,0(a0)
 52e:	1161                	addi	sp,sp,-8
 530:	c222                	sw	s0,4(sp)
 532:	c026                	sw	s1,0(sp)
 534:	4781                	li	a5,0
 536:	02800413          	li	s0,40
 53a:	04800493          	li	s1,72
 53e:	4705                	li	a4,1
 540:	00f71633          	sll	a2,a4,a5
 544:	00c3f733          	and	a4,t2,a2
 548:	02e61263          	bne	a2,a4,56c <GPIO_Init+0x5e>
 54c:	00279593          	slli	a1,a5,0x2
 550:	473d                	li	a4,15
 552:	00b71733          	sll	a4,a4,a1
 556:	fff74713          	not	a4,a4
 55a:	00677333          	and	t1,a4,t1
 55e:	00b295b3          	sll	a1,t0,a1
 562:	0065e333          	or	t1,a1,t1
 566:	00869d63          	bne	a3,s0,580 <GPIO_Init+0x72>
 56a:	c950                	sw	a2,20(a0)
 56c:	0785                	addi	a5,a5,1
 56e:	4721                	li	a4,8
 570:	fce797e3          	bne	a5,a4,53e <GPIO_Init+0x30>
 574:	4412                	lw	s0,4(sp)
 576:	00652023          	sw	t1,0(a0)
 57a:	4482                	lw	s1,0(sp)
 57c:	0121                	addi	sp,sp,8
 57e:	8082                	ret
 580:	fe9696e3          	bne	a3,s1,56c <GPIO_Init+0x5e>
 584:	c910                	sw	a2,16(a0)
 586:	b7dd                	j	56c <GPIO_Init+0x5e>
 588:	8082                	ret

0000058a <GPIO_SetBits>:
 58a:	c90c                	sw	a1,16(a0)
 58c:	8082                	ret

0000058e <GPIO_ResetBits>:
 58e:	c94c                	sw	a1,20(a0)
 590:	8082                	ret

00000592 <NVIC_PriorityGroupConfig>:
 592:	200007b7          	lui	a5,0x20000
 596:	04a7a223          	sw	a0,68(a5) # 20000044 <NVIC_Priority_Group>
 59a:	8082                	ret

0000059c <RCC_AdjustHSICalibrationValue>:
 59c:	40021737          	lui	a4,0x40021
 5a0:	431c                	lw	a5,0(a4)
 5a2:	050e                	slli	a0,a0,0x3
 5a4:	f077f793          	andi	a5,a5,-249
 5a8:	8d5d                	or	a0,a0,a5
 5aa:	c308                	sw	a0,0(a4)
 5ac:	8082                	ret

000005ae <RCC_GetClocksFreq>:
 5ae:	af3ff2ef          	jal	t0,a0 <__riscv_save_0>
 5b2:	40021737          	lui	a4,0x40021
 5b6:	435c                	lw	a5,4(a4)
 5b8:	4691                	li	a3,4
 5ba:	842a                	mv	s0,a0
 5bc:	8bb1                	andi	a5,a5,12
 5be:	00d78563          	beq	a5,a3,5c8 <RCC_GetClocksFreq+0x1a>
 5c2:	46a1                	li	a3,8
 5c4:	06d78d63          	beq	a5,a3,63e <RCC_GetClocksFreq+0x90>
 5c8:	016e37b7          	lui	a5,0x16e3
 5cc:	60078793          	addi	a5,a5,1536 # 16e3600 <_data_lma+0x16e26b4>
 5d0:	c01c                	sw	a5,0(s0)
 5d2:	400216b7          	lui	a3,0x40021
 5d6:	42dc                	lw	a5,4(a3)
 5d8:	8391                	srli	a5,a5,0x4
 5da:	00f7f713          	andi	a4,a5,15
 5de:	200007b7          	lui	a5,0x20000
 5e2:	02c78793          	addi	a5,a5,44 # 2000002c <APBAHBPrescTable>
 5e6:	97ba                	add	a5,a5,a4
 5e8:	238c                	lbu	a1,0(a5)
 5ea:	42dc                	lw	a5,4(a3)
 5ec:	4018                	lw	a4,0(s0)
 5ee:	0ff5f593          	andi	a1,a1,255
 5f2:	0807f793          	andi	a5,a5,128
 5f6:	00b75533          	srl	a0,a4,a1
 5fa:	e399                	bnez	a5,600 <RCC_GetClocksFreq+0x52>
 5fc:	853a                	mv	a0,a4
 5fe:	3c7d                	jal	bc <__udivsi3>
 600:	c048                	sw	a0,4(s0)
 602:	c408                	sw	a0,8(s0)
 604:	c448                	sw	a0,12(s0)
 606:	400217b7          	lui	a5,0x40021
 60a:	43dc                	lw	a5,4(a5)
 60c:	468d                	li	a3,3
 60e:	83ad                	srli	a5,a5,0xb
 610:	8bfd                	andi	a5,a5,31
 612:	0037d713          	srli	a4,a5,0x3
 616:	078a                	slli	a5,a5,0x2
 618:	8bf1                	andi	a5,a5,28
 61a:	8fd9                	or	a5,a5,a4
 61c:	0137f613          	andi	a2,a5,19
 620:	0037f713          	andi	a4,a5,3
 624:	00c6f463          	bgeu	a3,a2,62c <RCC_GetClocksFreq+0x7e>
 628:	ff478713          	addi	a4,a5,-12 # 40020ff4 <__global_pointer$+0x200207b4>
 62c:	200007b7          	lui	a5,0x20000
 630:	01878793          	addi	a5,a5,24 # 20000018 <ADCPrescTable>
 634:	97ba                	add	a5,a5,a4
 636:	238c                	lbu	a1,0(a5)
 638:	3451                	jal	bc <__udivsi3>
 63a:	c808                	sw	a0,16(s0)
 63c:	b4bd                	j	aa <__riscv_restore_0>
 63e:	435c                	lw	a5,4(a4)
 640:	02dc77b7          	lui	a5,0x2dc7
 644:	c0078793          	addi	a5,a5,-1024 # 2dc6c00 <_data_lma+0x2dc5cb4>
 648:	b761                	j	5d0 <RCC_GetClocksFreq+0x22>

0000064a <RCC_APB2PeriphClockCmd>:
 64a:	c599                	beqz	a1,658 <RCC_APB2PeriphClockCmd+0xe>
 64c:	40021737          	lui	a4,0x40021
 650:	4f1c                	lw	a5,24(a4)
 652:	8d5d                	or	a0,a0,a5
 654:	cf08                	sw	a0,24(a4)
 656:	8082                	ret
 658:	400217b7          	lui	a5,0x40021
 65c:	4f98                	lw	a4,24(a5)
 65e:	fff54513          	not	a0,a0
 662:	8d79                	and	a0,a0,a4
 664:	cf88                	sw	a0,24(a5)
 666:	8082                	ret

00000668 <SPI_Init>:
 668:	211a                	lhu	a4,0(a0)
 66a:	678d                	lui	a5,0x3
 66c:	04078793          	addi	a5,a5,64 # 3040 <_data_lma+0x20f4>
 670:	21b6                	lhu	a3,2(a1)
 672:	8f7d                	and	a4,a4,a5
 674:	219e                	lhu	a5,0(a1)
 676:	8fd5                	or	a5,a5,a3
 678:	21d6                	lhu	a3,4(a1)
 67a:	8fd5                	or	a5,a5,a3
 67c:	21f6                	lhu	a3,6(a1)
 67e:	8fd5                	or	a5,a5,a3
 680:	2596                	lhu	a3,8(a1)
 682:	8fd5                	or	a5,a5,a3
 684:	25b6                	lhu	a3,10(a1)
 686:	8fd5                	or	a5,a5,a3
 688:	25d6                	lhu	a3,12(a1)
 68a:	8fd5                	or	a5,a5,a3
 68c:	25f6                	lhu	a3,14(a1)
 68e:	8fd5                	or	a5,a5,a3
 690:	8fd9                	or	a5,a5,a4
 692:	a11e                	sh	a5,0(a0)
 694:	299e                	lhu	a5,16(a1)
 696:	a91e                	sh	a5,16(a0)
 698:	8082                	ret

0000069a <SPI_Cmd>:
 69a:	211e                	lhu	a5,0(a0)
 69c:	c589                	beqz	a1,6a6 <SPI_Cmd+0xc>
 69e:	0407e793          	ori	a5,a5,64
 6a2:	a11e                	sh	a5,0(a0)
 6a4:	8082                	ret
 6a6:	07c2                	slli	a5,a5,0x10
 6a8:	83c1                	srli	a5,a5,0x10
 6aa:	fbf7f793          	andi	a5,a5,-65
 6ae:	07c2                	slli	a5,a5,0x10
 6b0:	83c1                	srli	a5,a5,0x10
 6b2:	bfc5                	j	6a2 <SPI_Cmd+0x8>

000006b4 <SPI_I2S_SendData>:
 6b4:	a54e                	sh	a1,12(a0)
 6b6:	8082                	ret

000006b8 <SPI_I2S_GetFlagStatus>:
 6b8:	250a                	lhu	a0,8(a0)
 6ba:	8d6d                	and	a0,a0,a1
 6bc:	00a03533          	snez	a0,a0
 6c0:	8082                	ret

000006c2 <USART_Init>:
 6c2:	9dfff2ef          	jal	t0,a0 <__riscv_save_0>
 6c6:	2916                	lhu	a3,16(a0)
 6c8:	77f5                	lui	a5,0xffffd
 6ca:	17fd                	addi	a5,a5,-1
 6cc:	8ff5                	and	a5,a5,a3
 6ce:	21f6                	lhu	a3,6(a1)
 6d0:	25da                	lhu	a4,12(a1)
 6d2:	1121                	addi	sp,sp,-24
 6d4:	8fd5                	or	a5,a5,a3
 6d6:	a91e                	sh	a5,16(a0)
 6d8:	2556                	lhu	a3,12(a0)
 6da:	77fd                	lui	a5,0xfffff
 6dc:	9f378793          	addi	a5,a5,-1549 # ffffe9f3 <__global_pointer$+0xdfffe1b3>
 6e0:	8ff5                	and	a5,a5,a3
 6e2:	21d6                	lhu	a3,4(a1)
 6e4:	842a                	mv	s0,a0
 6e6:	c02e                	sw	a1,0(sp)
 6e8:	8fd5                	or	a5,a5,a3
 6ea:	2596                	lhu	a3,8(a1)
 6ec:	8fd5                	or	a5,a5,a3
 6ee:	25b6                	lhu	a3,10(a1)
 6f0:	8fd5                	or	a5,a5,a3
 6f2:	a55e                	sh	a5,12(a0)
 6f4:	295e                	lhu	a5,20(a0)
 6f6:	07c2                	slli	a5,a5,0x10
 6f8:	83c1                	srli	a5,a5,0x10
 6fa:	cff7f793          	andi	a5,a5,-769
 6fe:	8f5d                	or	a4,a4,a5
 700:	a95a                	sh	a4,20(a0)
 702:	0048                	addi	a0,sp,4
 704:	356d                	jal	5ae <RCC_GetClocksFreq>
 706:	400147b7          	lui	a5,0x40014
 70a:	80078793          	addi	a5,a5,-2048 # 40013800 <__global_pointer$+0x20012fc0>
 70e:	4582                	lw	a1,0(sp)
 710:	04f41d63          	bne	s0,a5,76a <USART_Init+0xa8>
 714:	47c2                	lw	a5,16(sp)
 716:	245a                	lhu	a4,12(s0)
 718:	00179513          	slli	a0,a5,0x1
 71c:	953e                	add	a0,a0,a5
 71e:	0742                	slli	a4,a4,0x10
 720:	050e                	slli	a0,a0,0x3
 722:	8741                	srai	a4,a4,0x10
 724:	953e                	add	a0,a0,a5
 726:	418c                	lw	a1,0(a1)
 728:	04075363          	bgez	a4,76e <USART_Init+0xac>
 72c:	0586                	slli	a1,a1,0x1
 72e:	3279                	jal	bc <__udivsi3>
 730:	06400593          	li	a1,100
 734:	c02a                	sw	a0,0(sp)
 736:	3259                	jal	bc <__udivsi3>
 738:	4782                	lw	a5,0(sp)
 73a:	00451493          	slli	s1,a0,0x4
 73e:	06400593          	li	a1,100
 742:	853e                	mv	a0,a5
 744:	3255                	jal	e8 <__umodsi3>
 746:	245e                	lhu	a5,12(s0)
 748:	07c2                	slli	a5,a5,0x10
 74a:	87c1                	srai	a5,a5,0x10
 74c:	0207d363          	bgez	a5,772 <USART_Init+0xb0>
 750:	050e                	slli	a0,a0,0x3
 752:	06400593          	li	a1,100
 756:	03250513          	addi	a0,a0,50
 75a:	328d                	jal	bc <__udivsi3>
 75c:	891d                	andi	a0,a0,7
 75e:	8cc9                	or	s1,s1,a0
 760:	04c2                	slli	s1,s1,0x10
 762:	80c1                	srli	s1,s1,0x10
 764:	a406                	sh	s1,8(s0)
 766:	0161                	addi	sp,sp,24
 768:	b289                	j	aa <__riscv_restore_0>
 76a:	47b2                	lw	a5,12(sp)
 76c:	b76d                	j	716 <USART_Init+0x54>
 76e:	058a                	slli	a1,a1,0x2
 770:	bf7d                	j	72e <USART_Init+0x6c>
 772:	0512                	slli	a0,a0,0x4
 774:	06400593          	li	a1,100
 778:	03250513          	addi	a0,a0,50
 77c:	3281                	jal	bc <__udivsi3>
 77e:	893d                	andi	a0,a0,15
 780:	bff9                	j	75e <USART_Init+0x9c>

00000782 <USART_Cmd>:
 782:	c591                	beqz	a1,78e <USART_Cmd+0xc>
 784:	255e                	lhu	a5,12(a0)
 786:	6709                	lui	a4,0x2
 788:	8fd9                	or	a5,a5,a4
 78a:	a55e                	sh	a5,12(a0)
 78c:	8082                	ret
 78e:	255a                	lhu	a4,12(a0)
 790:	77f9                	lui	a5,0xffffe
 792:	17fd                	addi	a5,a5,-1
 794:	8ff9                	and	a5,a5,a4
 796:	bfd5                	j	78a <USART_Cmd+0x8>

00000798 <USART_SendData>:
 798:	1ff5f593          	andi	a1,a1,511
 79c:	a14e                	sh	a1,4(a0)
 79e:	8082                	ret

000007a0 <USART_GetFlagStatus>:
 7a0:	210a                	lhu	a0,0(a0)
 7a2:	8d6d                	and	a0,a0,a1
 7a4:	00a03533          	snez	a0,a0
 7a8:	8082                	ret

000007aa <Delay_Init>:
 7aa:	8f7ff2ef          	jal	t0,a0 <__riscv_save_0>
 7ae:	200007b7          	lui	a5,0x20000
 7b2:	0147a503          	lw	a0,20(a5) # 20000014 <SystemCoreClock>
 7b6:	007a15b7          	lui	a1,0x7a1
 7ba:	20058593          	addi	a1,a1,512 # 7a1200 <_data_lma+0x7a02b4>
 7be:	8ffff0ef          	jal	ra,bc <__udivsi3>
 7c2:	0ff57513          	andi	a0,a0,255
 7c6:	80a18523          	sb	a0,-2038(gp) # 2000004a <p_us>
 7ca:	00551793          	slli	a5,a0,0x5
 7ce:	8f89                	sub	a5,a5,a0
 7d0:	078a                	slli	a5,a5,0x2
 7d2:	953e                	add	a0,a0,a5
 7d4:	050e                	slli	a0,a0,0x3
 7d6:	80a19423          	sh	a0,-2040(gp) # 20000048 <p_ms>
 7da:	8d1ff06f          	j	aa <__riscv_restore_0>

000007de <USART_Printf_Init>:
 7de:	8c3ff2ef          	jal	t0,a0 <__riscv_save_0>
 7e2:	842a                	mv	s0,a0
 7e4:	6511                	lui	a0,0x4
 7e6:	1111                	addi	sp,sp,-28
 7e8:	4585                	li	a1,1
 7ea:	02050513          	addi	a0,a0,32 # 4020 <_data_lma+0x30d4>
 7ee:	3db1                	jal	64a <RCC_APB2PeriphClockCmd>
 7f0:	02000793          	li	a5,32
 7f4:	807c                	sh	a5,0(sp)
 7f6:	40011537          	lui	a0,0x40011
 7fa:	478d                	li	a5,3
 7fc:	c23e                	sw	a5,4(sp)
 7fe:	858a                	mv	a1,sp
 800:	47e1                	li	a5,24
 802:	40050513          	addi	a0,a0,1024 # 40011400 <__global_pointer$+0x20010bc0>
 806:	c43e                	sw	a5,8(sp)
 808:	3319                	jal	50e <GPIO_Init>
 80a:	c622                	sw	s0,12(sp)
 80c:	40014437          	lui	s0,0x40014
 810:	000807b7          	lui	a5,0x80
 814:	006c                	addi	a1,sp,12
 816:	80040513          	addi	a0,s0,-2048 # 40013800 <__global_pointer$+0x20012fc0>
 81a:	ca3e                	sw	a5,20(sp)
 81c:	c802                	sw	zero,16(sp)
 81e:	00011c23          	sh	zero,24(sp)
 822:	3545                	jal	6c2 <USART_Init>
 824:	4585                	li	a1,1
 826:	80040513          	addi	a0,s0,-2048
 82a:	3fa1                	jal	782 <USART_Cmd>
 82c:	0171                	addi	sp,sp,28
 82e:	87dff06f          	j	aa <__riscv_restore_0>

00000832 <_write>:
 832:	86fff2ef          	jal	t0,a0 <__riscv_save_0>
 836:	1171                	addi	sp,sp,-4
 838:	84ae                	mv	s1,a1
 83a:	4401                	li	s0,0
 83c:	02c45d63          	bge	s0,a2,876 <_write+0x44>
 840:	400147b7          	lui	a5,0x40014
 844:	80078713          	addi	a4,a5,-2048 # 40013800 <__global_pointer$+0x20012fc0>
 848:	853a                	mv	a0,a4
 84a:	04000593          	li	a1,64
 84e:	c032                	sw	a2,0(sp)
 850:	3f81                	jal	7a0 <USART_GetFlagStatus>
 852:	400147b7          	lui	a5,0x40014
 856:	80078713          	addi	a4,a5,-2048 # 40013800 <__global_pointer$+0x20012fc0>
 85a:	4602                	lw	a2,0(sp)
 85c:	d575                	beqz	a0,848 <_write+0x16>
 85e:	00848733          	add	a4,s1,s0
 862:	00070583          	lb	a1,0(a4) # 2000 <_data_lma+0x10b4>
 866:	80078513          	addi	a0,a5,-2048
 86a:	0405                	addi	s0,s0,1
 86c:	05c2                	slli	a1,a1,0x10
 86e:	81c1                	srli	a1,a1,0x10
 870:	3725                	jal	798 <USART_SendData>
 872:	4602                	lw	a2,0(sp)
 874:	b7e1                	j	83c <_write+0xa>
 876:	8532                	mv	a0,a2
 878:	0111                	addi	sp,sp,4
 87a:	831ff06f          	j	aa <__riscv_restore_0>

0000087e <printchar>:
 87e:	1141                	addi	sp,sp,-16
 880:	c606                	sw	ra,12(sp)
 882:	c02e                	sw	a1,0(sp)
 884:	cd0d                	beqz	a0,8be <printchar+0x40>
 886:	4118                	lw	a4,0(a0)
 888:	87aa                	mv	a5,a0
 88a:	c305                	beqz	a4,8aa <printchar+0x2c>
 88c:	4158                	lw	a4,4(a0)
 88e:	557d                	li	a0,-1
 890:	cb11                	beqz	a4,8a4 <printchar+0x26>
 892:	4685                	li	a3,1
 894:	00d71b63          	bne	a4,a3,8aa <printchar+0x2c>
 898:	4798                	lw	a4,8(a5)
 89a:	00070023          	sb	zero,0(a4)
 89e:	0007a223          	sw	zero,4(a5)
 8a2:	4505                	li	a0,1
 8a4:	40b2                	lw	ra,12(sp)
 8a6:	0141                	addi	sp,sp,16
 8a8:	8082                	ret
 8aa:	4798                	lw	a4,8(a5)
 8ac:	4682                	lw	a3,0(sp)
 8ae:	a314                	sb	a3,0(a4)
 8b0:	4798                	lw	a4,8(a5)
 8b2:	0705                	addi	a4,a4,1
 8b4:	c798                	sw	a4,8(a5)
 8b6:	43d8                	lw	a4,4(a5)
 8b8:	177d                	addi	a4,a4,-1
 8ba:	c3d8                	sw	a4,4(a5)
 8bc:	b7dd                	j	8a2 <printchar+0x24>
 8be:	4605                	li	a2,1
 8c0:	858a                	mv	a1,sp
 8c2:	3f85                	jal	832 <_write>
 8c4:	bff9                	j	8a2 <printchar+0x24>

000008c6 <prints>:
 8c6:	1101                	addi	sp,sp,-32
 8c8:	cc22                	sw	s0,24(sp)
 8ca:	c22e                	sw	a1,4(sp)
 8cc:	ce06                	sw	ra,28(sp)
 8ce:	ca26                	sw	s1,20(sp)
 8d0:	842a                	mv	s0,a0
 8d2:	4781                	li	a5,0
 8d4:	02000593          	li	a1,32
 8d8:	02064563          	bltz	a2,902 <prints+0x3c>
 8dc:	4592                	lw	a1,4(sp)
 8de:	95be                	add	a1,a1,a5
 8e0:	00058583          	lb	a1,0(a1)
 8e4:	e58d                	bnez	a1,90e <prints+0x48>
 8e6:	02c7d863          	bge	a5,a2,916 <prints+0x50>
 8ea:	02e7d463          	bge	a5,a4,912 <prints+0x4c>
 8ee:	8e19                	sub	a2,a2,a4
 8f0:	02000513          	li	a0,32
 8f4:	0026f593          	andi	a1,a3,2
 8f8:	c02a                	sw	a0,0(sp)
 8fa:	c589                	beqz	a1,904 <prints+0x3e>
 8fc:	e701                	bnez	a4,904 <prints+0x3e>
 8fe:	03000593          	li	a1,48
 902:	c02e                	sw	a1,0(sp)
 904:	8a85                	andi	a3,a3,1
 906:	4481                	li	s1,0
 908:	ea95                	bnez	a3,93c <prints+0x76>
 90a:	84b2                	mv	s1,a2
 90c:	a00d                	j	92e <prints+0x68>
 90e:	0785                	addi	a5,a5,1
 910:	b7f1                	j	8dc <prints+0x16>
 912:	8e1d                	sub	a2,a2,a5
 914:	bff1                	j	8f0 <prints+0x2a>
 916:	4601                	li	a2,0
 918:	bfe1                	j	8f0 <prints+0x2a>
 91a:	4582                	lw	a1,0(sp)
 91c:	8522                	mv	a0,s0
 91e:	c83a                	sw	a4,16(sp)
 920:	c632                	sw	a2,12(sp)
 922:	c43e                	sw	a5,8(sp)
 924:	3fa9                	jal	87e <printchar>
 926:	47a2                	lw	a5,8(sp)
 928:	4632                	lw	a2,12(sp)
 92a:	4742                	lw	a4,16(sp)
 92c:	14fd                	addi	s1,s1,-1
 92e:	fe9046e3          	bgtz	s1,91a <prints+0x54>
 932:	84b2                	mv	s1,a2
 934:	00065363          	bgez	a2,93a <prints+0x74>
 938:	4481                	li	s1,0
 93a:	8e05                	sub	a2,a2,s1
 93c:	02e7c763          	blt	a5,a4,96a <prints+0xa4>
 940:	87a6                	mv	a5,s1
 942:	4692                	lw	a3,4(sp)
 944:	40978733          	sub	a4,a5,s1
 948:	9736                	add	a4,a4,a3
 94a:	00070583          	lb	a1,0(a4)
 94e:	ed95                	bnez	a1,98a <prints+0xc4>
 950:	84b2                	mv	s1,a2
 952:	04904463          	bgtz	s1,99a <prints+0xd4>
 956:	00065363          	bgez	a2,95c <prints+0x96>
 95a:	4601                	li	a2,0
 95c:	40f2                	lw	ra,28(sp)
 95e:	4462                	lw	s0,24(sp)
 960:	44d2                	lw	s1,20(sp)
 962:	00f60533          	add	a0,a2,a5
 966:	6105                	addi	sp,sp,32
 968:	8082                	ret
 96a:	8f1d                	sub	a4,a4,a5
 96c:	87ba                	mv	a5,a4
 96e:	03000593          	li	a1,48
 972:	8522                	mv	a0,s0
 974:	c832                	sw	a2,16(sp)
 976:	c63e                	sw	a5,12(sp)
 978:	c43a                	sw	a4,8(sp)
 97a:	3711                	jal	87e <printchar>
 97c:	47b2                	lw	a5,12(sp)
 97e:	4722                	lw	a4,8(sp)
 980:	4642                	lw	a2,16(sp)
 982:	17fd                	addi	a5,a5,-1
 984:	f7ed                	bnez	a5,96e <prints+0xa8>
 986:	94ba                	add	s1,s1,a4
 988:	bf65                	j	940 <prints+0x7a>
 98a:	8522                	mv	a0,s0
 98c:	c632                	sw	a2,12(sp)
 98e:	c43e                	sw	a5,8(sp)
 990:	35fd                	jal	87e <printchar>
 992:	47a2                	lw	a5,8(sp)
 994:	4632                	lw	a2,12(sp)
 996:	0785                	addi	a5,a5,1
 998:	b76d                	j	942 <prints+0x7c>
 99a:	4582                	lw	a1,0(sp)
 99c:	8522                	mv	a0,s0
 99e:	c432                	sw	a2,8(sp)
 9a0:	c23e                	sw	a5,4(sp)
 9a2:	3df1                	jal	87e <printchar>
 9a4:	14fd                	addi	s1,s1,-1
 9a6:	4622                	lw	a2,8(sp)
 9a8:	4792                	lw	a5,4(sp)
 9aa:	b765                	j	952 <prints+0x8c>

000009ac <printInt>:
 9ac:	7139                	addi	sp,sp,-64
 9ae:	de06                	sw	ra,60(sp)
 9b0:	dc22                	sw	s0,56(sp)
 9b2:	da26                	sw	s1,52(sp)
 9b4:	c23e                	sw	a5,4(sp)
 9b6:	8332                	mv	t1,a2
 9b8:	863a                	mv	a2,a4
 9ba:	ed89                	bnez	a1,9d4 <printInt+0x28>
 9bc:	4692                	lw	a3,4(sp)
 9be:	03000793          	li	a5,48
 9c2:	4701                	li	a4,0
 9c4:	086c                	addi	a1,sp,28
 9c6:	86fc                	sh	a5,28(sp)
 9c8:	3dfd                	jal	8c6 <prints>
 9ca:	50f2                	lw	ra,60(sp)
 9cc:	5462                	lw	s0,56(sp)
 9ce:	54d2                	lw	s1,52(sp)
 9d0:	6121                	addi	sp,sp,64
 9d2:	8082                	ret
 9d4:	84aa                	mv	s1,a0
 9d6:	8436                	mv	s0,a3
 9d8:	87ae                	mv	a5,a1
 9da:	ca91                	beqz	a3,9ee <printInt+0x42>
 9dc:	4729                	li	a4,10
 9de:	4401                	li	s0,0
 9e0:	00e31763          	bne	t1,a4,9ee <printInt+0x42>
 9e4:	0005d563          	bgez	a1,9ee <printInt+0x42>
 9e8:	40b007b3          	neg	a5,a1
 9ec:	4405                	li	s0,1
 9ee:	4686                	lw	a3,64(sp)
 9f0:	020109a3          	sb	zero,51(sp)
 9f4:	03310713          	addi	a4,sp,51
 9f8:	fc668693          	addi	a3,a3,-58 # 40020fc6 <__global_pointer$+0x20020786>
 9fc:	c436                	sw	a3,8(sp)
 9fe:	859a                	mv	a1,t1
 a00:	853e                	mv	a0,a5
 a02:	ca32                	sw	a2,20(sp)
 a04:	c83a                	sw	a4,16(sp)
 a06:	c61a                	sw	t1,12(sp)
 a08:	c03e                	sw	a5,0(sp)
 a0a:	edeff0ef          	jal	ra,e8 <__umodsi3>
 a0e:	46a5                	li	a3,9
 a10:	4782                	lw	a5,0(sp)
 a12:	4332                	lw	t1,12(sp)
 a14:	4742                	lw	a4,16(sp)
 a16:	4652                	lw	a2,20(sp)
 a18:	00a6d463          	bge	a3,a0,a20 <printInt+0x74>
 a1c:	46a2                	lw	a3,8(sp)
 a1e:	9536                	add	a0,a0,a3
 a20:	03050513          	addi	a0,a0,48
 a24:	fff70693          	addi	a3,a4,-1
 a28:	fea70fa3          	sb	a0,-1(a4)
 a2c:	859a                	mv	a1,t1
 a2e:	853e                	mv	a0,a5
 a30:	cc32                	sw	a2,24(sp)
 a32:	ca3a                	sw	a4,20(sp)
 a34:	c81a                	sw	t1,16(sp)
 a36:	c63e                	sw	a5,12(sp)
 a38:	c036                	sw	a3,0(sp)
 a3a:	e82ff0ef          	jal	ra,bc <__udivsi3>
 a3e:	47b2                	lw	a5,12(sp)
 a40:	4342                	lw	t1,16(sp)
 a42:	4752                	lw	a4,20(sp)
 a44:	4662                	lw	a2,24(sp)
 a46:	0467f963          	bgeu	a5,t1,a98 <printInt+0xec>
 a4a:	cc01                	beqz	s0,a62 <printInt+0xb6>
 a4c:	ca29                	beqz	a2,a9e <printInt+0xf2>
 a4e:	4792                	lw	a5,4(sp)
 a50:	8b89                	andi	a5,a5,2
 a52:	c7b1                	beqz	a5,a9e <printInt+0xf2>
 a54:	02d00593          	li	a1,45
 a58:	8526                	mv	a0,s1
 a5a:	c432                	sw	a2,8(sp)
 a5c:	350d                	jal	87e <printchar>
 a5e:	4622                	lw	a2,8(sp)
 a60:	167d                	addi	a2,a2,-1
 a62:	4792                	lw	a5,4(sp)
 a64:	8b91                	andi	a5,a5,4
 a66:	c395                	beqz	a5,a8a <printInt+0xde>
 a68:	4706                	lw	a4,64(sp)
 a6a:	06100793          	li	a5,97
 a6e:	c432                	sw	a2,8(sp)
 a70:	03000593          	li	a1,48
 a74:	8526                	mv	a0,s1
 a76:	02f71e63          	bne	a4,a5,ab2 <printInt+0x106>
 a7a:	3511                	jal	87e <printchar>
 a7c:	07800593          	li	a1,120
 a80:	8526                	mv	a0,s1
 a82:	3bf5                	jal	87e <printchar>
 a84:	4622                	lw	a2,8(sp)
 a86:	0409                	addi	s0,s0,2
 a88:	1679                	addi	a2,a2,-2
 a8a:	4716                	lw	a4,68(sp)
 a8c:	4692                	lw	a3,4(sp)
 a8e:	4582                	lw	a1,0(sp)
 a90:	8526                	mv	a0,s1
 a92:	3d15                	jal	8c6 <prints>
 a94:	9522                	add	a0,a0,s0
 a96:	bf15                	j	9ca <printInt+0x1e>
 a98:	87aa                	mv	a5,a0
 a9a:	4702                	lw	a4,0(sp)
 a9c:	b78d                	j	9fe <printInt+0x52>
 a9e:	4682                	lw	a3,0(sp)
 aa0:	02d00793          	li	a5,45
 aa4:	4401                	li	s0,0
 aa6:	fef68fa3          	sb	a5,-1(a3)
 aaa:	ffe70793          	addi	a5,a4,-2
 aae:	c03e                	sw	a5,0(sp)
 ab0:	bf4d                	j	a62 <printInt+0xb6>
 ab2:	33f1                	jal	87e <printchar>
 ab4:	05800593          	li	a1,88
 ab8:	b7e1                	j	a80 <printInt+0xd4>

00000aba <printLongLongInt>:
 aba:	4501                	li	a0,0
 abc:	8082                	ret

00000abe <printDouble>:
 abe:	4501                	li	a0,0
 ac0:	8082                	ret

00000ac2 <print>:
 ac2:	fd810113          	addi	sp,sp,-40
 ac6:	d022                	sw	s0,32(sp)
 ac8:	ce26                	sw	s1,28(sp)
 aca:	d206                	sw	ra,36(sp)
 acc:	c42a                	sw	a0,8(sp)
 ace:	82ae                	mv	t0,a1
 ad0:	8432                	mv	s0,a2
 ad2:	c602                	sw	zero,12(sp)
 ad4:	4481                	li	s1,0
 ad6:	00028583          	lb	a1,0(t0)
 ada:	ed89                	bnez	a1,af4 <print+0x32>
 adc:	47a2                	lw	a5,8(sp)
 ade:	c781                	beqz	a5,ae6 <print+0x24>
 ae0:	4581                	li	a1,0
 ae2:	853e                	mv	a0,a5
 ae4:	3b69                	jal	87e <printchar>
 ae6:	5092                	lw	ra,36(sp)
 ae8:	5402                	lw	s0,32(sp)
 aea:	8526                	mv	a0,s1
 aec:	44f2                	lw	s1,28(sp)
 aee:	02810113          	addi	sp,sp,40
 af2:	8082                	ret
 af4:	02500793          	li	a5,37
 af8:	00f58863          	beq	a1,a5,b08 <print+0x46>
 afc:	4522                	lw	a0,8(sp)
 afe:	c816                	sw	t0,16(sp)
 b00:	0485                	addi	s1,s1,1
 b02:	3bb5                	jal	87e <printchar>
 b04:	42c2                	lw	t0,16(sp)
 b06:	a839                	j	b24 <print+0x62>
 b08:	00128783          	lb	a5,1(t0)
 b0c:	00128713          	addi	a4,t0,1
 b10:	00b79c63          	bne	a5,a1,b28 <print+0x66>
 b14:	4522                	lw	a0,8(sp)
 b16:	02500593          	li	a1,37
 b1a:	c83a                	sw	a4,16(sp)
 b1c:	338d                	jal	87e <printchar>
 b1e:	4742                	lw	a4,16(sp)
 b20:	0485                	addi	s1,s1,1
 b22:	82ba                	mv	t0,a4
 b24:	0285                	addi	t0,t0,1
 b26:	bf45                	j	ad6 <print+0x14>
 b28:	dbd5                	beqz	a5,adc <print+0x1a>
 b2a:	02b00693          	li	a3,43
 b2e:	04d78963          	beq	a5,a3,b80 <print+0xbe>
 b32:	00f6c863          	blt	a3,a5,b42 <print+0x80>
 b36:	02300693          	li	a3,35
 b3a:	04d78663          	beq	a5,a3,b86 <print+0xc4>
 b3e:	4781                	li	a5,0
 b40:	a005                	j	b60 <print+0x9e>
 b42:	02d00693          	li	a3,45
 b46:	00d78a63          	beq	a5,a3,b5a <print+0x98>
 b4a:	03000693          	li	a3,48
 b4e:	fed798e3          	bne	a5,a3,b3e <print+0x7c>
 b52:	00228713          	addi	a4,t0,2
 b56:	4789                	li	a5,2
 b58:	a021                	j	b60 <print+0x9e>
 b5a:	00228713          	addi	a4,t0,2
 b5e:	4785                	li	a5,1
 b60:	00070683          	lb	a3,0(a4)
 b64:	02b00613          	li	a2,43
 b68:	04c68363          	beq	a3,a2,bae <print+0xec>
 b6c:	02d64163          	blt	a2,a3,b8e <print+0xcc>
 b70:	02300613          	li	a2,35
 b74:	02c68b63          	beq	a3,a2,baa <print+0xe8>
 b78:	82ba                	mv	t0,a4
 b7a:	4501                	li	a0,0
 b7c:	46a5                	li	a3,9
 b7e:	a081                	j	bbe <print+0xfc>
 b80:	00228713          	addi	a4,t0,2
 b84:	bf6d                	j	b3e <print+0x7c>
 b86:	00228713          	addi	a4,t0,2
 b8a:	4791                	li	a5,4
 b8c:	bfd1                	j	b60 <print+0x9e>
 b8e:	02d00613          	li	a2,45
 b92:	00c68963          	beq	a3,a2,ba4 <print+0xe2>
 b96:	03000613          	li	a2,48
 b9a:	fcc69fe3          	bne	a3,a2,b78 <print+0xb6>
 b9e:	0027e793          	ori	a5,a5,2
 ba2:	a031                	j	bae <print+0xec>
 ba4:	0705                	addi	a4,a4,1
 ba6:	4785                	li	a5,1
 ba8:	bfc1                	j	b78 <print+0xb6>
 baa:	0047e793          	ori	a5,a5,4
 bae:	0705                	addi	a4,a4,1
 bb0:	b7e1                	j	b78 <print+0xb6>
 bb2:	00251613          	slli	a2,a0,0x2
 bb6:	9532                	add	a0,a0,a2
 bb8:	0506                	slli	a0,a0,0x1
 bba:	953a                	add	a0,a0,a4
 bbc:	0285                	addi	t0,t0,1
 bbe:	00028603          	lb	a2,0(t0)
 bc2:	fd060713          	addi	a4,a2,-48
 bc6:	0ff77593          	andi	a1,a4,255
 bca:	feb6f4e3          	bgeu	a3,a1,bb2 <print+0xf0>
 bce:	02e00713          	li	a4,46
 bd2:	4699                	li	a3,6
 bd4:	00e61e63          	bne	a2,a4,bf0 <print+0x12e>
 bd8:	0285                	addi	t0,t0,1
 bda:	4681                	li	a3,0
 bdc:	45a5                	li	a1,9
 bde:	00028603          	lb	a2,0(t0)
 be2:	fd060613          	addi	a2,a2,-48
 be6:	0ff67713          	andi	a4,a2,255
 bea:	02e5f563          	bgeu	a1,a4,c14 <print+0x152>
 bee:	c636                	sw	a3,12(sp)
 bf0:	00028703          	lb	a4,0(t0)
 bf4:	06a00613          	li	a2,106
 bf8:	0ac70d63          	beq	a4,a2,cb2 <print+0x1f0>
 bfc:	02e64363          	blt	a2,a4,c22 <print+0x160>
 c00:	04c00613          	li	a2,76
 c04:	0ac70763          	beq	a4,a2,cb2 <print+0x1f0>
 c08:	06800613          	li	a2,104
 c0c:	08c70c63          	beq	a4,a2,ca4 <print+0x1e2>
 c10:	4581                	li	a1,0
 c12:	a82d                	j	c4c <print+0x18a>
 c14:	00269713          	slli	a4,a3,0x2
 c18:	96ba                	add	a3,a3,a4
 c1a:	0686                	slli	a3,a3,0x1
 c1c:	96b2                	add	a3,a3,a2
 c1e:	0285                	addi	t0,t0,1
 c20:	bf7d                	j	bde <print+0x11c>
 c22:	07400613          	li	a2,116
 c26:	08c70663          	beq	a4,a2,cb2 <print+0x1f0>
 c2a:	07a00613          	li	a2,122
 c2e:	08c70263          	beq	a4,a2,cb2 <print+0x1f0>
 c32:	06c00613          	li	a2,108
 c36:	4581                	li	a1,0
 c38:	00c71a63          	bne	a4,a2,c4c <print+0x18a>
 c3c:	00128603          	lb	a2,1(t0)
 c40:	458d                	li	a1,3
 c42:	00e61463          	bne	a2,a4,c4a <print+0x188>
 c46:	0285                	addi	t0,t0,1
 c48:	4591                	li	a1,4
 c4a:	0285                	addi	t0,t0,1
 c4c:	00028603          	lb	a2,0(t0)
 c50:	06000393          	li	t2,96
 c54:	06100713          	li	a4,97
 c58:	00c3c463          	blt	t2,a2,c60 <print+0x19e>
 c5c:	04100713          	li	a4,65
 c60:	06700393          	li	t2,103
 c64:	06c3c463          	blt	t2,a2,ccc <print+0x20a>
 c68:	06500393          	li	t2,101
 c6c:	18765363          	bge	a2,t2,df2 <print+0x330>
 c70:	04700393          	li	t2,71
 c74:	04c3c163          	blt	t2,a2,cb6 <print+0x1f4>
 c78:	04500593          	li	a1,69
 c7c:	16b65b63          	bge	a2,a1,df2 <print+0x330>
 c80:	04300713          	li	a4,67
 c84:	eae610e3          	bne	a2,a4,b24 <print+0x62>
 c88:	4018                	lw	a4,0(s0)
 c8a:	00440393          	addi	t2,s0,4
 c8e:	ca16                	sw	t0,20(sp)
 c90:	00e10c23          	sb	a4,24(sp)
 c94:	c81e                	sw	t2,16(sp)
 c96:	00010ca3          	sb	zero,25(sp)
 c9a:	4701                	li	a4,0
 c9c:	86be                	mv	a3,a5
 c9e:	862a                	mv	a2,a0
 ca0:	082c                	addi	a1,sp,24
 ca2:	a849                	j	d34 <print+0x272>
 ca4:	00128603          	lb	a2,1(t0)
 ca8:	4581                	li	a1,0
 caa:	fae611e3          	bne	a2,a4,c4c <print+0x18a>
 cae:	0289                	addi	t0,t0,2
 cb0:	bf71                	j	c4c <print+0x18a>
 cb2:	0285                	addi	t0,t0,1
 cb4:	bfb1                	j	c10 <print+0x14e>
 cb6:	06300693          	li	a3,99
 cba:	fcd607e3          	beq	a2,a3,c88 <print+0x1c6>
 cbe:	06c6ce63          	blt	a3,a2,d3a <print+0x278>
 cc2:	05800693          	li	a3,88
 cc6:	02d60363          	beq	a2,a3,cec <print+0x22a>
 cca:	bda9                	j	b24 <print+0x62>
 ccc:	07300693          	li	a3,115
 cd0:	04d60463          	beq	a2,a3,d18 <print+0x256>
 cd4:	02c6cb63          	blt	a3,a2,d0a <print+0x248>
 cd8:	06f00693          	li	a3,111
 cdc:	0ed60263          	beq	a2,a3,dc0 <print+0x2fe>
 ce0:	07000693          	li	a3,112
 ce4:	0047e793          	ori	a5,a5,4
 ce8:	e2d61ee3          	bne	a2,a3,b24 <print+0x62>
 cec:	4691                	li	a3,4
 cee:	0ad59f63          	bne	a1,a3,dac <print+0x2ea>
 cf2:	00840393          	addi	t2,s0,8
 cf6:	400c                	lw	a1,0(s0)
 cf8:	4050                	lw	a2,4(s0)
 cfa:	ca16                	sw	t0,20(sp)
 cfc:	c23a                	sw	a4,4(sp)
 cfe:	c03e                	sw	a5,0(sp)
 d00:	c81e                	sw	t2,16(sp)
 d02:	87aa                	mv	a5,a0
 d04:	4701                	li	a4,0
 d06:	46c1                	li	a3,16
 d08:	a0b9                	j	d56 <print+0x294>
 d0a:	07500693          	li	a3,117
 d0e:	06d60863          	beq	a2,a3,d7e <print+0x2bc>
 d12:	07800693          	li	a3,120
 d16:	bf45                	j	cc6 <print+0x204>
 d18:	4018                	lw	a4,0(s0)
 d1a:	000016b7          	lui	a3,0x1
 d1e:	00440393          	addi	t2,s0,4
 d22:	f4468593          	addi	a1,a3,-188 # f44 <digits+0x24>
 d26:	c311                	beqz	a4,d2a <print+0x268>
 d28:	85ba                	mv	a1,a4
 d2a:	4732                	lw	a4,12(sp)
 d2c:	ca16                	sw	t0,20(sp)
 d2e:	c81e                	sw	t2,16(sp)
 d30:	86be                	mv	a3,a5
 d32:	862a                	mv	a2,a0
 d34:	4522                	lw	a0,8(sp)
 d36:	3e41                	jal	8c6 <prints>
 d38:	a00d                	j	d5a <print+0x298>
 d3a:	4691                	li	a3,4
 d3c:	02d59463          	bne	a1,a3,d64 <print+0x2a2>
 d40:	00840393          	addi	t2,s0,8
 d44:	400c                	lw	a1,0(s0)
 d46:	4050                	lw	a2,4(s0)
 d48:	ca16                	sw	t0,20(sp)
 d4a:	c23a                	sw	a4,4(sp)
 d4c:	c03e                	sw	a5,0(sp)
 d4e:	c81e                	sw	t2,16(sp)
 d50:	87aa                	mv	a5,a0
 d52:	4705                	li	a4,1
 d54:	46a9                	li	a3,10
 d56:	4522                	lw	a0,8(sp)
 d58:	338d                	jal	aba <printLongLongInt>
 d5a:	43c2                	lw	t2,16(sp)
 d5c:	94aa                	add	s1,s1,a0
 d5e:	841e                	mv	s0,t2
 d60:	42d2                	lw	t0,20(sp)
 d62:	b3c9                	j	b24 <print+0x62>
 d64:	46b2                	lw	a3,12(sp)
 d66:	400c                	lw	a1,0(s0)
 d68:	c816                	sw	t0,16(sp)
 d6a:	c236                	sw	a3,4(sp)
 d6c:	c03a                	sw	a4,0(sp)
 d6e:	0411                	addi	s0,s0,4
 d70:	872a                	mv	a4,a0
 d72:	4685                	li	a3,1
 d74:	4629                	li	a2,10
 d76:	4522                	lw	a0,8(sp)
 d78:	3915                	jal	9ac <printInt>
 d7a:	94aa                	add	s1,s1,a0
 d7c:	b361                	j	b04 <print+0x42>
 d7e:	4691                	li	a3,4
 d80:	00d59d63          	bne	a1,a3,d9a <print+0x2d8>
 d84:	00840393          	addi	t2,s0,8
 d88:	400c                	lw	a1,0(s0)
 d8a:	4050                	lw	a2,4(s0)
 d8c:	ca16                	sw	t0,20(sp)
 d8e:	c23a                	sw	a4,4(sp)
 d90:	c03e                	sw	a5,0(sp)
 d92:	c81e                	sw	t2,16(sp)
 d94:	87aa                	mv	a5,a0
 d96:	4701                	li	a4,0
 d98:	bf75                	j	d54 <print+0x292>
 d9a:	46b2                	lw	a3,12(sp)
 d9c:	400c                	lw	a1,0(s0)
 d9e:	c816                	sw	t0,16(sp)
 da0:	c236                	sw	a3,4(sp)
 da2:	c03a                	sw	a4,0(sp)
 da4:	0411                	addi	s0,s0,4
 da6:	872a                	mv	a4,a0
 da8:	4681                	li	a3,0
 daa:	b7e9                	j	d74 <print+0x2b2>
 dac:	46b2                	lw	a3,12(sp)
 dae:	c816                	sw	t0,16(sp)
 db0:	400c                	lw	a1,0(s0)
 db2:	4641                	li	a2,16
 db4:	c236                	sw	a3,4(sp)
 db6:	c03a                	sw	a4,0(sp)
 db8:	0411                	addi	s0,s0,4
 dba:	872a                	mv	a4,a0
 dbc:	4681                	li	a3,0
 dbe:	bf65                	j	d76 <print+0x2b4>
 dc0:	4691                	li	a3,4
 dc2:	00d59e63          	bne	a1,a3,dde <print+0x31c>
 dc6:	00840393          	addi	t2,s0,8
 dca:	400c                	lw	a1,0(s0)
 dcc:	4050                	lw	a2,4(s0)
 dce:	ca16                	sw	t0,20(sp)
 dd0:	c23a                	sw	a4,4(sp)
 dd2:	c03e                	sw	a5,0(sp)
 dd4:	c81e                	sw	t2,16(sp)
 dd6:	87aa                	mv	a5,a0
 dd8:	4701                	li	a4,0
 dda:	46a1                	li	a3,8
 ddc:	bfad                	j	d56 <print+0x294>
 dde:	46b2                	lw	a3,12(sp)
 de0:	400c                	lw	a1,0(s0)
 de2:	c816                	sw	t0,16(sp)
 de4:	c236                	sw	a3,4(sp)
 de6:	c03a                	sw	a4,0(sp)
 de8:	0411                	addi	s0,s0,4
 dea:	872a                	mv	a4,a0
 dec:	4681                	li	a3,0
 dee:	4621                	li	a2,8
 df0:	b759                	j	d76 <print+0x2b4>
 df2:	400c                	lw	a1,0(s0)
 df4:	00840613          	addi	a2,s0,8
 df8:	4040                	lw	s0,4(s0)
 dfa:	c23a                	sw	a4,4(sp)
 dfc:	872a                	mv	a4,a0
 dfe:	4522                	lw	a0,8(sp)
 e00:	c832                	sw	a2,16(sp)
 e02:	c03e                	sw	a5,0(sp)
 e04:	8622                	mv	a2,s0
 e06:	87b6                	mv	a5,a3
 e08:	46a9                	li	a3,10
 e0a:	ca16                	sw	t0,20(sp)
 e0c:	394d                	jal	abe <printDouble>
 e0e:	94aa                	add	s1,s1,a0
 e10:	4442                	lw	s0,16(sp)
 e12:	b7b9                	j	d60 <print+0x29e>

00000e14 <printf>:
 e14:	fdc10113          	addi	sp,sp,-36
 e18:	c82e                	sw	a1,16(sp)
 e1a:	ca32                	sw	a2,20(sp)
 e1c:	85aa                	mv	a1,a0
 e1e:	0810                	addi	a2,sp,16
 e20:	4501                	li	a0,0
 e22:	c606                	sw	ra,12(sp)
 e24:	cc36                	sw	a3,24(sp)
 e26:	ce3a                	sw	a4,28(sp)
 e28:	d03e                	sw	a5,32(sp)
 e2a:	c032                	sw	a2,0(sp)
 e2c:	3959                	jal	ac2 <print>
 e2e:	40b2                	lw	ra,12(sp)
 e30:	02410113          	addi	sp,sp,36
 e34:	8082                	ret

00000e36 <memcpy>:
 e36:	00a5c7b3          	xor	a5,a1,a0
 e3a:	8b8d                	andi	a5,a5,3
 e3c:	00c50733          	add	a4,a0,a2
 e40:	e781                	bnez	a5,e48 <memcpy+0x12>
 e42:	478d                	li	a5,3
 e44:	02c7e763          	bltu	a5,a2,e72 <memcpy+0x3c>
 e48:	87aa                	mv	a5,a0
 e4a:	0ae57e63          	bgeu	a0,a4,f06 <memcpy+0xd0>
 e4e:	2194                	lbu	a3,0(a1)
 e50:	0785                	addi	a5,a5,1
 e52:	0585                	addi	a1,a1,1
 e54:	fed78fa3          	sb	a3,-1(a5)
 e58:	fee7ebe3          	bltu	a5,a4,e4e <memcpy+0x18>
 e5c:	8082                	ret
 e5e:	2194                	lbu	a3,0(a1)
 e60:	0785                	addi	a5,a5,1
 e62:	0585                	addi	a1,a1,1
 e64:	fed78fa3          	sb	a3,-1(a5)
 e68:	fee7ebe3          	bltu	a5,a4,e5e <memcpy+0x28>
 e6c:	4402                	lw	s0,0(sp)
 e6e:	0111                	addi	sp,sp,4
 e70:	8082                	ret
 e72:	00357693          	andi	a3,a0,3
 e76:	87aa                	mv	a5,a0
 e78:	ca89                	beqz	a3,e8a <memcpy+0x54>
 e7a:	2194                	lbu	a3,0(a1)
 e7c:	0785                	addi	a5,a5,1
 e7e:	0585                	addi	a1,a1,1
 e80:	fed78fa3          	sb	a3,-1(a5)
 e84:	0037f693          	andi	a3,a5,3
 e88:	bfc5                	j	e78 <memcpy+0x42>
 e8a:	ffc77693          	andi	a3,a4,-4
 e8e:	fe068613          	addi	a2,a3,-32
 e92:	06c7f563          	bgeu	a5,a2,efc <memcpy+0xc6>
 e96:	1171                	addi	sp,sp,-4
 e98:	c022                	sw	s0,0(sp)
 e9a:	49c0                	lw	s0,20(a1)
 e9c:	0005a303          	lw	t1,0(a1)
 ea0:	0085a383          	lw	t2,8(a1)
 ea4:	cbc0                	sw	s0,20(a5)
 ea6:	4d80                	lw	s0,24(a1)
 ea8:	0067a023          	sw	t1,0(a5)
 eac:	0045a303          	lw	t1,4(a1)
 eb0:	cf80                	sw	s0,24(a5)
 eb2:	4dc0                	lw	s0,28(a1)
 eb4:	0067a223          	sw	t1,4(a5)
 eb8:	00c5a283          	lw	t0,12(a1)
 ebc:	0105a303          	lw	t1,16(a1)
 ec0:	02458593          	addi	a1,a1,36
 ec4:	cfc0                	sw	s0,28(a5)
 ec6:	ffc5a403          	lw	s0,-4(a1)
 eca:	0077a423          	sw	t2,8(a5)
 ece:	0057a623          	sw	t0,12(a5)
 ed2:	0067a823          	sw	t1,16(a5)
 ed6:	02478793          	addi	a5,a5,36
 eda:	fe87ae23          	sw	s0,-4(a5)
 ede:	fac7eee3          	bltu	a5,a2,e9a <memcpy+0x64>
 ee2:	f8d7f3e3          	bgeu	a5,a3,e68 <memcpy+0x32>
 ee6:	4190                	lw	a2,0(a1)
 ee8:	0791                	addi	a5,a5,4
 eea:	0591                	addi	a1,a1,4
 eec:	fec7ae23          	sw	a2,-4(a5)
 ef0:	bfcd                	j	ee2 <memcpy+0xac>
 ef2:	4190                	lw	a2,0(a1)
 ef4:	0791                	addi	a5,a5,4
 ef6:	0591                	addi	a1,a1,4
 ef8:	fec7ae23          	sw	a2,-4(a5)
 efc:	fed7ebe3          	bltu	a5,a3,ef2 <memcpy+0xbc>
 f00:	f4e7e7e3          	bltu	a5,a4,e4e <memcpy+0x18>
 f04:	8082                	ret
 f06:	8082                	ret
 f08:	0068                	addi	a0,sp,12
 f0a:	0000                	unimp
 f0c:	00000003          	lb	zero,0(zero) # 0 <_sinit>
 f10:	0010                	0x10
 f12:	0000                	unimp
 f14:	0060                	addi	s0,sp,12
 f16:	0000                	unimp
 f18:	00000003          	lb	zero,0(zero) # 0 <_sinit>
 f1c:	0018                	0x18
	...

00000f20 <digits>:
 f20:	0201 0804 7953 7473 6d65 6c43 3a6b 2520     ....SystemClk: %
 f30:	0d64 000a 6843 7069 4449 203a 3025 7838     d...ChipID: %08x
 f40:	0a0d 0000 6e28 6c75 296c 0000               ....(null)..
