
CH32V003F4P-art_4x4_7-seg_LED.elf:     file format elf32-littleriscv
CH32V003F4P-art_4x4_7-seg_LED.elf
architecture: riscv:rv32, flags 0x00000112:
EXEC_P, HAS_SYMS, D_PAGED
start address 0x00000000

Program Header:
    LOAD off    0x00001000 vaddr 0x00000000 paddr 0x00000000 align 2**12
         filesz 0x0000128c memsz 0x0000128c flags r-x
    LOAD off    0x00003000 vaddr 0x20000000 paddr 0x0000128c align 2**12
         filesz 0x00000038 memsz 0x00000048 flags rw-
    LOAD off    0x00003700 vaddr 0x20000700 paddr 0x20000700 align 2**12
         filesz 0x00000000 memsz 0x00000100 flags rw-

Sections:
Idx Name          Size      VMA       LMA       File off  Algn
  0 .init         000000a0  00000000  00000000  00001000  2**2
                  CONTENTS, ALLOC, LOAD, READONLY, CODE
  1 .highcodelalign 00000000  000000a0  000000a0  00003038  2**0
                  CONTENTS
  2 .highcode     00000000  20000000  20000000  00003038  2**0
                  CONTENTS
  3 .text         000011ec  000000a0  000000a0  000010a0  2**2
                  CONTENTS, ALLOC, LOAD, READONLY, CODE
  4 .fini         00000000  0000128c  0000128c  00003038  2**0
                  CONTENTS, ALLOC, LOAD, CODE
  5 .dalign       00000000  20000000  20000000  00003038  2**0
                  CONTENTS
  6 .dlalign      00000000  0000128c  0000128c  00003038  2**0
                  CONTENTS
  7 .data         00000038  20000000  0000128c  00003000  2**2
                  CONTENTS, ALLOC, LOAD, DATA
  8 .bss          00000010  20000038  000012c4  00003038  2**2
                  ALLOC
  9 .stack        00000100  20000700  20000700  00003700  2**0
                  ALLOC
 10 .debug_info   00009a6c  00000000  00000000  00003038  2**0
                  CONTENTS, READONLY, DEBUGGING
 11 .debug_abbrev 00001e38  00000000  00000000  0000caa4  2**0
                  CONTENTS, READONLY, DEBUGGING
 12 .debug_aranges 000004c0  00000000  00000000  0000e8e0  2**3
                  CONTENTS, READONLY, DEBUGGING
 13 .debug_ranges 000004a0  00000000  00000000  0000eda0  2**3
                  CONTENTS, READONLY, DEBUGGING
 14 .debug_line   00006082  00000000  00000000  0000f240  2**0
                  CONTENTS, READONLY, DEBUGGING
 15 .debug_str    000019e7  00000000  00000000  000152c2  2**0
                  CONTENTS, READONLY, DEBUGGING
 16 .comment      00000033  00000000  00000000  00016ca9  2**0
                  CONTENTS, READONLY
 17 .debug_frame  000009a8  00000000  00000000  00016cdc  2**2
                  CONTENTS, READONLY, DEBUGGING
 18 .debug_loc    00001e63  00000000  00000000  00017684  2**0
                  CONTENTS, READONLY, DEBUGGING
SYMBOL TABLE:
00000000 l    d  .init	00000000 .init
000000a0 l    d  .highcodelalign	00000000 .highcodelalign
20000000 l    d  .highcode	00000000 .highcode
000000a0 l    d  .text	00000000 .text
0000128c l    d  .fini	00000000 .fini
20000000 l    d  .dalign	00000000 .dalign
0000128c l    d  .dlalign	00000000 .dlalign
20000000 l    d  .data	00000000 .data
20000038 l    d  .bss	00000000 .bss
20000700 l    d  .stack	00000000 .stack
00000000 l    d  .debug_info	00000000 .debug_info
00000000 l    d  .debug_abbrev	00000000 .debug_abbrev
00000000 l    d  .debug_aranges	00000000 .debug_aranges
00000000 l    d  .debug_ranges	00000000 .debug_ranges
00000000 l    d  .debug_line	00000000 .debug_line
00000000 l    d  .debug_str	00000000 .debug_str
00000000 l    d  .comment	00000000 .comment
00000000 l    d  .debug_frame	00000000 .debug_frame
00000000 l    d  .debug_loc	00000000 .debug_loc
00000000 l    df *ABS*	00000000 ch32v00x_it.c
00000000 l    df *ABS*	00000000 main.c
20000038 l     O .bss	00000004 pos_counter.4090
00001274 l     O .text	00000010 reverse_table
00000000 l    df *ABS*	00000000 system_ch32v00x.c
00000000 l    df *ABS*	00000000 ch32v00x_dbgmcu.c
00000000 l    df *ABS*	00000000 ch32v00x_gpio.c
00000000 l    df *ABS*	00000000 ch32v00x_misc.c
00000000 l    df *ABS*	00000000 ch32v00x_rcc.c
20000014 l     O .data	00000014 ADCPrescTable
20000028 l     O .data	00000010 APBAHBPrescTable
00000000 l    df *ABS*	00000000 ch32v00x_spi.c
00000000 l    df *ABS*	00000000 ch32v00x_usart.c
00000000 l    df *ABS*	00000000 debug.c
20000044 l     O .bss	00000002 p_ms
20000046 l     O .bss	00000001 p_us
00000000 l    df *ABS*	00000000 wchprintf.c
00000000 l    df *ABS*	00000000 memcpy.c
00000df2  w    F .text	00000004 printDouble
00000df6  w    F .text	00000352 print
00001148  w    F .text	00000022 printf
20000838 g       .data	00000000 __global_pointer$
00000778  w      .text	00000000 TIM1_CC_IRQHandler
000009dc g     F .text	00000004 SPI_I2S_SendData
00000134 g     F .text	00000010 HardFault_Handler
00000ce0  w    F .text	0000010e printInt
00000778  w      .text	00000000 SysTick_Handler
00000778  w      .text	00000000 PVD_IRQHandler
00000132 g     F .text	00000002 NMI_Handler
0000082a g     F .text	0000000a DBGMCU_GetCHIPID
00000ad4 g     F .text	0000000a USART_GetFlagStatus
20000038 g       .bss	00000000 _sbss
00000100 g       *ABS*	00000000 __stack_size
00000b12 g     F .text	00000054 USART_Printf_Init
000000aa g     F .text	0000000a .hidden __riscv_restore_2
0000116a g     F .text	000000d2 memcpy
00000dee  w    F .text	00000004 printLongLongInt
2000003c g     O .bss	00000004 ticks_per_us
20000010 g     O .data	00000004 SystemCoreClock
000000bc g     F .text	0000002c .hidden __udivsi3
000000a0 g       .init	00000000 _einit
00000972 g     F .text	0000001e RCC_APB2PeriphClockCmd
00000834 g     F .text	0000007c GPIO_Init
20000040 g     O .bss	00000004 NVIC_Priority_Group
00000778  w      .text	00000000 SPI1_IRQHandler
00000ab6 g     F .text	00000016 USART_Cmd
000000a0 g     F .text	0000000a .hidden __riscv_save_1
000000aa g     F .text	0000000a .hidden __riscv_restore_0
00000778  w      .text	00000000 AWU_IRQHandler
00000778  w      .text	00000000 EXTI7_0_IRQHandler
00000216 g     F .text	0000003e SPI_SR_Send
20000700 g       .stack	00000000 _heap_end
000009e0 g     F .text	0000000a SPI_I2S_GetFlagStatus
00000778  w      .text	00000000 DMA1_Channel4_IRQHandler
00000778  w      .text	00000000 ADC1_IRQHandler
20000048 g       .bss	00000000 _ebss
00000778  w      .text	00000000 DMA1_Channel7_IRQHandler
00000ade g     F .text	00000034 Delay_Init
000008b0 g     F .text	00000004 GPIO_SetBits
000000e8 g     F .text	00000008 .hidden __umodsi3
00000778  w      .text	00000000 I2C1_EV_IRQHandler
000008d0 g     F .text	000000a2 RCC_GetClocksFreq
000001ac g     F .text	0000006a SPI_SR_Init
00000778  w      .text	00000000 DMA1_Channel6_IRQHandler
000009ea g     F .text	000000cc USART_Init
00000778  w      .text	00000000 RCC_IRQHandler
00000254 g     F .text	00000018 SPI_SR_latch
00000778  w      .text	00000000 TIM1_TRG_COM_IRQHandler
00000778  w      .text	00000000 DMA1_Channel1_IRQHandler
00000000 g       .init	00000000 _start
20000000 g     O .data	00000010 AHBPrescTable
00000bfa  w    F .text	000000e6 prints
20000000 g       .highcode	00000000 _highcode_vma_start
000008b4 g     F .text	00000004 GPIO_ResetBits
20000000 g       .dalign	00000000 _data_vma
0000018e g     F .text	0000001e reverse_bits_fast
000008be g     F .text	00000012 RCC_AdjustHSICalibrationValue
0000026c g     F .text	0000036c main
00000178 g     F .text	00000016 micros
00000778  w      .text	00000000 DMA1_Channel5_IRQHandler
000000b4 g     F .text	00000058 .hidden __divsi3
00000144 g     F .text	00000034 SysTick_FreeRunning_Init
000009c2 g     F .text	0000001a SPI_Cmd
000000a0 g       .highcodelalign	00000000 _highcode_lma
000005d8 g     F .text	00000134 SystemInit
00000bb2  w    F .text	00000048 printchar
00000000 g       .init	00000000 _sinit
00000778  w      .text	00000000 DMA1_Channel3_IRQHandler
00000778  w      .text	00000000 TIM1_UP_IRQHandler
00000778  w      .text	00000000 WWDG_IRQHandler
00000778  w      .text	00000000 TIM2_IRQHandler
20000800 g       .stack	00000000 _eusrstack
000000a0 g     F .text	0000000a .hidden __riscv_save_2
00000778  w      .text	00000000 SW_Handler
00000778  w      .text	00000000 TIM1_BRK_IRQHandler
00000acc g     F .text	00000008 USART_SendData
00000b66 g     F .text	0000004c _write
20000038 g       .data	00000000 _edata
20000048 g       .bss	00000000 _end
20000000 g       .highcode	00000000 _highcode_vma_end
0000128c g       .dlalign	00000000 _data_lma
0000070c g     F .text	0000006c SystemCoreClockUpdate
0000010c g     F .text	00000024 .hidden __modsi3
00000778  w      .text	00000000 DMA1_Channel2_IRQHandler
0000077a  w      .text	00000000 handle_reset
00000778  w      .text	00000000 FLASH_IRQHandler
000000a0 g     F .text	0000000a .hidden __riscv_save_0
00000778  w      .text	00000000 USART1_IRQHandler
00001268 g     O .text	0000000a numbrid
00000778  w      .text	00000000 I2C1_ER_IRQHandler
00000990 g     F .text	00000032 SPI_Init
000008b8 g     F .text	00000006 NVIC_PriorityGroupConfig
000000aa g     F .text	0000000a .hidden __riscv_restore_1



Disassembly of section .init:

00000000 <_sinit>:
   0:	77a0006f          	j	77a <handle_reset>
   4:	0000                	unimp
   6:	0000                	unimp
   8:	0132                	slli	sp,sp,0xc
   a:	0000                	unimp
   c:	0134                	addi	a3,sp,136
	...
  2e:	0000                	unimp
  30:	0778                	addi	a4,sp,908
  32:	0000                	unimp
  34:	0000                	unimp
  36:	0000                	unimp
  38:	0778                	addi	a4,sp,908
  3a:	0000                	unimp
  3c:	0000                	unimp
  3e:	0000                	unimp
  40:	0778                	addi	a4,sp,908
  42:	0000                	unimp
  44:	0778                	addi	a4,sp,908
  46:	0000                	unimp
  48:	0778                	addi	a4,sp,908
  4a:	0000                	unimp
  4c:	0778                	addi	a4,sp,908
  4e:	0000                	unimp
  50:	0778                	addi	a4,sp,908
  52:	0000                	unimp
  54:	0778                	addi	a4,sp,908
  56:	0000                	unimp
  58:	0778                	addi	a4,sp,908
  5a:	0000                	unimp
  5c:	0778                	addi	a4,sp,908
  5e:	0000                	unimp
  60:	0778                	addi	a4,sp,908
  62:	0000                	unimp
  64:	0778                	addi	a4,sp,908
  66:	0000                	unimp
  68:	0778                	addi	a4,sp,908
  6a:	0000                	unimp
  6c:	0778                	addi	a4,sp,908
  6e:	0000                	unimp
  70:	0778                	addi	a4,sp,908
  72:	0000                	unimp
  74:	0778                	addi	a4,sp,908
  76:	0000                	unimp
  78:	0778                	addi	a4,sp,908
  7a:	0000                	unimp
  7c:	0778                	addi	a4,sp,908
  7e:	0000                	unimp
  80:	0778                	addi	a4,sp,908
  82:	0000                	unimp
  84:	0778                	addi	a4,sp,908
  86:	0000                	unimp
  88:	0778                	addi	a4,sp,908
  8a:	0000                	unimp
  8c:	0778                	addi	a4,sp,908
  8e:	0000                	unimp
  90:	0778                	addi	a4,sp,908
  92:	0000                	unimp
  94:	0778                	addi	a4,sp,908
  96:	0000                	unimp
  98:	0778                	addi	a4,sp,908
  9a:	0000                	unimp
  9c:	0000                	unimp
	...

Disassembly of section .text:

000000a0 <__riscv_save_0>:
      a0:	1151                	addi	sp,sp,-12
      a2:	c026                	sw	s1,0(sp)
      a4:	c222                	sw	s0,4(sp)
      a6:	c406                	sw	ra,8(sp)
      a8:	8282                	jr	t0

000000aa <__riscv_restore_0>:
      aa:	4482                	lw	s1,0(sp)
      ac:	4412                	lw	s0,4(sp)
      ae:	40a2                	lw	ra,8(sp)
      b0:	0131                	addi	sp,sp,12
      b2:	8082                	ret

000000b4 <__divsi3>:
      b4:	02054e63          	bltz	a0,f0 <__umodsi3+0x8>
      b8:	0405c363          	bltz	a1,fe <__umodsi3+0x16>

000000bc <__udivsi3>:
      bc:	862e                	mv	a2,a1
      be:	85aa                	mv	a1,a0
      c0:	557d                	li	a0,-1
      c2:	c215                	beqz	a2,e6 <__udivsi3+0x2a>
      c4:	4685                	li	a3,1
      c6:	00b67863          	bgeu	a2,a1,d6 <__udivsi3+0x1a>
      ca:	00c05663          	blez	a2,d6 <__udivsi3+0x1a>
      ce:	0606                	slli	a2,a2,0x1
      d0:	0686                	slli	a3,a3,0x1
      d2:	feb66ce3          	bltu	a2,a1,ca <__udivsi3+0xe>
      d6:	4501                	li	a0,0
      d8:	00c5e463          	bltu	a1,a2,e0 <__udivsi3+0x24>
      dc:	8d91                	sub	a1,a1,a2
      de:	8d55                	or	a0,a0,a3
      e0:	8285                	srli	a3,a3,0x1
      e2:	8205                	srli	a2,a2,0x1
      e4:	faf5                	bnez	a3,d8 <__udivsi3+0x1c>
      e6:	8082                	ret

000000e8 <__umodsi3>:
      e8:	8286                	mv	t0,ra
      ea:	3fc9                	jal	bc <__udivsi3>
      ec:	852e                	mv	a0,a1
      ee:	8282                	jr	t0
      f0:	40a00533          	neg	a0,a0
      f4:	0005d763          	bgez	a1,102 <__stack_size+0x2>
      f8:	40b005b3          	neg	a1,a1
      fc:	b7c1                	j	bc <__udivsi3>
      fe:	40b005b3          	neg	a1,a1
     102:	8286                	mv	t0,ra
     104:	3f65                	jal	bc <__udivsi3>
     106:	40a00533          	neg	a0,a0
     10a:	8282                	jr	t0

0000010c <__modsi3>:
     10c:	8286                	mv	t0,ra
     10e:	0005c763          	bltz	a1,11c <__modsi3+0x10>
     112:	00054963          	bltz	a0,124 <__modsi3+0x18>
     116:	375d                	jal	bc <__udivsi3>
     118:	852e                	mv	a0,a1
     11a:	8282                	jr	t0
     11c:	40b005b3          	neg	a1,a1
     120:	fe055be3          	bgez	a0,116 <__modsi3+0xa>
     124:	40a00533          	neg	a0,a0
     128:	3f51                	jal	bc <__udivsi3>
     12a:	40b00533          	neg	a0,a1
     12e:	8282                	jr	t0
	...

00000132 <NMI_Handler>:
     132:	a001                	j	132 <NMI_Handler>

00000134 <HardFault_Handler>:
     134:	beef07b7          	lui	a5,0xbeef0
     138:	e000e737          	lui	a4,0xe000e
     13c:	08078793          	addi	a5,a5,128 # beef0080 <__global_pointer$+0x9eeef848>
     140:	c73c                	sw	a5,72(a4)
     142:	a001                	j	142 <HardFault_Handler+0xe>

00000144 <SysTick_FreeRunning_Init>:
     144:	f5dff2ef          	jal	t0,a0 <__riscv_save_0>
     148:	200007b7          	lui	a5,0x20000
     14c:	0107a503          	lw	a0,16(a5) # 20000010 <SystemCoreClock>
     150:	000f45b7          	lui	a1,0xf4
     154:	24058593          	addi	a1,a1,576 # f4240 <_data_lma+0xf2fb4>
     158:	3795                	jal	bc <__udivsi3>
     15a:	200007b7          	lui	a5,0x20000
     15e:	02a7ae23          	sw	a0,60(a5) # 2000003c <ticks_per_us>
     162:	e000f7b7          	lui	a5,0xe000f
     166:	0007a023          	sw	zero,0(a5) # e000f000 <__global_pointer$+0xc000e7c8>
     16a:	0007a423          	sw	zero,8(a5)
     16e:	577d                	li	a4,-1
     170:	cb98                	sw	a4,16(a5)
     172:	4715                	li	a4,5
     174:	c398                	sw	a4,0(a5)
     176:	bf15                	j	aa <__riscv_restore_0>

00000178 <micros>:
     178:	f29ff2ef          	jal	t0,a0 <__riscv_save_0>
     17c:	e000f7b7          	lui	a5,0xe000f
     180:	4788                	lw	a0,8(a5)
     182:	200007b7          	lui	a5,0x20000
     186:	03c7a583          	lw	a1,60(a5) # 2000003c <ticks_per_us>
     18a:	3f0d                	jal	bc <__udivsi3>
     18c:	bf39                	j	aa <__riscv_restore_0>

0000018e <reverse_bits_fast>:
     18e:	6785                	lui	a5,0x1
     190:	27478793          	addi	a5,a5,628 # 1274 <reverse_table>
     194:	00f57713          	andi	a4,a0,15
     198:	973e                	add	a4,a4,a5
     19a:	8111                	srli	a0,a0,0x4
     19c:	2318                	lbu	a4,0(a4)
     19e:	97aa                	add	a5,a5,a0
     1a0:	2388                	lbu	a0,0(a5)
     1a2:	0712                	slli	a4,a4,0x4
     1a4:	8d59                	or	a0,a0,a4
     1a6:	0ff57513          	andi	a0,a0,255
     1aa:	8082                	ret

000001ac <SPI_SR_Init>:
     1ac:	ef5ff2ef          	jal	t0,a0 <__riscv_save_0>
     1b0:	6505                	lui	a0,0x1
     1b2:	1101                	addi	sp,sp,-32
     1b4:	4585                	li	a1,1
     1b6:	0541                	addi	a0,a0,16
     1b8:	7ba000ef          	jal	ra,972 <RCC_APB2PeriphClockCmd>
     1bc:	6585                	lui	a1,0x1
     1be:	4631                	li	a2,12
     1c0:	23c58593          	addi	a1,a1,572 # 123c <memcpy+0xd2>
     1c4:	850a                	mv	a0,sp
     1c6:	7a5000ef          	jal	ra,116a <memcpy>
     1ca:	858a                	mv	a1,sp
     1cc:	40011537          	lui	a0,0x40011
     1d0:	664000ef          	jal	ra,834 <GPIO_Init>
     1d4:	4441                	li	s0,16
     1d6:	47a1                	li	a5,8
     1d8:	858a                	mv	a1,sp
     1da:	40011537          	lui	a0,0x40011
     1de:	807c                	sh	a5,0(sp)
     1e0:	c422                	sw	s0,8(sp)
     1e2:	652000ef          	jal	ra,834 <GPIO_Init>
     1e6:	0104c7b7          	lui	a5,0x104c
     1ea:	ca02                	sw	zero,20(sp)
     1ec:	cc02                	sw	zero,24(sp)
     1ee:	c63e                	sw	a5,12(sp)
     1f0:	006c                	addi	a1,sp,12
     1f2:	20000793          	li	a5,512
     1f6:	40013537          	lui	a0,0x40013
     1fa:	83fc                	sh	a5,22(sp)
     1fc:	84e0                	sh	s0,24(sp)
     1fe:	c802                	sw	zero,16(sp)
     200:	00011e23          	sh	zero,28(sp)
     204:	78c000ef          	jal	ra,990 <SPI_Init>
     208:	4585                	li	a1,1
     20a:	40013537          	lui	a0,0x40013
     20e:	7b4000ef          	jal	ra,9c2 <SPI_Cmd>
     212:	6105                	addi	sp,sp,32
     214:	bd59                	j	aa <__riscv_restore_0>

00000216 <SPI_SR_Send>:
     216:	e8bff2ef          	jal	t0,a0 <__riscv_save_0>
     21a:	4785                	li	a5,1
     21c:	842a                	mv	s0,a0
     21e:	00f59463          	bne	a1,a5,226 <SPI_SR_Send+0x10>
     222:	37b5                	jal	18e <reverse_bits_fast>
     224:	842a                	mv	s0,a0
     226:	4589                	li	a1,2
     228:	40013537          	lui	a0,0x40013
     22c:	7b4000ef          	jal	ra,9e0 <SPI_I2S_GetFlagStatus>
     230:	d97d                	beqz	a0,226 <SPI_SR_Send+0x10>
     232:	01041593          	slli	a1,s0,0x10
     236:	81c1                	srli	a1,a1,0x10
     238:	40013537          	lui	a0,0x40013
     23c:	7a0000ef          	jal	ra,9dc <SPI_I2S_SendData>
     240:	08000593          	li	a1,128
     244:	40013537          	lui	a0,0x40013
     248:	798000ef          	jal	ra,9e0 <SPI_I2S_GetFlagStatus>
     24c:	4785                	li	a5,1
     24e:	fef509e3          	beq	a0,a5,240 <SPI_SR_Send+0x2a>
     252:	bda1                	j	aa <__riscv_restore_0>

00000254 <SPI_SR_latch>:
     254:	e4dff2ef          	jal	t0,a0 <__riscv_save_0>
     258:	45a1                	li	a1,8
     25a:	40011537          	lui	a0,0x40011
     25e:	652000ef          	jal	ra,8b0 <GPIO_SetBits>
     262:	45a1                	li	a1,8
     264:	40011537          	lui	a0,0x40011
     268:	25b1                	jal	8b4 <GPIO_ResetBits>
     26a:	b581                	j	aa <__riscv_restore_0>

0000026c <main>:
     26c:	e35ff2ef          	jal	t0,a0 <__riscv_save_0>
     270:	fd810113          	addi	sp,sp,-40
     274:	2695                	jal	5d8 <SystemInit>
     276:	4505                	li	a0,1
     278:	2581                	jal	8b8 <NVIC_PriorityGroupConfig>
     27a:	2949                	jal	70c <SystemCoreClockUpdate>
     27c:	063000ef          	jal	ra,ade <Delay_Init>
     280:	35d1                	jal	144 <SysTick_FreeRunning_Init>
     282:	6571                	lui	a0,0x1c
     284:	20050513          	addi	a0,a0,512 # 1c200 <_data_lma+0x1af74>
     288:	08b000ef          	jal	ra,b12 <USART_Printf_Init>
     28c:	3705                	jal	1ac <SPI_SR_Init>
     28e:	200007b7          	lui	a5,0x20000
     292:	0107a583          	lw	a1,16(a5) # 20000010 <SystemCoreClock>
     296:	00001537          	lui	a0,0x1
     29a:	24850513          	addi	a0,a0,584 # 1248 <memcpy+0xde>
     29e:	6ab000ef          	jal	ra,1148 <printf>
     2a2:	2361                	jal	82a <DBGMCU_GetCHIPID>
     2a4:	85aa                	mv	a1,a0
     2a6:	00001537          	lui	a0,0x1
     2aa:	25850513          	addi	a0,a0,600 # 1258 <memcpy+0xee>
     2ae:	69b000ef          	jal	ra,1148 <printf>
     2b2:	6789                	lui	a5,0x2
     2b4:	70f78793          	addi	a5,a5,1807 # 270f <_data_lma+0x1483>
     2b8:	4401                	li	s0,0
     2ba:	c002                	sw	zero,0(sp)
     2bc:	c202                	sw	zero,4(sp)
     2be:	c402                	sw	zero,8(sp)
     2c0:	c602                	sw	zero,12(sp)
     2c2:	c802                	sw	zero,16(sp)
     2c4:	ca02                	sw	zero,20(sp)
     2c6:	cc02                	sw	zero,24(sp)
     2c8:	d002                	sw	zero,32(sp)
     2ca:	ce02                	sw	zero,28(sp)
     2cc:	d23e                	sw	a5,36(sp)
     2ce:	356d                	jal	178 <micros>
     2d0:	47f2                	lw	a5,28(sp)
     2d2:	5692                	lw	a3,36(sp)
     2d4:	40f50733          	sub	a4,a0,a5
     2d8:	4781                	li	a5,0
     2da:	00e6f463          	bgeu	a3,a4,2e2 <main+0x76>
     2de:	ce2a                	sw	a0,28(sp)
     2e0:	4785                	li	a5,1
     2e2:	5702                	lw	a4,32(sp)
     2e4:	31f00693          	li	a3,799
     2e8:	40e50733          	sub	a4,a0,a4
     2ec:	2ee6e263          	bltu	a3,a4,5d0 <main+0x364>
     2f0:	dff9                	beqz	a5,2ce <main+0x62>
     2f2:	4781                	li	a5,0
     2f4:	4762                	lw	a4,24(sp)
     2f6:	0705                	addi	a4,a4,1
     2f8:	0ff77713          	andi	a4,a4,255
     2fc:	cc3a                	sw	a4,24(sp)
     2fe:	46e2                	lw	a3,24(sp)
     300:	4725                	li	a4,9
     302:	00d77863          	bgeu	a4,a3,312 <main+0xa6>
     306:	4752                	lw	a4,20(sp)
     308:	cc02                	sw	zero,24(sp)
     30a:	0705                	addi	a4,a4,1
     30c:	0ff77713          	andi	a4,a4,255
     310:	ca3a                	sw	a4,20(sp)
     312:	46d2                	lw	a3,20(sp)
     314:	4725                	li	a4,9
     316:	00d77863          	bgeu	a4,a3,326 <main+0xba>
     31a:	4742                	lw	a4,16(sp)
     31c:	ca02                	sw	zero,20(sp)
     31e:	0705                	addi	a4,a4,1
     320:	0ff77713          	andi	a4,a4,255
     324:	c83a                	sw	a4,16(sp)
     326:	46c2                	lw	a3,16(sp)
     328:	4725                	li	a4,9
     32a:	00d77863          	bgeu	a4,a3,33a <main+0xce>
     32e:	4732                	lw	a4,12(sp)
     330:	c802                	sw	zero,16(sp)
     332:	0705                	addi	a4,a4,1
     334:	0ff77713          	andi	a4,a4,255
     338:	c63a                	sw	a4,12(sp)
     33a:	46b2                	lw	a3,12(sp)
     33c:	4725                	li	a4,9
     33e:	00d77863          	bgeu	a4,a3,34e <main+0xe2>
     342:	4722                	lw	a4,8(sp)
     344:	c602                	sw	zero,12(sp)
     346:	0705                	addi	a4,a4,1
     348:	0ff77713          	andi	a4,a4,255
     34c:	c43a                	sw	a4,8(sp)
     34e:	46a2                	lw	a3,8(sp)
     350:	4725                	li	a4,9
     352:	00d77863          	bgeu	a4,a3,362 <main+0xf6>
     356:	4712                	lw	a4,4(sp)
     358:	c402                	sw	zero,8(sp)
     35a:	0705                	addi	a4,a4,1
     35c:	0ff77713          	andi	a4,a4,255
     360:	c23a                	sw	a4,4(sp)
     362:	4692                	lw	a3,4(sp)
     364:	4725                	li	a4,9
     366:	00d77863          	bgeu	a4,a3,376 <main+0x10a>
     36a:	4702                	lw	a4,0(sp)
     36c:	c202                	sw	zero,4(sp)
     36e:	0705                	addi	a4,a4,1
     370:	0ff77713          	andi	a4,a4,255
     374:	c03a                	sw	a4,0(sp)
     376:	4682                	lw	a3,0(sp)
     378:	4725                	li	a4,9
     37a:	00d77663          	bgeu	a4,a3,386 <main+0x11a>
     37e:	0405                	addi	s0,s0,1
     380:	0ff47413          	andi	s0,s0,255
     384:	c002                	sw	zero,0(sp)
     386:	4725                	li	a4,9
     388:	00877363          	bgeu	a4,s0,38e <main+0x122>
     38c:	4401                	li	s0,0
     38e:	d3a1                	beqz	a5,2ce <main+0x62>
     390:	200004b7          	lui	s1,0x20000
     394:	0384a783          	lw	a5,56(s1) # 20000038 <_edata>
     398:	03848493          	addi	s1,s1,56
     39c:	eb85                	bnez	a5,3cc <main+0x160>
     39e:	4585                	li	a1,1
     3a0:	4505                	li	a0,1
     3a2:	3d95                	jal	216 <SPI_SR_Send>
     3a4:	4585                	li	a1,1
     3a6:	4501                	li	a0,0
     3a8:	35bd                	jal	216 <SPI_SR_Send>
     3aa:	4762                	lw	a4,24(sp)
     3ac:	6785                	lui	a5,0x1
     3ae:	26878793          	addi	a5,a5,616 # 1268 <numbrid>
     3b2:	97ba                	add	a5,a5,a4
     3b4:	2388                	lbu	a0,0(a5)
     3b6:	4581                	li	a1,0
     3b8:	3db9                	jal	216 <SPI_SR_Send>
     3ba:	4581                	li	a1,0
     3bc:	4501                	li	a0,0
     3be:	3da1                	jal	216 <SPI_SR_Send>
     3c0:	4581                	li	a1,0
     3c2:	4501                	li	a0,0
     3c4:	3d89                	jal	216 <SPI_SR_Send>
     3c6:	4581                	li	a1,0
     3c8:	4501                	li	a0,0
     3ca:	35b1                	jal	216 <SPI_SR_Send>
     3cc:	4098                	lw	a4,0(s1)
     3ce:	4785                	li	a5,1
     3d0:	04f71763          	bne	a4,a5,41e <main+0x1b2>
     3d4:	4732                	lw	a4,12(sp)
     3d6:	47c2                	lw	a5,16(sp)
     3d8:	4585                	li	a1,1
     3da:	4501                	li	a0,0
     3dc:	8fd9                	or	a5,a5,a4
     3de:	4712                	lw	a4,4(sp)
     3e0:	8fd9                	or	a5,a5,a4
     3e2:	4722                	lw	a4,8(sp)
     3e4:	8fd9                	or	a5,a5,a4
     3e6:	4752                	lw	a4,20(sp)
     3e8:	8fd9                	or	a5,a5,a4
     3ea:	4702                	lw	a4,0(sp)
     3ec:	8fd9                	or	a5,a5,a4
     3ee:	8fc1                	or	a5,a5,s0
     3f0:	c391                	beqz	a5,3f4 <main+0x188>
     3f2:	4509                	li	a0,2
     3f4:	350d                	jal	216 <SPI_SR_Send>
     3f6:	4585                	li	a1,1
     3f8:	4501                	li	a0,0
     3fa:	3d31                	jal	216 <SPI_SR_Send>
     3fc:	4752                	lw	a4,20(sp)
     3fe:	6785                	lui	a5,0x1
     400:	26878793          	addi	a5,a5,616 # 1268 <numbrid>
     404:	97ba                	add	a5,a5,a4
     406:	2388                	lbu	a0,0(a5)
     408:	4581                	li	a1,0
     40a:	3531                	jal	216 <SPI_SR_Send>
     40c:	4581                	li	a1,0
     40e:	4501                	li	a0,0
     410:	3519                	jal	216 <SPI_SR_Send>
     412:	4581                	li	a1,0
     414:	4501                	li	a0,0
     416:	3501                	jal	216 <SPI_SR_Send>
     418:	4581                	li	a1,0
     41a:	4501                	li	a0,0
     41c:	3bed                	jal	216 <SPI_SR_Send>
     41e:	4098                	lw	a4,0(s1)
     420:	4789                	li	a5,2
     422:	04f71563          	bne	a4,a5,46c <main+0x200>
     426:	4732                	lw	a4,12(sp)
     428:	47c2                	lw	a5,16(sp)
     42a:	4585                	li	a1,1
     42c:	4501                	li	a0,0
     42e:	8fd9                	or	a5,a5,a4
     430:	4712                	lw	a4,4(sp)
     432:	8fd9                	or	a5,a5,a4
     434:	4722                	lw	a4,8(sp)
     436:	8fd9                	or	a5,a5,a4
     438:	4702                	lw	a4,0(sp)
     43a:	8fd9                	or	a5,a5,a4
     43c:	8fc1                	or	a5,a5,s0
     43e:	c391                	beqz	a5,442 <main+0x1d6>
     440:	4511                	li	a0,4
     442:	3bd1                	jal	216 <SPI_SR_Send>
     444:	4585                	li	a1,1
     446:	4501                	li	a0,0
     448:	33f9                	jal	216 <SPI_SR_Send>
     44a:	4742                	lw	a4,16(sp)
     44c:	6785                	lui	a5,0x1
     44e:	26878793          	addi	a5,a5,616 # 1268 <numbrid>
     452:	97ba                	add	a5,a5,a4
     454:	2388                	lbu	a0,0(a5)
     456:	4581                	li	a1,0
     458:	3b7d                	jal	216 <SPI_SR_Send>
     45a:	4581                	li	a1,0
     45c:	4501                	li	a0,0
     45e:	3b65                	jal	216 <SPI_SR_Send>
     460:	4581                	li	a1,0
     462:	4501                	li	a0,0
     464:	3b4d                	jal	216 <SPI_SR_Send>
     466:	4581                	li	a1,0
     468:	4501                	li	a0,0
     46a:	3375                	jal	216 <SPI_SR_Send>
     46c:	4098                	lw	a4,0(s1)
     46e:	478d                	li	a5,3
     470:	04f71363          	bne	a4,a5,4b6 <main+0x24a>
     474:	4712                	lw	a4,4(sp)
     476:	47b2                	lw	a5,12(sp)
     478:	4585                	li	a1,1
     47a:	4501                	li	a0,0
     47c:	8fd9                	or	a5,a5,a4
     47e:	4722                	lw	a4,8(sp)
     480:	8fd9                	or	a5,a5,a4
     482:	4702                	lw	a4,0(sp)
     484:	8fd9                	or	a5,a5,a4
     486:	8fc1                	or	a5,a5,s0
     488:	c391                	beqz	a5,48c <main+0x220>
     48a:	4521                	li	a0,8
     48c:	3369                	jal	216 <SPI_SR_Send>
     48e:	4585                	li	a1,1
     490:	4501                	li	a0,0
     492:	3351                	jal	216 <SPI_SR_Send>
     494:	4732                	lw	a4,12(sp)
     496:	6785                	lui	a5,0x1
     498:	26878793          	addi	a5,a5,616 # 1268 <numbrid>
     49c:	97ba                	add	a5,a5,a4
     49e:	2388                	lbu	a0,0(a5)
     4a0:	4581                	li	a1,0
     4a2:	3b95                	jal	216 <SPI_SR_Send>
     4a4:	4581                	li	a1,0
     4a6:	4501                	li	a0,0
     4a8:	33bd                	jal	216 <SPI_SR_Send>
     4aa:	4581                	li	a1,0
     4ac:	4501                	li	a0,0
     4ae:	33a5                	jal	216 <SPI_SR_Send>
     4b0:	4581                	li	a1,0
     4b2:	4501                	li	a0,0
     4b4:	338d                	jal	216 <SPI_SR_Send>
     4b6:	4098                	lw	a4,0(s1)
     4b8:	4791                	li	a5,4
     4ba:	04f71163          	bne	a4,a5,4fc <main+0x290>
     4be:	4722                	lw	a4,8(sp)
     4c0:	4792                	lw	a5,4(sp)
     4c2:	4585                	li	a1,1
     4c4:	4501                	li	a0,0
     4c6:	8fd9                	or	a5,a5,a4
     4c8:	4702                	lw	a4,0(sp)
     4ca:	8fd9                	or	a5,a5,a4
     4cc:	8fc1                	or	a5,a5,s0
     4ce:	c391                	beqz	a5,4d2 <main+0x266>
     4d0:	4541                	li	a0,16
     4d2:	3391                	jal	216 <SPI_SR_Send>
     4d4:	4585                	li	a1,1
     4d6:	4501                	li	a0,0
     4d8:	3b3d                	jal	216 <SPI_SR_Send>
     4da:	4581                	li	a1,0
     4dc:	4501                	li	a0,0
     4de:	3b25                	jal	216 <SPI_SR_Send>
     4e0:	4722                	lw	a4,8(sp)
     4e2:	6785                	lui	a5,0x1
     4e4:	26878793          	addi	a5,a5,616 # 1268 <numbrid>
     4e8:	97ba                	add	a5,a5,a4
     4ea:	2388                	lbu	a0,0(a5)
     4ec:	4581                	li	a1,0
     4ee:	3325                	jal	216 <SPI_SR_Send>
     4f0:	4581                	li	a1,0
     4f2:	4501                	li	a0,0
     4f4:	330d                	jal	216 <SPI_SR_Send>
     4f6:	4581                	li	a1,0
     4f8:	4501                	li	a0,0
     4fa:	3b31                	jal	216 <SPI_SR_Send>
     4fc:	4098                	lw	a4,0(s1)
     4fe:	4795                	li	a5,5
     500:	04f71063          	bne	a4,a5,540 <main+0x2d4>
     504:	4792                	lw	a5,4(sp)
     506:	4702                	lw	a4,0(sp)
     508:	4585                	li	a1,1
     50a:	4501                	li	a0,0
     50c:	8fd9                	or	a5,a5,a4
     50e:	8fc1                	or	a5,a5,s0
     510:	c399                	beqz	a5,516 <main+0x2aa>
     512:	02000513          	li	a0,32
     516:	3301                	jal	216 <SPI_SR_Send>
     518:	4585                	li	a1,1
     51a:	4501                	li	a0,0
     51c:	39ed                	jal	216 <SPI_SR_Send>
     51e:	4581                	li	a1,0
     520:	4501                	li	a0,0
     522:	39d5                	jal	216 <SPI_SR_Send>
     524:	4712                	lw	a4,4(sp)
     526:	6785                	lui	a5,0x1
     528:	26878793          	addi	a5,a5,616 # 1268 <numbrid>
     52c:	97ba                	add	a5,a5,a4
     52e:	2388                	lbu	a0,0(a5)
     530:	4581                	li	a1,0
     532:	31d5                	jal	216 <SPI_SR_Send>
     534:	4581                	li	a1,0
     536:	4501                	li	a0,0
     538:	39f9                	jal	216 <SPI_SR_Send>
     53a:	4581                	li	a1,0
     53c:	4501                	li	a0,0
     53e:	39e1                	jal	216 <SPI_SR_Send>
     540:	4098                	lw	a4,0(s1)
     542:	4799                	li	a5,6
     544:	02f71e63          	bne	a4,a5,580 <main+0x314>
     548:	4782                	lw	a5,0(sp)
     54a:	4585                	li	a1,1
     54c:	4501                	li	a0,0
     54e:	8fc1                	or	a5,a5,s0
     550:	c399                	beqz	a5,556 <main+0x2ea>
     552:	04000513          	li	a0,64
     556:	31c1                	jal	216 <SPI_SR_Send>
     558:	4585                	li	a1,1
     55a:	4501                	li	a0,0
     55c:	396d                	jal	216 <SPI_SR_Send>
     55e:	4581                	li	a1,0
     560:	4501                	li	a0,0
     562:	3955                	jal	216 <SPI_SR_Send>
     564:	4702                	lw	a4,0(sp)
     566:	6785                	lui	a5,0x1
     568:	26878793          	addi	a5,a5,616 # 1268 <numbrid>
     56c:	97ba                	add	a5,a5,a4
     56e:	2388                	lbu	a0,0(a5)
     570:	4581                	li	a1,0
     572:	3155                	jal	216 <SPI_SR_Send>
     574:	4581                	li	a1,0
     576:	4501                	li	a0,0
     578:	3979                	jal	216 <SPI_SR_Send>
     57a:	4581                	li	a1,0
     57c:	4501                	li	a0,0
     57e:	3961                	jal	216 <SPI_SR_Send>
     580:	4098                	lw	a4,0(s1)
     582:	479d                	li	a5,7
     584:	02f71b63          	bne	a4,a5,5ba <main+0x34e>
     588:	4585                	li	a1,1
     58a:	4501                	li	a0,0
     58c:	c019                	beqz	s0,592 <main+0x326>
     58e:	08000513          	li	a0,128
     592:	3151                	jal	216 <SPI_SR_Send>
     594:	4585                	li	a1,1
     596:	4501                	li	a0,0
     598:	39bd                	jal	216 <SPI_SR_Send>
     59a:	4581                	li	a1,0
     59c:	4501                	li	a0,0
     59e:	39a5                	jal	216 <SPI_SR_Send>
     5a0:	6785                	lui	a5,0x1
     5a2:	26878793          	addi	a5,a5,616 # 1268 <numbrid>
     5a6:	97a2                	add	a5,a5,s0
     5a8:	2388                	lbu	a0,0(a5)
     5aa:	4581                	li	a1,0
     5ac:	31ad                	jal	216 <SPI_SR_Send>
     5ae:	4581                	li	a1,0
     5b0:	4501                	li	a0,0
     5b2:	3195                	jal	216 <SPI_SR_Send>
     5b4:	4581                	li	a1,0
     5b6:	4501                	li	a0,0
     5b8:	39b9                	jal	216 <SPI_SR_Send>
     5ba:	409c                	lw	a5,0(s1)
     5bc:	471d                	li	a4,7
     5be:	0785                	addi	a5,a5,1
     5c0:	00f74563          	blt	a4,a5,5ca <main+0x35e>
     5c4:	c09c                	sw	a5,0(s1)
     5c6:	3179                	jal	254 <SPI_SR_latch>
     5c8:	b319                	j	2ce <main+0x62>
     5ca:	0004a023          	sw	zero,0(s1)
     5ce:	bfe5                	j	5c6 <main+0x35a>
     5d0:	d02a                	sw	a0,32(sp)
     5d2:	d20791e3          	bnez	a5,2f4 <main+0x88>
     5d6:	bb6d                	j	390 <main+0x124>

000005d8 <SystemInit>:
     5d8:	ac9ff2ef          	jal	t0,a0 <__riscv_save_0>
     5dc:	40021437          	lui	s0,0x40021
     5e0:	401c                	lw	a5,0(s0)
     5e2:	f8ff0737          	lui	a4,0xf8ff0
     5e6:	1161                	addi	sp,sp,-8
     5e8:	0017e793          	ori	a5,a5,1
     5ec:	c01c                	sw	a5,0(s0)
     5ee:	405c                	lw	a5,4(s0)
     5f0:	4541                	li	a0,16
     5f2:	8ff9                	and	a5,a5,a4
     5f4:	c05c                	sw	a5,4(s0)
     5f6:	401c                	lw	a5,0(s0)
     5f8:	fef70737          	lui	a4,0xfef70
     5fc:	177d                	addi	a4,a4,-1
     5fe:	8ff9                	and	a5,a5,a4
     600:	c01c                	sw	a5,0(s0)
     602:	401c                	lw	a5,0(s0)
     604:	fffc0737          	lui	a4,0xfffc0
     608:	177d                	addi	a4,a4,-1
     60a:	8ff9                	and	a5,a5,a4
     60c:	c01c                	sw	a5,0(s0)
     60e:	405c                	lw	a5,4(s0)
     610:	7741                	lui	a4,0xffff0
     612:	177d                	addi	a4,a4,-1
     614:	8ff9                	and	a5,a5,a4
     616:	c05c                	sw	a5,4(s0)
     618:	009f07b7          	lui	a5,0x9f0
     61c:	c41c                	sw	a5,8(s0)
     61e:	2445                	jal	8be <RCC_AdjustHSICalibrationValue>
     620:	4c1c                	lw	a5,24(s0)
     622:	00020637          	lui	a2,0x20
     626:	0207e793          	ori	a5,a5,32
     62a:	cc1c                	sw	a5,24(s0)
     62c:	400117b7          	lui	a5,0x40011
     630:	4007a703          	lw	a4,1024(a5) # 40011400 <__global_pointer$+0x20010bc8>
     634:	40078693          	addi	a3,a5,1024
     638:	f0f77713          	andi	a4,a4,-241
     63c:	40e7a023          	sw	a4,1024(a5)
     640:	4007a703          	lw	a4,1024(a5)
     644:	08076713          	ori	a4,a4,128
     648:	40e7a023          	sw	a4,1024(a5)
     64c:	4789                	li	a5,2
     64e:	ca9c                	sw	a5,16(a3)
     650:	c002                	sw	zero,0(sp)
     652:	c202                	sw	zero,4(sp)
     654:	4c1c                	lw	a5,24(s0)
     656:	40010737          	lui	a4,0x40010
     65a:	66a1                	lui	a3,0x8
     65c:	0017e793          	ori	a5,a5,1
     660:	cc1c                	sw	a5,24(s0)
     662:	435c                	lw	a5,4(a4)
     664:	8fd5                	or	a5,a5,a3
     666:	c35c                	sw	a5,4(a4)
     668:	401c                	lw	a5,0(s0)
     66a:	6741                	lui	a4,0x10
     66c:	400216b7          	lui	a3,0x40021
     670:	8fd9                	or	a5,a5,a4
     672:	c01c                	sw	a5,0(s0)
     674:	6709                	lui	a4,0x2
     676:	429c                	lw	a5,0(a3)
     678:	8ff1                	and	a5,a5,a2
     67a:	c23e                	sw	a5,4(sp)
     67c:	4782                	lw	a5,0(sp)
     67e:	0785                	addi	a5,a5,1
     680:	c03e                	sw	a5,0(sp)
     682:	4792                	lw	a5,4(sp)
     684:	e781                	bnez	a5,68c <SystemInit+0xb4>
     686:	4782                	lw	a5,0(sp)
     688:	fee797e3          	bne	a5,a4,676 <SystemInit+0x9e>
     68c:	400217b7          	lui	a5,0x40021
     690:	439c                	lw	a5,0(a5)
     692:	00e79713          	slli	a4,a5,0xe
     696:	06075963          	bgez	a4,708 <SystemInit+0x130>
     69a:	4785                	li	a5,1
     69c:	c23e                	sw	a5,4(sp)
     69e:	4712                	lw	a4,4(sp)
     6a0:	4785                	li	a5,1
     6a2:	06f71063          	bne	a4,a5,702 <SystemInit+0x12a>
     6a6:	400227b7          	lui	a5,0x40022
     6aa:	4398                	lw	a4,0(a5)
     6ac:	76c1                	lui	a3,0xffff0
     6ae:	16fd                	addi	a3,a3,-1
     6b0:	9b71                	andi	a4,a4,-4
     6b2:	c398                	sw	a4,0(a5)
     6b4:	4398                	lw	a4,0(a5)
     6b6:	00176713          	ori	a4,a4,1
     6ba:	c398                	sw	a4,0(a5)
     6bc:	400217b7          	lui	a5,0x40021
     6c0:	43d8                	lw	a4,4(a5)
     6c2:	c3d8                	sw	a4,4(a5)
     6c4:	43d8                	lw	a4,4(a5)
     6c6:	8f75                	and	a4,a4,a3
     6c8:	c3d8                	sw	a4,4(a5)
     6ca:	43d8                	lw	a4,4(a5)
     6cc:	66c1                	lui	a3,0x10
     6ce:	8f55                	or	a4,a4,a3
     6d0:	c3d8                	sw	a4,4(a5)
     6d2:	4398                	lw	a4,0(a5)
     6d4:	010006b7          	lui	a3,0x1000
     6d8:	8f55                	or	a4,a4,a3
     6da:	c398                	sw	a4,0(a5)
     6dc:	4398                	lw	a4,0(a5)
     6de:	00671693          	slli	a3,a4,0x6
     6e2:	fe06dde3          	bgez	a3,6dc <SystemInit+0x104>
     6e6:	43d8                	lw	a4,4(a5)
     6e8:	400216b7          	lui	a3,0x40021
     6ec:	9b71                	andi	a4,a4,-4
     6ee:	c3d8                	sw	a4,4(a5)
     6f0:	43d8                	lw	a4,4(a5)
     6f2:	00276713          	ori	a4,a4,2
     6f6:	c3d8                	sw	a4,4(a5)
     6f8:	4721                	li	a4,8
     6fa:	42dc                	lw	a5,4(a3)
     6fc:	8bb1                	andi	a5,a5,12
     6fe:	fee79ee3          	bne	a5,a4,6fa <SystemInit+0x122>
     702:	0121                	addi	sp,sp,8
     704:	9a7ff06f          	j	aa <__riscv_restore_0>
     708:	c202                	sw	zero,4(sp)
     70a:	bf51                	j	69e <SystemInit+0xc6>

0000070c <SystemCoreClockUpdate>:
     70c:	995ff2ef          	jal	t0,a0 <__riscv_save_0>
     710:	40021737          	lui	a4,0x40021
     714:	435c                	lw	a5,4(a4)
     716:	20000437          	lui	s0,0x20000
     71a:	4691                	li	a3,4
     71c:	8bb1                	andi	a5,a5,12
     71e:	01040413          	addi	s0,s0,16 # 20000010 <SystemCoreClock>
     722:	00d78563          	beq	a5,a3,72c <SystemCoreClockUpdate+0x20>
     726:	46a1                	li	a3,8
     728:	04d78263          	beq	a5,a3,76c <SystemCoreClockUpdate+0x60>
     72c:	016e37b7          	lui	a5,0x16e3
     730:	60078793          	addi	a5,a5,1536 # 16e3600 <_data_lma+0x16e2374>
     734:	c01c                	sw	a5,0(s0)
     736:	400216b7          	lui	a3,0x40021
     73a:	42dc                	lw	a5,4(a3)
     73c:	4008                	lw	a0,0(s0)
     73e:	8391                	srli	a5,a5,0x4
     740:	00f7f713          	andi	a4,a5,15
     744:	200007b7          	lui	a5,0x20000
     748:	00078793          	mv	a5,a5
     74c:	97ba                	add	a5,a5,a4
     74e:	238c                	lbu	a1,0(a5)
     750:	42dc                	lw	a5,4(a3)
     752:	0ff5f593          	andi	a1,a1,255
     756:	0807f793          	andi	a5,a5,128
     75a:	00b55733          	srl	a4,a0,a1
     75e:	e781                	bnez	a5,766 <SystemCoreClockUpdate+0x5a>
     760:	95dff0ef          	jal	ra,bc <__udivsi3>
     764:	872a                	mv	a4,a0
     766:	c018                	sw	a4,0(s0)
     768:	943ff06f          	j	aa <__riscv_restore_0>
     76c:	435c                	lw	a5,4(a4)
     76e:	02dc77b7          	lui	a5,0x2dc7
     772:	c0078793          	addi	a5,a5,-1024 # 2dc6c00 <_data_lma+0x2dc5974>
     776:	bf7d                	j	734 <SystemCoreClockUpdate+0x28>

00000778 <ADC1_IRQHandler>:
     778:	a001                	j	778 <ADC1_IRQHandler>

0000077a <handle_reset>:
     77a:	20000197          	auipc	gp,0x20000
     77e:	0be18193          	addi	gp,gp,190 # 20000838 <__global_pointer$>
     782:	fc818113          	addi	sp,gp,-56 # 20000800 <_eusrstack>
     786:	0a000513          	li	a0,160
     78a:	20000597          	auipc	a1,0x20000
     78e:	87658593          	addi	a1,a1,-1930 # 20000000 <_highcode_vma_end>
     792:	20000617          	auipc	a2,0x20000
     796:	86e60613          	addi	a2,a2,-1938 # 20000000 <_highcode_vma_end>
     79a:	00c5fa63          	bgeu	a1,a2,7ae <handle_reset+0x34>
     79e:	00052283          	lw	t0,0(a0)
     7a2:	0055a023          	sw	t0,0(a1)
     7a6:	0511                	addi	a0,a0,4
     7a8:	0591                	addi	a1,a1,4
     7aa:	fec5eae3          	bltu	a1,a2,79e <handle_reset+0x24>
     7ae:	00001517          	auipc	a0,0x1
     7b2:	ade50513          	addi	a0,a0,-1314 # 128c <_data_lma>
     7b6:	20000597          	auipc	a1,0x20000
     7ba:	84a58593          	addi	a1,a1,-1974 # 20000000 <_highcode_vma_end>
     7be:	20000617          	auipc	a2,0x20000
     7c2:	87a60613          	addi	a2,a2,-1926 # 20000038 <_edata>
     7c6:	00c5fa63          	bgeu	a1,a2,7da <handle_reset+0x60>
     7ca:	00052283          	lw	t0,0(a0)
     7ce:	0055a023          	sw	t0,0(a1)
     7d2:	0511                	addi	a0,a0,4
     7d4:	0591                	addi	a1,a1,4
     7d6:	fec5eae3          	bltu	a1,a2,7ca <handle_reset+0x50>
     7da:	20000517          	auipc	a0,0x20000
     7de:	85e50513          	addi	a0,a0,-1954 # 20000038 <_edata>
     7e2:	81018593          	addi	a1,gp,-2032 # 20000048 <_ebss>
     7e6:	00b57763          	bgeu	a0,a1,7f4 <handle_reset+0x7a>
     7ea:	00052023          	sw	zero,0(a0)
     7ee:	0511                	addi	a0,a0,4
     7f0:	feb56de3          	bltu	a0,a1,7ea <handle_reset+0x70>
     7f4:	000022b7          	lui	t0,0x2
     7f8:	88028293          	addi	t0,t0,-1920 # 1880 <_data_lma+0x5f4>
     7fc:	30029073          	csrw	mstatus,t0
     800:	428d                	li	t0,3
     802:	80429073          	csrw	0x804,t0
     806:	fffff297          	auipc	t0,0xfffff
     80a:	7fa28293          	addi	t0,t0,2042 # 0 <_sinit>
     80e:	0032e293          	ori	t0,t0,3
     812:	30529073          	csrw	mtvec,t0
     816:	dc3ff0ef          	jal	ra,5d8 <SystemInit>
     81a:	00000297          	auipc	t0,0x0
     81e:	a5228293          	addi	t0,t0,-1454 # 26c <main>
     822:	34129073          	csrw	mepc,t0
     826:	30200073          	mret

0000082a <DBGMCU_GetCHIPID>:
     82a:	1ffff7b7          	lui	a5,0x1ffff
     82e:	7c47a503          	lw	a0,1988(a5) # 1ffff7c4 <_data_lma+0x1fffe538>
     832:	8082                	ret

00000834 <GPIO_Init>:
     834:	4594                	lw	a3,8(a1)
     836:	0106f793          	andi	a5,a3,16
     83a:	00f6f293          	andi	t0,a3,15
     83e:	c781                	beqz	a5,846 <GPIO_Init+0x12>
     840:	41dc                	lw	a5,4(a1)
     842:	00f2e2b3          	or	t0,t0,a5
     846:	0005d383          	lhu	t2,0(a1)
     84a:	0ff3f793          	andi	a5,t2,255
     84e:	c3a5                	beqz	a5,8ae <GPIO_Init+0x7a>
     850:	00052303          	lw	t1,0(a0)
     854:	1161                	addi	sp,sp,-8
     856:	c222                	sw	s0,4(sp)
     858:	c026                	sw	s1,0(sp)
     85a:	4781                	li	a5,0
     85c:	02800413          	li	s0,40
     860:	04800493          	li	s1,72
     864:	4705                	li	a4,1
     866:	00f71633          	sll	a2,a4,a5
     86a:	00c3f733          	and	a4,t2,a2
     86e:	02e61263          	bne	a2,a4,892 <GPIO_Init+0x5e>
     872:	00279593          	slli	a1,a5,0x2
     876:	473d                	li	a4,15
     878:	00b71733          	sll	a4,a4,a1
     87c:	fff74713          	not	a4,a4
     880:	00677333          	and	t1,a4,t1
     884:	00b295b3          	sll	a1,t0,a1
     888:	0065e333          	or	t1,a1,t1
     88c:	00869d63          	bne	a3,s0,8a6 <GPIO_Init+0x72>
     890:	c950                	sw	a2,20(a0)
     892:	0785                	addi	a5,a5,1
     894:	4721                	li	a4,8
     896:	fce797e3          	bne	a5,a4,864 <GPIO_Init+0x30>
     89a:	4412                	lw	s0,4(sp)
     89c:	00652023          	sw	t1,0(a0)
     8a0:	4482                	lw	s1,0(sp)
     8a2:	0121                	addi	sp,sp,8
     8a4:	8082                	ret
     8a6:	fe9696e3          	bne	a3,s1,892 <GPIO_Init+0x5e>
     8aa:	c910                	sw	a2,16(a0)
     8ac:	b7dd                	j	892 <GPIO_Init+0x5e>
     8ae:	8082                	ret

000008b0 <GPIO_SetBits>:
     8b0:	c90c                	sw	a1,16(a0)
     8b2:	8082                	ret

000008b4 <GPIO_ResetBits>:
     8b4:	c94c                	sw	a1,20(a0)
     8b6:	8082                	ret

000008b8 <NVIC_PriorityGroupConfig>:
     8b8:	80a1a423          	sw	a0,-2040(gp) # 20000040 <NVIC_Priority_Group>
     8bc:	8082                	ret

000008be <RCC_AdjustHSICalibrationValue>:
     8be:	40021737          	lui	a4,0x40021
     8c2:	431c                	lw	a5,0(a4)
     8c4:	050e                	slli	a0,a0,0x3
     8c6:	f077f793          	andi	a5,a5,-249
     8ca:	8d5d                	or	a0,a0,a5
     8cc:	c308                	sw	a0,0(a4)
     8ce:	8082                	ret

000008d0 <RCC_GetClocksFreq>:
     8d0:	fd0ff2ef          	jal	t0,a0 <__riscv_save_0>
     8d4:	40021737          	lui	a4,0x40021
     8d8:	435c                	lw	a5,4(a4)
     8da:	4691                	li	a3,4
     8dc:	842a                	mv	s0,a0
     8de:	8bb1                	andi	a5,a5,12
     8e0:	00d78563          	beq	a5,a3,8ea <RCC_GetClocksFreq+0x1a>
     8e4:	46a1                	li	a3,8
     8e6:	08d78063          	beq	a5,a3,966 <RCC_GetClocksFreq+0x96>
     8ea:	016e37b7          	lui	a5,0x16e3
     8ee:	60078793          	addi	a5,a5,1536 # 16e3600 <_data_lma+0x16e2374>
     8f2:	c01c                	sw	a5,0(s0)
     8f4:	400216b7          	lui	a3,0x40021
     8f8:	42dc                	lw	a5,4(a3)
     8fa:	8391                	srli	a5,a5,0x4
     8fc:	00f7f713          	andi	a4,a5,15
     900:	200007b7          	lui	a5,0x20000
     904:	02878793          	addi	a5,a5,40 # 20000028 <APBAHBPrescTable>
     908:	97ba                	add	a5,a5,a4
     90a:	238c                	lbu	a1,0(a5)
     90c:	42dc                	lw	a5,4(a3)
     90e:	4018                	lw	a4,0(s0)
     910:	0ff5f593          	andi	a1,a1,255
     914:	0807f793          	andi	a5,a5,128
     918:	00b75533          	srl	a0,a4,a1
     91c:	e781                	bnez	a5,924 <RCC_GetClocksFreq+0x54>
     91e:	853a                	mv	a0,a4
     920:	f9cff0ef          	jal	ra,bc <__udivsi3>
     924:	c048                	sw	a0,4(s0)
     926:	c408                	sw	a0,8(s0)
     928:	c448                	sw	a0,12(s0)
     92a:	400217b7          	lui	a5,0x40021
     92e:	43dc                	lw	a5,4(a5)
     930:	468d                	li	a3,3
     932:	83ad                	srli	a5,a5,0xb
     934:	8bfd                	andi	a5,a5,31
     936:	0037d713          	srli	a4,a5,0x3
     93a:	078a                	slli	a5,a5,0x2
     93c:	8bf1                	andi	a5,a5,28
     93e:	8fd9                	or	a5,a5,a4
     940:	0137f613          	andi	a2,a5,19
     944:	0037f713          	andi	a4,a5,3
     948:	00c6f463          	bgeu	a3,a2,950 <RCC_GetClocksFreq+0x80>
     94c:	ff478713          	addi	a4,a5,-12 # 40020ff4 <__global_pointer$+0x200207bc>
     950:	200007b7          	lui	a5,0x20000
     954:	01478793          	addi	a5,a5,20 # 20000014 <ADCPrescTable>
     958:	97ba                	add	a5,a5,a4
     95a:	238c                	lbu	a1,0(a5)
     95c:	f60ff0ef          	jal	ra,bc <__udivsi3>
     960:	c808                	sw	a0,16(s0)
     962:	f48ff06f          	j	aa <__riscv_restore_0>
     966:	435c                	lw	a5,4(a4)
     968:	02dc77b7          	lui	a5,0x2dc7
     96c:	c0078793          	addi	a5,a5,-1024 # 2dc6c00 <_data_lma+0x2dc5974>
     970:	b749                	j	8f2 <RCC_GetClocksFreq+0x22>

00000972 <RCC_APB2PeriphClockCmd>:
     972:	c599                	beqz	a1,980 <RCC_APB2PeriphClockCmd+0xe>
     974:	40021737          	lui	a4,0x40021
     978:	4f1c                	lw	a5,24(a4)
     97a:	8d5d                	or	a0,a0,a5
     97c:	cf08                	sw	a0,24(a4)
     97e:	8082                	ret
     980:	400217b7          	lui	a5,0x40021
     984:	4f98                	lw	a4,24(a5)
     986:	fff54513          	not	a0,a0
     98a:	8d79                	and	a0,a0,a4
     98c:	cf88                	sw	a0,24(a5)
     98e:	8082                	ret

00000990 <SPI_Init>:
     990:	211a                	lhu	a4,0(a0)
     992:	678d                	lui	a5,0x3
     994:	04078793          	addi	a5,a5,64 # 3040 <_data_lma+0x1db4>
     998:	21b6                	lhu	a3,2(a1)
     99a:	8f7d                	and	a4,a4,a5
     99c:	219e                	lhu	a5,0(a1)
     99e:	8fd5                	or	a5,a5,a3
     9a0:	21d6                	lhu	a3,4(a1)
     9a2:	8fd5                	or	a5,a5,a3
     9a4:	21f6                	lhu	a3,6(a1)
     9a6:	8fd5                	or	a5,a5,a3
     9a8:	2596                	lhu	a3,8(a1)
     9aa:	8fd5                	or	a5,a5,a3
     9ac:	25b6                	lhu	a3,10(a1)
     9ae:	8fd5                	or	a5,a5,a3
     9b0:	25d6                	lhu	a3,12(a1)
     9b2:	8fd5                	or	a5,a5,a3
     9b4:	25f6                	lhu	a3,14(a1)
     9b6:	8fd5                	or	a5,a5,a3
     9b8:	8fd9                	or	a5,a5,a4
     9ba:	a11e                	sh	a5,0(a0)
     9bc:	299e                	lhu	a5,16(a1)
     9be:	a91e                	sh	a5,16(a0)
     9c0:	8082                	ret

000009c2 <SPI_Cmd>:
     9c2:	211e                	lhu	a5,0(a0)
     9c4:	c589                	beqz	a1,9ce <SPI_Cmd+0xc>
     9c6:	0407e793          	ori	a5,a5,64
     9ca:	a11e                	sh	a5,0(a0)
     9cc:	8082                	ret
     9ce:	07c2                	slli	a5,a5,0x10
     9d0:	83c1                	srli	a5,a5,0x10
     9d2:	fbf7f793          	andi	a5,a5,-65
     9d6:	07c2                	slli	a5,a5,0x10
     9d8:	83c1                	srli	a5,a5,0x10
     9da:	bfc5                	j	9ca <SPI_Cmd+0x8>

000009dc <SPI_I2S_SendData>:
     9dc:	a54e                	sh	a1,12(a0)
     9de:	8082                	ret

000009e0 <SPI_I2S_GetFlagStatus>:
     9e0:	250a                	lhu	a0,8(a0)
     9e2:	8d6d                	and	a0,a0,a1
     9e4:	00a03533          	snez	a0,a0
     9e8:	8082                	ret

000009ea <USART_Init>:
     9ea:	eb6ff2ef          	jal	t0,a0 <__riscv_save_0>
     9ee:	2916                	lhu	a3,16(a0)
     9f0:	77f5                	lui	a5,0xffffd
     9f2:	17fd                	addi	a5,a5,-1
     9f4:	8ff5                	and	a5,a5,a3
     9f6:	21f6                	lhu	a3,6(a1)
     9f8:	25da                	lhu	a4,12(a1)
     9fa:	1121                	addi	sp,sp,-24
     9fc:	8fd5                	or	a5,a5,a3
     9fe:	a91e                	sh	a5,16(a0)
     a00:	2556                	lhu	a3,12(a0)
     a02:	77fd                	lui	a5,0xfffff
     a04:	9f378793          	addi	a5,a5,-1549 # ffffe9f3 <__global_pointer$+0xdfffe1bb>
     a08:	8ff5                	and	a5,a5,a3
     a0a:	21d6                	lhu	a3,4(a1)
     a0c:	842a                	mv	s0,a0
     a0e:	c02e                	sw	a1,0(sp)
     a10:	8fd5                	or	a5,a5,a3
     a12:	2596                	lhu	a3,8(a1)
     a14:	8fd5                	or	a5,a5,a3
     a16:	25b6                	lhu	a3,10(a1)
     a18:	8fd5                	or	a5,a5,a3
     a1a:	a55e                	sh	a5,12(a0)
     a1c:	295e                	lhu	a5,20(a0)
     a1e:	07c2                	slli	a5,a5,0x10
     a20:	83c1                	srli	a5,a5,0x10
     a22:	cff7f793          	andi	a5,a5,-769
     a26:	8f5d                	or	a4,a4,a5
     a28:	a95a                	sh	a4,20(a0)
     a2a:	0048                	addi	a0,sp,4
     a2c:	3555                	jal	8d0 <RCC_GetClocksFreq>
     a2e:	400147b7          	lui	a5,0x40014
     a32:	80078793          	addi	a5,a5,-2048 # 40013800 <__global_pointer$+0x20012fc8>
     a36:	4582                	lw	a1,0(sp)
     a38:	06f41263          	bne	s0,a5,a9c <USART_Init+0xb2>
     a3c:	47c2                	lw	a5,16(sp)
     a3e:	245a                	lhu	a4,12(s0)
     a40:	00179513          	slli	a0,a5,0x1
     a44:	953e                	add	a0,a0,a5
     a46:	0742                	slli	a4,a4,0x10
     a48:	050e                	slli	a0,a0,0x3
     a4a:	8741                	srai	a4,a4,0x10
     a4c:	953e                	add	a0,a0,a5
     a4e:	418c                	lw	a1,0(a1)
     a50:	04075863          	bgez	a4,aa0 <USART_Init+0xb6>
     a54:	0586                	slli	a1,a1,0x1
     a56:	e66ff0ef          	jal	ra,bc <__udivsi3>
     a5a:	06400593          	li	a1,100
     a5e:	c02a                	sw	a0,0(sp)
     a60:	e5cff0ef          	jal	ra,bc <__udivsi3>
     a64:	4782                	lw	a5,0(sp)
     a66:	00451493          	slli	s1,a0,0x4
     a6a:	06400593          	li	a1,100
     a6e:	853e                	mv	a0,a5
     a70:	e78ff0ef          	jal	ra,e8 <__umodsi3>
     a74:	245e                	lhu	a5,12(s0)
     a76:	07c2                	slli	a5,a5,0x10
     a78:	87c1                	srai	a5,a5,0x10
     a7a:	0207d563          	bgez	a5,aa4 <USART_Init+0xba>
     a7e:	050e                	slli	a0,a0,0x3
     a80:	06400593          	li	a1,100
     a84:	03250513          	addi	a0,a0,50
     a88:	e34ff0ef          	jal	ra,bc <__udivsi3>
     a8c:	891d                	andi	a0,a0,7
     a8e:	8cc9                	or	s1,s1,a0
     a90:	04c2                	slli	s1,s1,0x10
     a92:	80c1                	srli	s1,s1,0x10
     a94:	a406                	sh	s1,8(s0)
     a96:	0161                	addi	sp,sp,24
     a98:	e12ff06f          	j	aa <__riscv_restore_0>
     a9c:	47b2                	lw	a5,12(sp)
     a9e:	b745                	j	a3e <USART_Init+0x54>
     aa0:	058a                	slli	a1,a1,0x2
     aa2:	bf55                	j	a56 <USART_Init+0x6c>
     aa4:	0512                	slli	a0,a0,0x4
     aa6:	06400593          	li	a1,100
     aaa:	03250513          	addi	a0,a0,50
     aae:	e0eff0ef          	jal	ra,bc <__udivsi3>
     ab2:	893d                	andi	a0,a0,15
     ab4:	bfe9                	j	a8e <USART_Init+0xa4>

00000ab6 <USART_Cmd>:
     ab6:	c591                	beqz	a1,ac2 <USART_Cmd+0xc>
     ab8:	255e                	lhu	a5,12(a0)
     aba:	6709                	lui	a4,0x2
     abc:	8fd9                	or	a5,a5,a4
     abe:	a55e                	sh	a5,12(a0)
     ac0:	8082                	ret
     ac2:	255a                	lhu	a4,12(a0)
     ac4:	77f9                	lui	a5,0xffffe
     ac6:	17fd                	addi	a5,a5,-1
     ac8:	8ff9                	and	a5,a5,a4
     aca:	bfd5                	j	abe <USART_Cmd+0x8>

00000acc <USART_SendData>:
     acc:	1ff5f593          	andi	a1,a1,511
     ad0:	a14e                	sh	a1,4(a0)
     ad2:	8082                	ret

00000ad4 <USART_GetFlagStatus>:
     ad4:	210a                	lhu	a0,0(a0)
     ad6:	8d6d                	and	a0,a0,a1
     ad8:	00a03533          	snez	a0,a0
     adc:	8082                	ret

00000ade <Delay_Init>:
     ade:	dc2ff2ef          	jal	t0,a0 <__riscv_save_0>
     ae2:	200007b7          	lui	a5,0x20000
     ae6:	0107a503          	lw	a0,16(a5) # 20000010 <SystemCoreClock>
     aea:	007a15b7          	lui	a1,0x7a1
     aee:	20058593          	addi	a1,a1,512 # 7a1200 <_data_lma+0x79ff74>
     af2:	dcaff0ef          	jal	ra,bc <__udivsi3>
     af6:	0ff57513          	andi	a0,a0,255
     afa:	80a18723          	sb	a0,-2034(gp) # 20000046 <p_us>
     afe:	00551793          	slli	a5,a0,0x5
     b02:	8f89                	sub	a5,a5,a0
     b04:	078a                	slli	a5,a5,0x2
     b06:	953e                	add	a0,a0,a5
     b08:	050e                	slli	a0,a0,0x3
     b0a:	80a19623          	sh	a0,-2036(gp) # 20000044 <p_ms>
     b0e:	d9cff06f          	j	aa <__riscv_restore_0>

00000b12 <USART_Printf_Init>:
     b12:	d8eff2ef          	jal	t0,a0 <__riscv_save_0>
     b16:	842a                	mv	s0,a0
     b18:	6511                	lui	a0,0x4
     b1a:	1111                	addi	sp,sp,-28
     b1c:	4585                	li	a1,1
     b1e:	02050513          	addi	a0,a0,32 # 4020 <_data_lma+0x2d94>
     b22:	3d81                	jal	972 <RCC_APB2PeriphClockCmd>
     b24:	02000793          	li	a5,32
     b28:	807c                	sh	a5,0(sp)
     b2a:	40011537          	lui	a0,0x40011
     b2e:	478d                	li	a5,3
     b30:	c23e                	sw	a5,4(sp)
     b32:	858a                	mv	a1,sp
     b34:	47e1                	li	a5,24
     b36:	40050513          	addi	a0,a0,1024 # 40011400 <__global_pointer$+0x20010bc8>
     b3a:	c43e                	sw	a5,8(sp)
     b3c:	39e5                	jal	834 <GPIO_Init>
     b3e:	c622                	sw	s0,12(sp)
     b40:	40014437          	lui	s0,0x40014
     b44:	000807b7          	lui	a5,0x80
     b48:	006c                	addi	a1,sp,12
     b4a:	80040513          	addi	a0,s0,-2048 # 40013800 <__global_pointer$+0x20012fc8>
     b4e:	ca3e                	sw	a5,20(sp)
     b50:	c802                	sw	zero,16(sp)
     b52:	00011c23          	sh	zero,24(sp)
     b56:	3d51                	jal	9ea <USART_Init>
     b58:	4585                	li	a1,1
     b5a:	80040513          	addi	a0,s0,-2048
     b5e:	3fa1                	jal	ab6 <USART_Cmd>
     b60:	0171                	addi	sp,sp,28
     b62:	d48ff06f          	j	aa <__riscv_restore_0>

00000b66 <_write>:
     b66:	d3aff2ef          	jal	t0,a0 <__riscv_save_0>
     b6a:	1171                	addi	sp,sp,-4
     b6c:	84ae                	mv	s1,a1
     b6e:	4401                	li	s0,0
     b70:	02c45d63          	bge	s0,a2,baa <_write+0x44>
     b74:	400147b7          	lui	a5,0x40014
     b78:	80078713          	addi	a4,a5,-2048 # 40013800 <__global_pointer$+0x20012fc8>
     b7c:	853a                	mv	a0,a4
     b7e:	04000593          	li	a1,64
     b82:	c032                	sw	a2,0(sp)
     b84:	3f81                	jal	ad4 <USART_GetFlagStatus>
     b86:	400147b7          	lui	a5,0x40014
     b8a:	80078713          	addi	a4,a5,-2048 # 40013800 <__global_pointer$+0x20012fc8>
     b8e:	4602                	lw	a2,0(sp)
     b90:	d575                	beqz	a0,b7c <_write+0x16>
     b92:	00848733          	add	a4,s1,s0
     b96:	00070583          	lb	a1,0(a4) # 2000 <_data_lma+0xd74>
     b9a:	80078513          	addi	a0,a5,-2048
     b9e:	0405                	addi	s0,s0,1
     ba0:	05c2                	slli	a1,a1,0x10
     ba2:	81c1                	srli	a1,a1,0x10
     ba4:	3725                	jal	acc <USART_SendData>
     ba6:	4602                	lw	a2,0(sp)
     ba8:	b7e1                	j	b70 <_write+0xa>
     baa:	8532                	mv	a0,a2
     bac:	0111                	addi	sp,sp,4
     bae:	cfcff06f          	j	aa <__riscv_restore_0>

00000bb2 <printchar>:
     bb2:	1141                	addi	sp,sp,-16
     bb4:	c606                	sw	ra,12(sp)
     bb6:	c02e                	sw	a1,0(sp)
     bb8:	cd0d                	beqz	a0,bf2 <printchar+0x40>
     bba:	4118                	lw	a4,0(a0)
     bbc:	87aa                	mv	a5,a0
     bbe:	c305                	beqz	a4,bde <printchar+0x2c>
     bc0:	4158                	lw	a4,4(a0)
     bc2:	557d                	li	a0,-1
     bc4:	cb11                	beqz	a4,bd8 <printchar+0x26>
     bc6:	4685                	li	a3,1
     bc8:	00d71b63          	bne	a4,a3,bde <printchar+0x2c>
     bcc:	4798                	lw	a4,8(a5)
     bce:	00070023          	sb	zero,0(a4)
     bd2:	0007a223          	sw	zero,4(a5)
     bd6:	4505                	li	a0,1
     bd8:	40b2                	lw	ra,12(sp)
     bda:	0141                	addi	sp,sp,16
     bdc:	8082                	ret
     bde:	4798                	lw	a4,8(a5)
     be0:	4682                	lw	a3,0(sp)
     be2:	a314                	sb	a3,0(a4)
     be4:	4798                	lw	a4,8(a5)
     be6:	0705                	addi	a4,a4,1
     be8:	c798                	sw	a4,8(a5)
     bea:	43d8                	lw	a4,4(a5)
     bec:	177d                	addi	a4,a4,-1
     bee:	c3d8                	sw	a4,4(a5)
     bf0:	b7dd                	j	bd6 <printchar+0x24>
     bf2:	4605                	li	a2,1
     bf4:	858a                	mv	a1,sp
     bf6:	3f85                	jal	b66 <_write>
     bf8:	bff9                	j	bd6 <printchar+0x24>

00000bfa <prints>:
     bfa:	1101                	addi	sp,sp,-32
     bfc:	cc22                	sw	s0,24(sp)
     bfe:	c22e                	sw	a1,4(sp)
     c00:	ce06                	sw	ra,28(sp)
     c02:	ca26                	sw	s1,20(sp)
     c04:	842a                	mv	s0,a0
     c06:	4781                	li	a5,0
     c08:	02000593          	li	a1,32
     c0c:	02064563          	bltz	a2,c36 <prints+0x3c>
     c10:	4592                	lw	a1,4(sp)
     c12:	95be                	add	a1,a1,a5
     c14:	00058583          	lb	a1,0(a1)
     c18:	e58d                	bnez	a1,c42 <prints+0x48>
     c1a:	02c7d863          	bge	a5,a2,c4a <prints+0x50>
     c1e:	02e7d463          	bge	a5,a4,c46 <prints+0x4c>
     c22:	8e19                	sub	a2,a2,a4
     c24:	02000513          	li	a0,32
     c28:	0026f593          	andi	a1,a3,2
     c2c:	c02a                	sw	a0,0(sp)
     c2e:	c589                	beqz	a1,c38 <prints+0x3e>
     c30:	e701                	bnez	a4,c38 <prints+0x3e>
     c32:	03000593          	li	a1,48
     c36:	c02e                	sw	a1,0(sp)
     c38:	8a85                	andi	a3,a3,1
     c3a:	4481                	li	s1,0
     c3c:	ea95                	bnez	a3,c70 <prints+0x76>
     c3e:	84b2                	mv	s1,a2
     c40:	a00d                	j	c62 <prints+0x68>
     c42:	0785                	addi	a5,a5,1
     c44:	b7f1                	j	c10 <prints+0x16>
     c46:	8e1d                	sub	a2,a2,a5
     c48:	bff1                	j	c24 <prints+0x2a>
     c4a:	4601                	li	a2,0
     c4c:	bfe1                	j	c24 <prints+0x2a>
     c4e:	4582                	lw	a1,0(sp)
     c50:	8522                	mv	a0,s0
     c52:	c83a                	sw	a4,16(sp)
     c54:	c632                	sw	a2,12(sp)
     c56:	c43e                	sw	a5,8(sp)
     c58:	3fa9                	jal	bb2 <printchar>
     c5a:	47a2                	lw	a5,8(sp)
     c5c:	4632                	lw	a2,12(sp)
     c5e:	4742                	lw	a4,16(sp)
     c60:	14fd                	addi	s1,s1,-1
     c62:	fe9046e3          	bgtz	s1,c4e <prints+0x54>
     c66:	84b2                	mv	s1,a2
     c68:	00065363          	bgez	a2,c6e <prints+0x74>
     c6c:	4481                	li	s1,0
     c6e:	8e05                	sub	a2,a2,s1
     c70:	02e7c763          	blt	a5,a4,c9e <prints+0xa4>
     c74:	87a6                	mv	a5,s1
     c76:	4692                	lw	a3,4(sp)
     c78:	40978733          	sub	a4,a5,s1
     c7c:	9736                	add	a4,a4,a3
     c7e:	00070583          	lb	a1,0(a4)
     c82:	ed95                	bnez	a1,cbe <prints+0xc4>
     c84:	84b2                	mv	s1,a2
     c86:	04904463          	bgtz	s1,cce <prints+0xd4>
     c8a:	00065363          	bgez	a2,c90 <prints+0x96>
     c8e:	4601                	li	a2,0
     c90:	40f2                	lw	ra,28(sp)
     c92:	4462                	lw	s0,24(sp)
     c94:	44d2                	lw	s1,20(sp)
     c96:	00f60533          	add	a0,a2,a5
     c9a:	6105                	addi	sp,sp,32
     c9c:	8082                	ret
     c9e:	8f1d                	sub	a4,a4,a5
     ca0:	87ba                	mv	a5,a4
     ca2:	03000593          	li	a1,48
     ca6:	8522                	mv	a0,s0
     ca8:	c832                	sw	a2,16(sp)
     caa:	c63e                	sw	a5,12(sp)
     cac:	c43a                	sw	a4,8(sp)
     cae:	3711                	jal	bb2 <printchar>
     cb0:	47b2                	lw	a5,12(sp)
     cb2:	4722                	lw	a4,8(sp)
     cb4:	4642                	lw	a2,16(sp)
     cb6:	17fd                	addi	a5,a5,-1
     cb8:	f7ed                	bnez	a5,ca2 <prints+0xa8>
     cba:	94ba                	add	s1,s1,a4
     cbc:	bf65                	j	c74 <prints+0x7a>
     cbe:	8522                	mv	a0,s0
     cc0:	c632                	sw	a2,12(sp)
     cc2:	c43e                	sw	a5,8(sp)
     cc4:	35fd                	jal	bb2 <printchar>
     cc6:	47a2                	lw	a5,8(sp)
     cc8:	4632                	lw	a2,12(sp)
     cca:	0785                	addi	a5,a5,1
     ccc:	b76d                	j	c76 <prints+0x7c>
     cce:	4582                	lw	a1,0(sp)
     cd0:	8522                	mv	a0,s0
     cd2:	c432                	sw	a2,8(sp)
     cd4:	c23e                	sw	a5,4(sp)
     cd6:	3df1                	jal	bb2 <printchar>
     cd8:	14fd                	addi	s1,s1,-1
     cda:	4622                	lw	a2,8(sp)
     cdc:	4792                	lw	a5,4(sp)
     cde:	b765                	j	c86 <prints+0x8c>

00000ce0 <printInt>:
     ce0:	7139                	addi	sp,sp,-64
     ce2:	de06                	sw	ra,60(sp)
     ce4:	dc22                	sw	s0,56(sp)
     ce6:	da26                	sw	s1,52(sp)
     ce8:	c23e                	sw	a5,4(sp)
     cea:	8332                	mv	t1,a2
     cec:	863a                	mv	a2,a4
     cee:	ed89                	bnez	a1,d08 <printInt+0x28>
     cf0:	4692                	lw	a3,4(sp)
     cf2:	03000793          	li	a5,48
     cf6:	4701                	li	a4,0
     cf8:	086c                	addi	a1,sp,28
     cfa:	86fc                	sh	a5,28(sp)
     cfc:	3dfd                	jal	bfa <prints>
     cfe:	50f2                	lw	ra,60(sp)
     d00:	5462                	lw	s0,56(sp)
     d02:	54d2                	lw	s1,52(sp)
     d04:	6121                	addi	sp,sp,64
     d06:	8082                	ret
     d08:	84aa                	mv	s1,a0
     d0a:	8436                	mv	s0,a3
     d0c:	87ae                	mv	a5,a1
     d0e:	ca91                	beqz	a3,d22 <printInt+0x42>
     d10:	4729                	li	a4,10
     d12:	4401                	li	s0,0
     d14:	00e31763          	bne	t1,a4,d22 <printInt+0x42>
     d18:	0005d563          	bgez	a1,d22 <printInt+0x42>
     d1c:	40b007b3          	neg	a5,a1
     d20:	4405                	li	s0,1
     d22:	4686                	lw	a3,64(sp)
     d24:	020109a3          	sb	zero,51(sp)
     d28:	03310713          	addi	a4,sp,51
     d2c:	fc668693          	addi	a3,a3,-58 # 40020fc6 <__global_pointer$+0x2002078e>
     d30:	c436                	sw	a3,8(sp)
     d32:	859a                	mv	a1,t1
     d34:	853e                	mv	a0,a5
     d36:	ca32                	sw	a2,20(sp)
     d38:	c83a                	sw	a4,16(sp)
     d3a:	c61a                	sw	t1,12(sp)
     d3c:	c03e                	sw	a5,0(sp)
     d3e:	baaff0ef          	jal	ra,e8 <__umodsi3>
     d42:	46a5                	li	a3,9
     d44:	4782                	lw	a5,0(sp)
     d46:	4332                	lw	t1,12(sp)
     d48:	4742                	lw	a4,16(sp)
     d4a:	4652                	lw	a2,20(sp)
     d4c:	00a6d463          	bge	a3,a0,d54 <printInt+0x74>
     d50:	46a2                	lw	a3,8(sp)
     d52:	9536                	add	a0,a0,a3
     d54:	03050513          	addi	a0,a0,48
     d58:	fff70693          	addi	a3,a4,-1
     d5c:	fea70fa3          	sb	a0,-1(a4)
     d60:	859a                	mv	a1,t1
     d62:	853e                	mv	a0,a5
     d64:	cc32                	sw	a2,24(sp)
     d66:	ca3a                	sw	a4,20(sp)
     d68:	c81a                	sw	t1,16(sp)
     d6a:	c63e                	sw	a5,12(sp)
     d6c:	c036                	sw	a3,0(sp)
     d6e:	b4eff0ef          	jal	ra,bc <__udivsi3>
     d72:	47b2                	lw	a5,12(sp)
     d74:	4342                	lw	t1,16(sp)
     d76:	4752                	lw	a4,20(sp)
     d78:	4662                	lw	a2,24(sp)
     d7a:	0467f963          	bgeu	a5,t1,dcc <printInt+0xec>
     d7e:	cc01                	beqz	s0,d96 <printInt+0xb6>
     d80:	ca29                	beqz	a2,dd2 <printInt+0xf2>
     d82:	4792                	lw	a5,4(sp)
     d84:	8b89                	andi	a5,a5,2
     d86:	c7b1                	beqz	a5,dd2 <printInt+0xf2>
     d88:	02d00593          	li	a1,45
     d8c:	8526                	mv	a0,s1
     d8e:	c432                	sw	a2,8(sp)
     d90:	350d                	jal	bb2 <printchar>
     d92:	4622                	lw	a2,8(sp)
     d94:	167d                	addi	a2,a2,-1
     d96:	4792                	lw	a5,4(sp)
     d98:	8b91                	andi	a5,a5,4
     d9a:	c395                	beqz	a5,dbe <printInt+0xde>
     d9c:	4706                	lw	a4,64(sp)
     d9e:	06100793          	li	a5,97
     da2:	c432                	sw	a2,8(sp)
     da4:	03000593          	li	a1,48
     da8:	8526                	mv	a0,s1
     daa:	02f71e63          	bne	a4,a5,de6 <printInt+0x106>
     dae:	3511                	jal	bb2 <printchar>
     db0:	07800593          	li	a1,120
     db4:	8526                	mv	a0,s1
     db6:	3bf5                	jal	bb2 <printchar>
     db8:	4622                	lw	a2,8(sp)
     dba:	0409                	addi	s0,s0,2
     dbc:	1679                	addi	a2,a2,-2
     dbe:	4716                	lw	a4,68(sp)
     dc0:	4692                	lw	a3,4(sp)
     dc2:	4582                	lw	a1,0(sp)
     dc4:	8526                	mv	a0,s1
     dc6:	3d15                	jal	bfa <prints>
     dc8:	9522                	add	a0,a0,s0
     dca:	bf15                	j	cfe <printInt+0x1e>
     dcc:	87aa                	mv	a5,a0
     dce:	4702                	lw	a4,0(sp)
     dd0:	b78d                	j	d32 <printInt+0x52>
     dd2:	4682                	lw	a3,0(sp)
     dd4:	02d00793          	li	a5,45
     dd8:	4401                	li	s0,0
     dda:	fef68fa3          	sb	a5,-1(a3)
     dde:	ffe70793          	addi	a5,a4,-2
     de2:	c03e                	sw	a5,0(sp)
     de4:	bf4d                	j	d96 <printInt+0xb6>
     de6:	33f1                	jal	bb2 <printchar>
     de8:	05800593          	li	a1,88
     dec:	b7e1                	j	db4 <printInt+0xd4>

00000dee <printLongLongInt>:
     dee:	4501                	li	a0,0
     df0:	8082                	ret

00000df2 <printDouble>:
     df2:	4501                	li	a0,0
     df4:	8082                	ret

00000df6 <print>:
     df6:	fd810113          	addi	sp,sp,-40
     dfa:	d022                	sw	s0,32(sp)
     dfc:	ce26                	sw	s1,28(sp)
     dfe:	d206                	sw	ra,36(sp)
     e00:	c42a                	sw	a0,8(sp)
     e02:	82ae                	mv	t0,a1
     e04:	8432                	mv	s0,a2
     e06:	c602                	sw	zero,12(sp)
     e08:	4481                	li	s1,0
     e0a:	00028583          	lb	a1,0(t0)
     e0e:	ed89                	bnez	a1,e28 <print+0x32>
     e10:	47a2                	lw	a5,8(sp)
     e12:	c781                	beqz	a5,e1a <print+0x24>
     e14:	4581                	li	a1,0
     e16:	853e                	mv	a0,a5
     e18:	3b69                	jal	bb2 <printchar>
     e1a:	5092                	lw	ra,36(sp)
     e1c:	5402                	lw	s0,32(sp)
     e1e:	8526                	mv	a0,s1
     e20:	44f2                	lw	s1,28(sp)
     e22:	02810113          	addi	sp,sp,40
     e26:	8082                	ret
     e28:	02500793          	li	a5,37
     e2c:	00f58863          	beq	a1,a5,e3c <print+0x46>
     e30:	4522                	lw	a0,8(sp)
     e32:	c816                	sw	t0,16(sp)
     e34:	0485                	addi	s1,s1,1
     e36:	3bb5                	jal	bb2 <printchar>
     e38:	42c2                	lw	t0,16(sp)
     e3a:	a839                	j	e58 <print+0x62>
     e3c:	00128783          	lb	a5,1(t0)
     e40:	00128713          	addi	a4,t0,1
     e44:	00b79c63          	bne	a5,a1,e5c <print+0x66>
     e48:	4522                	lw	a0,8(sp)
     e4a:	02500593          	li	a1,37
     e4e:	c83a                	sw	a4,16(sp)
     e50:	338d                	jal	bb2 <printchar>
     e52:	4742                	lw	a4,16(sp)
     e54:	0485                	addi	s1,s1,1
     e56:	82ba                	mv	t0,a4
     e58:	0285                	addi	t0,t0,1
     e5a:	bf45                	j	e0a <print+0x14>
     e5c:	dbd5                	beqz	a5,e10 <print+0x1a>
     e5e:	02b00693          	li	a3,43
     e62:	04d78963          	beq	a5,a3,eb4 <print+0xbe>
     e66:	00f6c863          	blt	a3,a5,e76 <print+0x80>
     e6a:	02300693          	li	a3,35
     e6e:	04d78663          	beq	a5,a3,eba <print+0xc4>
     e72:	4781                	li	a5,0
     e74:	a005                	j	e94 <print+0x9e>
     e76:	02d00693          	li	a3,45
     e7a:	00d78a63          	beq	a5,a3,e8e <print+0x98>
     e7e:	03000693          	li	a3,48
     e82:	fed798e3          	bne	a5,a3,e72 <print+0x7c>
     e86:	00228713          	addi	a4,t0,2
     e8a:	4789                	li	a5,2
     e8c:	a021                	j	e94 <print+0x9e>
     e8e:	00228713          	addi	a4,t0,2
     e92:	4785                	li	a5,1
     e94:	00070683          	lb	a3,0(a4)
     e98:	02b00613          	li	a2,43
     e9c:	04c68363          	beq	a3,a2,ee2 <print+0xec>
     ea0:	02d64163          	blt	a2,a3,ec2 <print+0xcc>
     ea4:	02300613          	li	a2,35
     ea8:	02c68b63          	beq	a3,a2,ede <print+0xe8>
     eac:	82ba                	mv	t0,a4
     eae:	4501                	li	a0,0
     eb0:	46a5                	li	a3,9
     eb2:	a081                	j	ef2 <print+0xfc>
     eb4:	00228713          	addi	a4,t0,2
     eb8:	bf6d                	j	e72 <print+0x7c>
     eba:	00228713          	addi	a4,t0,2
     ebe:	4791                	li	a5,4
     ec0:	bfd1                	j	e94 <print+0x9e>
     ec2:	02d00613          	li	a2,45
     ec6:	00c68963          	beq	a3,a2,ed8 <print+0xe2>
     eca:	03000613          	li	a2,48
     ece:	fcc69fe3          	bne	a3,a2,eac <print+0xb6>
     ed2:	0027e793          	ori	a5,a5,2
     ed6:	a031                	j	ee2 <print+0xec>
     ed8:	0705                	addi	a4,a4,1
     eda:	4785                	li	a5,1
     edc:	bfc1                	j	eac <print+0xb6>
     ede:	0047e793          	ori	a5,a5,4
     ee2:	0705                	addi	a4,a4,1
     ee4:	b7e1                	j	eac <print+0xb6>
     ee6:	00251613          	slli	a2,a0,0x2
     eea:	9532                	add	a0,a0,a2
     eec:	0506                	slli	a0,a0,0x1
     eee:	953a                	add	a0,a0,a4
     ef0:	0285                	addi	t0,t0,1
     ef2:	00028603          	lb	a2,0(t0)
     ef6:	fd060713          	addi	a4,a2,-48
     efa:	0ff77593          	andi	a1,a4,255
     efe:	feb6f4e3          	bgeu	a3,a1,ee6 <print+0xf0>
     f02:	02e00713          	li	a4,46
     f06:	4699                	li	a3,6
     f08:	00e61e63          	bne	a2,a4,f24 <print+0x12e>
     f0c:	0285                	addi	t0,t0,1
     f0e:	4681                	li	a3,0
     f10:	45a5                	li	a1,9
     f12:	00028603          	lb	a2,0(t0)
     f16:	fd060613          	addi	a2,a2,-48
     f1a:	0ff67713          	andi	a4,a2,255
     f1e:	02e5f563          	bgeu	a1,a4,f48 <print+0x152>
     f22:	c636                	sw	a3,12(sp)
     f24:	00028703          	lb	a4,0(t0)
     f28:	06a00613          	li	a2,106
     f2c:	0ac70d63          	beq	a4,a2,fe6 <print+0x1f0>
     f30:	02e64363          	blt	a2,a4,f56 <print+0x160>
     f34:	04c00613          	li	a2,76
     f38:	0ac70763          	beq	a4,a2,fe6 <print+0x1f0>
     f3c:	06800613          	li	a2,104
     f40:	08c70c63          	beq	a4,a2,fd8 <print+0x1e2>
     f44:	4581                	li	a1,0
     f46:	a82d                	j	f80 <print+0x18a>
     f48:	00269713          	slli	a4,a3,0x2
     f4c:	96ba                	add	a3,a3,a4
     f4e:	0686                	slli	a3,a3,0x1
     f50:	96b2                	add	a3,a3,a2
     f52:	0285                	addi	t0,t0,1
     f54:	bf7d                	j	f12 <print+0x11c>
     f56:	07400613          	li	a2,116
     f5a:	08c70663          	beq	a4,a2,fe6 <print+0x1f0>
     f5e:	07a00613          	li	a2,122
     f62:	08c70263          	beq	a4,a2,fe6 <print+0x1f0>
     f66:	06c00613          	li	a2,108
     f6a:	4581                	li	a1,0
     f6c:	00c71a63          	bne	a4,a2,f80 <print+0x18a>
     f70:	00128603          	lb	a2,1(t0)
     f74:	458d                	li	a1,3
     f76:	00e61463          	bne	a2,a4,f7e <print+0x188>
     f7a:	0285                	addi	t0,t0,1
     f7c:	4591                	li	a1,4
     f7e:	0285                	addi	t0,t0,1
     f80:	00028603          	lb	a2,0(t0)
     f84:	06000393          	li	t2,96
     f88:	06100713          	li	a4,97
     f8c:	00c3c463          	blt	t2,a2,f94 <print+0x19e>
     f90:	04100713          	li	a4,65
     f94:	06700393          	li	t2,103
     f98:	06c3c463          	blt	t2,a2,1000 <print+0x20a>
     f9c:	06500393          	li	t2,101
     fa0:	18765363          	bge	a2,t2,1126 <print+0x330>
     fa4:	04700393          	li	t2,71
     fa8:	04c3c163          	blt	t2,a2,fea <print+0x1f4>
     fac:	04500593          	li	a1,69
     fb0:	16b65b63          	bge	a2,a1,1126 <print+0x330>
     fb4:	04300713          	li	a4,67
     fb8:	eae610e3          	bne	a2,a4,e58 <print+0x62>
     fbc:	4018                	lw	a4,0(s0)
     fbe:	00440393          	addi	t2,s0,4
     fc2:	ca16                	sw	t0,20(sp)
     fc4:	00e10c23          	sb	a4,24(sp)
     fc8:	c81e                	sw	t2,16(sp)
     fca:	00010ca3          	sb	zero,25(sp)
     fce:	4701                	li	a4,0
     fd0:	86be                	mv	a3,a5
     fd2:	862a                	mv	a2,a0
     fd4:	082c                	addi	a1,sp,24
     fd6:	a849                	j	1068 <print+0x272>
     fd8:	00128603          	lb	a2,1(t0)
     fdc:	4581                	li	a1,0
     fde:	fae611e3          	bne	a2,a4,f80 <print+0x18a>
     fe2:	0289                	addi	t0,t0,2
     fe4:	bf71                	j	f80 <print+0x18a>
     fe6:	0285                	addi	t0,t0,1
     fe8:	bfb1                	j	f44 <print+0x14e>
     fea:	06300693          	li	a3,99
     fee:	fcd607e3          	beq	a2,a3,fbc <print+0x1c6>
     ff2:	06c6ce63          	blt	a3,a2,106e <print+0x278>
     ff6:	05800693          	li	a3,88
     ffa:	02d60363          	beq	a2,a3,1020 <print+0x22a>
     ffe:	bda9                	j	e58 <print+0x62>
    1000:	07300693          	li	a3,115
    1004:	04d60463          	beq	a2,a3,104c <print+0x256>
    1008:	02c6cb63          	blt	a3,a2,103e <print+0x248>
    100c:	06f00693          	li	a3,111
    1010:	0ed60263          	beq	a2,a3,10f4 <print+0x2fe>
    1014:	07000693          	li	a3,112
    1018:	0047e793          	ori	a5,a5,4
    101c:	e2d61ee3          	bne	a2,a3,e58 <print+0x62>
    1020:	4691                	li	a3,4
    1022:	0ad59f63          	bne	a1,a3,10e0 <print+0x2ea>
    1026:	00840393          	addi	t2,s0,8
    102a:	400c                	lw	a1,0(s0)
    102c:	4050                	lw	a2,4(s0)
    102e:	ca16                	sw	t0,20(sp)
    1030:	c23a                	sw	a4,4(sp)
    1032:	c03e                	sw	a5,0(sp)
    1034:	c81e                	sw	t2,16(sp)
    1036:	87aa                	mv	a5,a0
    1038:	4701                	li	a4,0
    103a:	46c1                	li	a3,16
    103c:	a0b9                	j	108a <print+0x294>
    103e:	07500693          	li	a3,117
    1042:	06d60863          	beq	a2,a3,10b2 <print+0x2bc>
    1046:	07800693          	li	a3,120
    104a:	bf45                	j	ffa <print+0x204>
    104c:	4018                	lw	a4,0(s0)
    104e:	000016b7          	lui	a3,0x1
    1052:	00440393          	addi	t2,s0,4
    1056:	28468593          	addi	a1,a3,644 # 1284 <reverse_table+0x10>
    105a:	c311                	beqz	a4,105e <print+0x268>
    105c:	85ba                	mv	a1,a4
    105e:	4732                	lw	a4,12(sp)
    1060:	ca16                	sw	t0,20(sp)
    1062:	c81e                	sw	t2,16(sp)
    1064:	86be                	mv	a3,a5
    1066:	862a                	mv	a2,a0
    1068:	4522                	lw	a0,8(sp)
    106a:	3e41                	jal	bfa <prints>
    106c:	a00d                	j	108e <print+0x298>
    106e:	4691                	li	a3,4
    1070:	02d59463          	bne	a1,a3,1098 <print+0x2a2>
    1074:	00840393          	addi	t2,s0,8
    1078:	400c                	lw	a1,0(s0)
    107a:	4050                	lw	a2,4(s0)
    107c:	ca16                	sw	t0,20(sp)
    107e:	c23a                	sw	a4,4(sp)
    1080:	c03e                	sw	a5,0(sp)
    1082:	c81e                	sw	t2,16(sp)
    1084:	87aa                	mv	a5,a0
    1086:	4705                	li	a4,1
    1088:	46a9                	li	a3,10
    108a:	4522                	lw	a0,8(sp)
    108c:	338d                	jal	dee <printLongLongInt>
    108e:	43c2                	lw	t2,16(sp)
    1090:	94aa                	add	s1,s1,a0
    1092:	841e                	mv	s0,t2
    1094:	42d2                	lw	t0,20(sp)
    1096:	b3c9                	j	e58 <print+0x62>
    1098:	46b2                	lw	a3,12(sp)
    109a:	400c                	lw	a1,0(s0)
    109c:	c816                	sw	t0,16(sp)
    109e:	c236                	sw	a3,4(sp)
    10a0:	c03a                	sw	a4,0(sp)
    10a2:	0411                	addi	s0,s0,4
    10a4:	872a                	mv	a4,a0
    10a6:	4685                	li	a3,1
    10a8:	4629                	li	a2,10
    10aa:	4522                	lw	a0,8(sp)
    10ac:	3915                	jal	ce0 <printInt>
    10ae:	94aa                	add	s1,s1,a0
    10b0:	b361                	j	e38 <print+0x42>
    10b2:	4691                	li	a3,4
    10b4:	00d59d63          	bne	a1,a3,10ce <print+0x2d8>
    10b8:	00840393          	addi	t2,s0,8
    10bc:	400c                	lw	a1,0(s0)
    10be:	4050                	lw	a2,4(s0)
    10c0:	ca16                	sw	t0,20(sp)
    10c2:	c23a                	sw	a4,4(sp)
    10c4:	c03e                	sw	a5,0(sp)
    10c6:	c81e                	sw	t2,16(sp)
    10c8:	87aa                	mv	a5,a0
    10ca:	4701                	li	a4,0
    10cc:	bf75                	j	1088 <print+0x292>
    10ce:	46b2                	lw	a3,12(sp)
    10d0:	400c                	lw	a1,0(s0)
    10d2:	c816                	sw	t0,16(sp)
    10d4:	c236                	sw	a3,4(sp)
    10d6:	c03a                	sw	a4,0(sp)
    10d8:	0411                	addi	s0,s0,4
    10da:	872a                	mv	a4,a0
    10dc:	4681                	li	a3,0
    10de:	b7e9                	j	10a8 <print+0x2b2>
    10e0:	46b2                	lw	a3,12(sp)
    10e2:	c816                	sw	t0,16(sp)
    10e4:	400c                	lw	a1,0(s0)
    10e6:	4641                	li	a2,16
    10e8:	c236                	sw	a3,4(sp)
    10ea:	c03a                	sw	a4,0(sp)
    10ec:	0411                	addi	s0,s0,4
    10ee:	872a                	mv	a4,a0
    10f0:	4681                	li	a3,0
    10f2:	bf65                	j	10aa <print+0x2b4>
    10f4:	4691                	li	a3,4
    10f6:	00d59e63          	bne	a1,a3,1112 <print+0x31c>
    10fa:	00840393          	addi	t2,s0,8
    10fe:	400c                	lw	a1,0(s0)
    1100:	4050                	lw	a2,4(s0)
    1102:	ca16                	sw	t0,20(sp)
    1104:	c23a                	sw	a4,4(sp)
    1106:	c03e                	sw	a5,0(sp)
    1108:	c81e                	sw	t2,16(sp)
    110a:	87aa                	mv	a5,a0
    110c:	4701                	li	a4,0
    110e:	46a1                	li	a3,8
    1110:	bfad                	j	108a <print+0x294>
    1112:	46b2                	lw	a3,12(sp)
    1114:	400c                	lw	a1,0(s0)
    1116:	c816                	sw	t0,16(sp)
    1118:	c236                	sw	a3,4(sp)
    111a:	c03a                	sw	a4,0(sp)
    111c:	0411                	addi	s0,s0,4
    111e:	872a                	mv	a4,a0
    1120:	4681                	li	a3,0
    1122:	4621                	li	a2,8
    1124:	b759                	j	10aa <print+0x2b4>
    1126:	400c                	lw	a1,0(s0)
    1128:	00840613          	addi	a2,s0,8
    112c:	4040                	lw	s0,4(s0)
    112e:	c23a                	sw	a4,4(sp)
    1130:	872a                	mv	a4,a0
    1132:	4522                	lw	a0,8(sp)
    1134:	c832                	sw	a2,16(sp)
    1136:	c03e                	sw	a5,0(sp)
    1138:	8622                	mv	a2,s0
    113a:	87b6                	mv	a5,a3
    113c:	46a9                	li	a3,10
    113e:	ca16                	sw	t0,20(sp)
    1140:	394d                	jal	df2 <printDouble>
    1142:	94aa                	add	s1,s1,a0
    1144:	4442                	lw	s0,16(sp)
    1146:	b7b9                	j	1094 <print+0x29e>

00001148 <printf>:
    1148:	fdc10113          	addi	sp,sp,-36
    114c:	c82e                	sw	a1,16(sp)
    114e:	ca32                	sw	a2,20(sp)
    1150:	85aa                	mv	a1,a0
    1152:	0810                	addi	a2,sp,16
    1154:	4501                	li	a0,0
    1156:	c606                	sw	ra,12(sp)
    1158:	cc36                	sw	a3,24(sp)
    115a:	ce3a                	sw	a4,28(sp)
    115c:	d03e                	sw	a5,32(sp)
    115e:	c032                	sw	a2,0(sp)
    1160:	3959                	jal	df6 <print>
    1162:	40b2                	lw	ra,12(sp)
    1164:	02410113          	addi	sp,sp,36
    1168:	8082                	ret

0000116a <memcpy>:
    116a:	00a5c7b3          	xor	a5,a1,a0
    116e:	8b8d                	andi	a5,a5,3
    1170:	00c50733          	add	a4,a0,a2
    1174:	e781                	bnez	a5,117c <memcpy+0x12>
    1176:	478d                	li	a5,3
    1178:	02c7e763          	bltu	a5,a2,11a6 <memcpy+0x3c>
    117c:	87aa                	mv	a5,a0
    117e:	0ae57e63          	bgeu	a0,a4,123a <memcpy+0xd0>
    1182:	2194                	lbu	a3,0(a1)
    1184:	0785                	addi	a5,a5,1
    1186:	0585                	addi	a1,a1,1
    1188:	fed78fa3          	sb	a3,-1(a5)
    118c:	fee7ebe3          	bltu	a5,a4,1182 <memcpy+0x18>
    1190:	8082                	ret
    1192:	2194                	lbu	a3,0(a1)
    1194:	0785                	addi	a5,a5,1
    1196:	0585                	addi	a1,a1,1
    1198:	fed78fa3          	sb	a3,-1(a5)
    119c:	fee7ebe3          	bltu	a5,a4,1192 <memcpy+0x28>
    11a0:	4402                	lw	s0,0(sp)
    11a2:	0111                	addi	sp,sp,4
    11a4:	8082                	ret
    11a6:	00357693          	andi	a3,a0,3
    11aa:	87aa                	mv	a5,a0
    11ac:	ca89                	beqz	a3,11be <memcpy+0x54>
    11ae:	2194                	lbu	a3,0(a1)
    11b0:	0785                	addi	a5,a5,1
    11b2:	0585                	addi	a1,a1,1
    11b4:	fed78fa3          	sb	a3,-1(a5)
    11b8:	0037f693          	andi	a3,a5,3
    11bc:	bfc5                	j	11ac <memcpy+0x42>
    11be:	ffc77693          	andi	a3,a4,-4
    11c2:	fe068613          	addi	a2,a3,-32
    11c6:	06c7f563          	bgeu	a5,a2,1230 <memcpy+0xc6>
    11ca:	1171                	addi	sp,sp,-4
    11cc:	c022                	sw	s0,0(sp)
    11ce:	49c0                	lw	s0,20(a1)
    11d0:	0005a303          	lw	t1,0(a1)
    11d4:	0085a383          	lw	t2,8(a1)
    11d8:	cbc0                	sw	s0,20(a5)
    11da:	4d80                	lw	s0,24(a1)
    11dc:	0067a023          	sw	t1,0(a5)
    11e0:	0045a303          	lw	t1,4(a1)
    11e4:	cf80                	sw	s0,24(a5)
    11e6:	4dc0                	lw	s0,28(a1)
    11e8:	0067a223          	sw	t1,4(a5)
    11ec:	00c5a283          	lw	t0,12(a1)
    11f0:	0105a303          	lw	t1,16(a1)
    11f4:	02458593          	addi	a1,a1,36
    11f8:	cfc0                	sw	s0,28(a5)
    11fa:	ffc5a403          	lw	s0,-4(a1)
    11fe:	0077a423          	sw	t2,8(a5)
    1202:	0057a623          	sw	t0,12(a5)
    1206:	0067a823          	sw	t1,16(a5)
    120a:	02478793          	addi	a5,a5,36
    120e:	fe87ae23          	sw	s0,-4(a5)
    1212:	fac7eee3          	bltu	a5,a2,11ce <memcpy+0x64>
    1216:	f8d7f3e3          	bgeu	a5,a3,119c <memcpy+0x32>
    121a:	4190                	lw	a2,0(a1)
    121c:	0791                	addi	a5,a5,4
    121e:	0591                	addi	a1,a1,4
    1220:	fec7ae23          	sw	a2,-4(a5)
    1224:	bfcd                	j	1216 <memcpy+0xac>
    1226:	4190                	lw	a2,0(a1)
    1228:	0791                	addi	a5,a5,4
    122a:	0591                	addi	a1,a1,4
    122c:	fec7ae23          	sw	a2,-4(a5)
    1230:	fed7ebe3          	bltu	a5,a3,1226 <memcpy+0xbc>
    1234:	f4e7e7e3          	bltu	a5,a4,1182 <memcpy+0x18>
    1238:	8082                	ret
    123a:	8082                	ret
    123c:	0060                	addi	s0,sp,12
    123e:	0000                	unimp
    1240:	00000003          	lb	zero,0(zero) # 0 <_sinit>
    1244:	0018                	0x18
    1246:	0000                	unimp
    1248:	74737953          	0x74737953
    124c:	6d65                	lui	s10,0x19
    124e:	3a6b6c43          	fmadd.d	fs8,fs6,ft6,ft7,unknown
    1252:	2520                	lbu	s0,10(a0)
    1254:	0d64                	addi	s1,sp,668
    1256:	000a                	c.slli	zero,0x2
    1258:	70696843          	fmadd.s	fa6,fs2,ft6,fa4,unknown
    125c:	4449                	li	s0,18
    125e:	203a                	lhu	a4,2(s0)
    1260:	3025                	jal	a88 <USART_Init+0x9e>
    1262:	7838                	flw	fa4,112(s0)
    1264:	0a0d                	addi	s4,s4,3
	...

00001268 <numbrid>:
    1268:	063f 4f5b 6d66 077d 6f7f 0000               ?.[Ofm}..o..

00001274 <reverse_table>:
    1274:	0800 0c04 0a02 0e06 0901 0d05 0b03 0f07     ................
    1284:	6e28 6c75 296c 0000                         (null)..
