
CH32V003F4P_ART.elf:     file format elf32-littleriscv
CH32V003F4P_ART.elf
architecture: riscv:rv32, flags 0x00000112:
EXEC_P, HAS_SYMS, D_PAGED
start address 0x00000000

Program Header:
    LOAD off    0x00001000 vaddr 0x00000000 paddr 0x00000000 align 2**12
         filesz 0x00000f74 memsz 0x00000f74 flags r-x
    LOAD off    0x00002000 vaddr 0x20000000 paddr 0x00000f74 align 2**12
         filesz 0x00000038 memsz 0x00000044 flags rw-
    LOAD off    0x00002700 vaddr 0x20000700 paddr 0x20000700 align 2**12
         filesz 0x00000000 memsz 0x00000100 flags rw-

Sections:
Idx Name          Size      VMA       LMA       File off  Algn
  0 .init         000000a0  00000000  00000000  00001000  2**2
                  CONTENTS, ALLOC, LOAD, READONLY, CODE
  1 .highcodelalign 00000000  000000a0  000000a0  00002038  2**0
                  CONTENTS
  2 .highcode     00000000  20000000  20000000  00002038  2**0
                  CONTENTS
  3 .text         00000ed4  000000a0  000000a0  000010a0  2**2
                  CONTENTS, ALLOC, LOAD, READONLY, CODE
  4 .fini         00000000  00000f74  00000f74  00002038  2**0
                  CONTENTS, ALLOC, LOAD, CODE
  5 .dalign       00000000  20000000  20000000  00002038  2**0
                  CONTENTS
  6 .dlalign      00000000  00000f74  00000f74  00002038  2**0
                  CONTENTS
  7 .data         00000038  20000000  00000f74  00002000  2**2
                  CONTENTS, ALLOC, LOAD, DATA
  8 .bss          0000000c  20000038  00000fac  00002038  2**2
                  ALLOC
  9 .stack        00000100  20000700  20000700  00002700  2**0
                  ALLOC
 10 .debug_info   0000978b  00000000  00000000  00002038  2**0
                  CONTENTS, READONLY, DEBUGGING
 11 .debug_abbrev 00001e2d  00000000  00000000  0000b7c3  2**0
                  CONTENTS, READONLY, DEBUGGING
 12 .debug_aranges 000004d0  00000000  00000000  0000d5f0  2**3
                  CONTENTS, READONLY, DEBUGGING
 13 .debug_ranges 000004d0  00000000  00000000  0000dac0  2**3
                  CONTENTS, READONLY, DEBUGGING
 14 .debug_line   00005a48  00000000  00000000  0000df90  2**0
                  CONTENTS, READONLY, DEBUGGING
 15 .debug_str    00001967  00000000  00000000  000139d8  2**0
                  CONTENTS, READONLY, DEBUGGING
 16 .comment      00000033  00000000  00000000  0001533f  2**0
                  CONTENTS, READONLY
 17 .debug_frame  000009f4  00000000  00000000  00015374  2**2
                  CONTENTS, READONLY, DEBUGGING
 18 .debug_loc    00001af0  00000000  00000000  00015d68  2**0
                  CONTENTS, READONLY, DEBUGGING
SYMBOL TABLE:
00000000 l    d  .init	00000000 .init
000000a0 l    d  .highcodelalign	00000000 .highcodelalign
20000000 l    d  .highcode	00000000 .highcode
000000a0 l    d  .text	00000000 .text
00000f74 l    d  .fini	00000000 .fini
20000000 l    d  .dalign	00000000 .dalign
00000f74 l    d  .dlalign	00000000 .dlalign
20000000 l    d  .data	00000000 .data
20000038 l    d  .bss	00000000 .bss
20000700 l    d  .stack	00000000 .stack
00000000 l    d  .debug_info	00000000 .debug_info
00000000 l    d  .debug_abbrev	00000000 .debug_abbrev
00000000 l    d  .debug_aranges	00000000 .debug_aranges
00000000 l    d  .debug_ranges	00000000 .debug_ranges
00000000 l    d  .debug_line	00000000 .debug_line
00000000 l    d  .debug_str	00000000 .debug_str
00000000 l    d  .comment	00000000 .comment
00000000 l    d  .debug_frame	00000000 .debug_frame
00000000 l    d  .debug_loc	00000000 .debug_loc
00000000 l    df *ABS*	00000000 ch32v00x_it.c
00000000 l    df *ABS*	00000000 main.c
00000000 l    df *ABS*	00000000 system_ch32v00x.c
00000000 l    df *ABS*	00000000 ch32v00x_dbgmcu.c
00000000 l    df *ABS*	00000000 ch32v00x_gpio.c
00000000 l    df *ABS*	00000000 ch32v00x_misc.c
00000000 l    df *ABS*	00000000 ch32v00x_rcc.c
20000014 l     O .data	00000014 ADCPrescTable
20000028 l     O .data	00000010 APBAHBPrescTable
00000000 l    df *ABS*	00000000 ch32v00x_spi.c
00000000 l    df *ABS*	00000000 ch32v00x_usart.c
00000000 l    df *ABS*	00000000 debug.c
20000040 l     O .bss	00000002 p_ms
20000042 l     O .bss	00000001 p_us
00000000 l    df *ABS*	00000000 wchprintf.c
00000000 l    df *ABS*	00000000 memcpy.c
00000adc  w    F .text	00000004 printDouble
00000ae0  w    F .text	00000352 print
00000e32  w    F .text	00000022 printf
20000838 g       .data	00000000 __global_pointer$
00000436  w      .text	00000000 TIM1_CC_IRQHandler
00000698 g     F .text	00000004 SPI_I2S_SendData
0000014c g     F .text	00000010 HardFault_Handler
000009ca  w    F .text	0000010e printInt
00000436  w      .text	00000000 SysTick_Handler
00000436  w      .text	00000000 PVD_IRQHandler
0000014a g     F .text	00000002 NMI_Handler
000004e8 g     F .text	0000000a DBGMCU_GetCHIPID
00000784 g     F .text	0000000a USART_GetFlagStatus
20000038 g       .bss	00000000 _sbss
00000100 g       *ABS*	00000000 __stack_size
000007fc g     F .text	00000054 USART_Printf_Init
000000aa g     F .text	0000000a .hidden __riscv_restore_2
00000e54 g     F .text	000000d2 memcpy
00000ad8  w    F .text	00000004 printLongLongInt
20000038 g     O .bss	00000004 ticks_per_us
20000010 g     O .data	00000004 SystemCoreClock
000000d4 g     F .text	0000002c .hidden __udivsi3
000000a0 g       .init	00000000 _einit
0000062e g     F .text	0000001e RCC_APB2PeriphClockCmd
000004f2 g     F .text	0000007c GPIO_Init
2000003c g     O .bss	00000004 NVIC_Priority_Group
00000436  w      .text	00000000 SPI1_IRQHandler
00000766 g     F .text	00000016 USART_Cmd
000000a0 g     F .text	0000000a .hidden __riscv_save_1
000000aa g     F .text	0000000a .hidden __riscv_restore_0
00000436  w      .text	00000000 AWU_IRQHandler
00000436  w      .text	00000000 EXTI7_0_IRQHandler
000001f0 g     F .text	0000002a SPI_SR_Send
20000700 g       .stack	00000000 _heap_end
0000069c g     F .text	0000000a SPI_I2S_GetFlagStatus
00000436  w      .text	00000000 DMA1_Channel4_IRQHandler
00000436  w      .text	00000000 ADC1_IRQHandler
20000044 g       .bss	00000000 _ebss
00000436  w      .text	00000000 DMA1_Channel7_IRQHandler
0000078e g     F .text	00000034 Delay_Init
0000056e g     F .text	00000004 GPIO_SetBits
00000100 g     F .text	00000008 .hidden __umodsi3
00000436  w      .text	00000000 I2C1_EV_IRQHandler
00000592 g     F .text	0000009c RCC_GetClocksFreq
00000190 g     F .text	00000060 SPI_SR_Init
00000436  w      .text	00000000 DMA1_Channel6_IRQHandler
000006a6 g     F .text	000000c0 USART_Init
00000436  w      .text	00000000 RCC_IRQHandler
0000021a g     F .text	00000016 SPI_SR_latch
00000436  w      .text	00000000 TIM1_TRG_COM_IRQHandler
00000436  w      .text	00000000 DMA1_Channel1_IRQHandler
00000000 g       .init	00000000 _start
20000000 g     O .data	00000010 AHBPrescTable
000008e4  w    F .text	000000e6 prints
20000000 g       .highcode	00000000 _highcode_vma_start
000000b4 g     F .text	00000014 .hidden __mulsi3
00000572 g     F .text	00000004 GPIO_ResetBits
20000000 g       .dalign	00000000 _data_vma
00000580 g     F .text	00000012 RCC_AdjustHSICalibrationValue
00000230 g     F .text	0000006c main
00000436  w      .text	00000000 DMA1_Channel5_IRQHandler
000000cc g     F .text	00000058 .hidden __divsi3
000007c2 g     F .text	0000003a Delay_Ms
0000015c g     F .text	00000034 SysTick_FreeRunning_Init
0000067e g     F .text	0000001a SPI_Cmd
000000a0 g       .highcodelalign	00000000 _highcode_lma
0000029c g     F .text	00000132 SystemInit
0000089c  w    F .text	00000048 printchar
00000000 g       .init	00000000 _sinit
00000436  w      .text	00000000 DMA1_Channel3_IRQHandler
00000436  w      .text	00000000 TIM1_UP_IRQHandler
00000436  w      .text	00000000 WWDG_IRQHandler
00000436  w      .text	00000000 TIM2_IRQHandler
20000800 g       .stack	00000000 _eusrstack
000000a0 g     F .text	0000000a .hidden __riscv_save_2
00000436  w      .text	00000000 SW_Handler
00000436  w      .text	00000000 TIM1_BRK_IRQHandler
0000077c g     F .text	00000008 USART_SendData
00000850 g     F .text	0000004c _write
20000038 g       .data	00000000 _edata
20000044 g       .bss	00000000 _end
20000000 g       .highcode	00000000 _highcode_vma_end
00000f74 g       .dlalign	00000000 _data_lma
000003ce g     F .text	00000068 SystemCoreClockUpdate
00000124 g     F .text	00000024 .hidden __modsi3
00000436  w      .text	00000000 DMA1_Channel2_IRQHandler
00000438  w      .text	00000000 handle_reset
00000436  w      .text	00000000 FLASH_IRQHandler
000000a0 g     F .text	0000000a .hidden __riscv_save_0
00000436  w      .text	00000000 USART1_IRQHandler
00000f60 g     O .text	0000000a numbrid
00000436  w      .text	00000000 I2C1_ER_IRQHandler
0000064c g     F .text	00000032 SPI_Init
00000576 g     F .text	0000000a NVIC_PriorityGroupConfig
000000aa g     F .text	0000000a .hidden __riscv_restore_1



Disassembly of section .init:

00000000 <_sinit>:
   0:	4380006f          	j	438 <handle_reset>
   4:	0000                	unimp
   6:	0000                	unimp
   8:	014a                	slli	sp,sp,0x12
   a:	0000                	unimp
   c:	014c                	addi	a1,sp,132
	...
  2e:	0000                	unimp
  30:	0436                	slli	s0,s0,0xd
  32:	0000                	unimp
  34:	0000                	unimp
  36:	0000                	unimp
  38:	0436                	slli	s0,s0,0xd
  3a:	0000                	unimp
  3c:	0000                	unimp
  3e:	0000                	unimp
  40:	0436                	slli	s0,s0,0xd
  42:	0000                	unimp
  44:	0436                	slli	s0,s0,0xd
  46:	0000                	unimp
  48:	0436                	slli	s0,s0,0xd
  4a:	0000                	unimp
  4c:	0436                	slli	s0,s0,0xd
  4e:	0000                	unimp
  50:	0436                	slli	s0,s0,0xd
  52:	0000                	unimp
  54:	0436                	slli	s0,s0,0xd
  56:	0000                	unimp
  58:	0436                	slli	s0,s0,0xd
  5a:	0000                	unimp
  5c:	0436                	slli	s0,s0,0xd
  5e:	0000                	unimp
  60:	0436                	slli	s0,s0,0xd
  62:	0000                	unimp
  64:	0436                	slli	s0,s0,0xd
  66:	0000                	unimp
  68:	0436                	slli	s0,s0,0xd
  6a:	0000                	unimp
  6c:	0436                	slli	s0,s0,0xd
  6e:	0000                	unimp
  70:	0436                	slli	s0,s0,0xd
  72:	0000                	unimp
  74:	0436                	slli	s0,s0,0xd
  76:	0000                	unimp
  78:	0436                	slli	s0,s0,0xd
  7a:	0000                	unimp
  7c:	0436                	slli	s0,s0,0xd
  7e:	0000                	unimp
  80:	0436                	slli	s0,s0,0xd
  82:	0000                	unimp
  84:	0436                	slli	s0,s0,0xd
  86:	0000                	unimp
  88:	0436                	slli	s0,s0,0xd
  8a:	0000                	unimp
  8c:	0436                	slli	s0,s0,0xd
  8e:	0000                	unimp
  90:	0436                	slli	s0,s0,0xd
  92:	0000                	unimp
  94:	0436                	slli	s0,s0,0xd
  96:	0000                	unimp
  98:	0436                	slli	s0,s0,0xd
  9a:	0000                	unimp
  9c:	0000                	unimp
	...

Disassembly of section .text:

000000a0 <__riscv_save_0>:
  a0:	1151                	addi	sp,sp,-12
  a2:	c026                	sw	s1,0(sp)
  a4:	c222                	sw	s0,4(sp)
  a6:	c406                	sw	ra,8(sp)
  a8:	8282                	jr	t0

000000aa <__riscv_restore_0>:
  aa:	4482                	lw	s1,0(sp)
  ac:	4412                	lw	s0,4(sp)
  ae:	40a2                	lw	ra,8(sp)
  b0:	0131                	addi	sp,sp,12
  b2:	8082                	ret

000000b4 <__mulsi3>:
  b4:	862a                	mv	a2,a0
  b6:	4501                	li	a0,0
  b8:	0015f693          	andi	a3,a1,1
  bc:	c291                	beqz	a3,c0 <__mulsi3+0xc>
  be:	9532                	add	a0,a0,a2
  c0:	8185                	srli	a1,a1,0x1
  c2:	0606                	slli	a2,a2,0x1
  c4:	f9f5                	bnez	a1,b8 <__mulsi3+0x4>
  c6:	8082                	ret
  c8:	0000                	unimp
	...

000000cc <__divsi3>:
  cc:	02054e63          	bltz	a0,108 <__umodsi3+0x8>
  d0:	0405c363          	bltz	a1,116 <__umodsi3+0x16>

000000d4 <__udivsi3>:
  d4:	862e                	mv	a2,a1
  d6:	85aa                	mv	a1,a0
  d8:	557d                	li	a0,-1
  da:	c215                	beqz	a2,fe <__udivsi3+0x2a>
  dc:	4685                	li	a3,1
  de:	00b67863          	bgeu	a2,a1,ee <__udivsi3+0x1a>
  e2:	00c05663          	blez	a2,ee <__udivsi3+0x1a>
  e6:	0606                	slli	a2,a2,0x1
  e8:	0686                	slli	a3,a3,0x1
  ea:	feb66ce3          	bltu	a2,a1,e2 <__udivsi3+0xe>
  ee:	4501                	li	a0,0
  f0:	00c5e463          	bltu	a1,a2,f8 <__udivsi3+0x24>
  f4:	8d91                	sub	a1,a1,a2
  f6:	8d55                	or	a0,a0,a3
  f8:	8285                	srli	a3,a3,0x1
  fa:	8205                	srli	a2,a2,0x1
  fc:	faf5                	bnez	a3,f0 <__udivsi3+0x1c>
  fe:	8082                	ret

00000100 <__umodsi3>:
 100:	8286                	mv	t0,ra
 102:	3fc9                	jal	d4 <__udivsi3>
 104:	852e                	mv	a0,a1
 106:	8282                	jr	t0
 108:	40a00533          	neg	a0,a0
 10c:	0005d763          	bgez	a1,11a <__umodsi3+0x1a>
 110:	40b005b3          	neg	a1,a1
 114:	b7c1                	j	d4 <__udivsi3>
 116:	40b005b3          	neg	a1,a1
 11a:	8286                	mv	t0,ra
 11c:	3f65                	jal	d4 <__udivsi3>
 11e:	40a00533          	neg	a0,a0
 122:	8282                	jr	t0

00000124 <__modsi3>:
 124:	8286                	mv	t0,ra
 126:	0005c763          	bltz	a1,134 <__modsi3+0x10>
 12a:	00054963          	bltz	a0,13c <__modsi3+0x18>
 12e:	375d                	jal	d4 <__udivsi3>
 130:	852e                	mv	a0,a1
 132:	8282                	jr	t0
 134:	40b005b3          	neg	a1,a1
 138:	fe055be3          	bgez	a0,12e <__modsi3+0xa>
 13c:	40a00533          	neg	a0,a0
 140:	3f51                	jal	d4 <__udivsi3>
 142:	40b00533          	neg	a0,a1
 146:	8282                	jr	t0
	...

0000014a <NMI_Handler>:
 14a:	a001                	j	14a <NMI_Handler>

0000014c <HardFault_Handler>:
 14c:	beef07b7          	lui	a5,0xbeef0
 150:	e000e737          	lui	a4,0xe000e
 154:	08078793          	addi	a5,a5,128 # beef0080 <__global_pointer$+0x9eeef848>
 158:	c73c                	sw	a5,72(a4)
 15a:	a001                	j	15a <HardFault_Handler+0xe>

0000015c <SysTick_FreeRunning_Init>:
 15c:	f45ff2ef          	jal	t0,a0 <__riscv_save_0>
 160:	200007b7          	lui	a5,0x20000
 164:	0107a503          	lw	a0,16(a5) # 20000010 <SystemCoreClock>
 168:	000f45b7          	lui	a1,0xf4
 16c:	24058593          	addi	a1,a1,576 # f4240 <_data_lma+0xf32cc>
 170:	3795                	jal	d4 <__udivsi3>
 172:	200007b7          	lui	a5,0x20000
 176:	02a7ac23          	sw	a0,56(a5) # 20000038 <_edata>
 17a:	e000f7b7          	lui	a5,0xe000f
 17e:	0007a023          	sw	zero,0(a5) # e000f000 <__global_pointer$+0xc000e7c8>
 182:	0007a423          	sw	zero,8(a5)
 186:	577d                	li	a4,-1
 188:	cb98                	sw	a4,16(a5)
 18a:	4715                	li	a4,5
 18c:	c398                	sw	a4,0(a5)
 18e:	bf31                	j	aa <__riscv_restore_0>

00000190 <SPI_SR_Init>:
 190:	f11ff2ef          	jal	t0,a0 <__riscv_save_0>
 194:	6505                	lui	a0,0x1
 196:	1101                	addi	sp,sp,-32
 198:	4585                	li	a1,1
 19a:	0541                	addi	a0,a0,16
 19c:	2949                	jal	62e <RCC_APB2PeriphClockCmd>
 19e:	6585                	lui	a1,0x1
 1a0:	4631                	li	a2,12
 1a2:	f3458593          	addi	a1,a1,-204 # f34 <memcpy+0xe0>
 1a6:	850a                	mv	a0,sp
 1a8:	4ad000ef          	jal	ra,e54 <memcpy>
 1ac:	858a                	mv	a1,sp
 1ae:	40011537          	lui	a0,0x40011
 1b2:	2681                	jal	4f2 <GPIO_Init>
 1b4:	4441                	li	s0,16
 1b6:	47a1                	li	a5,8
 1b8:	858a                	mv	a1,sp
 1ba:	40011537          	lui	a0,0x40011
 1be:	807c                	sh	a5,0(sp)
 1c0:	c422                	sw	s0,8(sp)
 1c2:	2e05                	jal	4f2 <GPIO_Init>
 1c4:	0104c7b7          	lui	a5,0x104c
 1c8:	ca02                	sw	zero,20(sp)
 1ca:	cc02                	sw	zero,24(sp)
 1cc:	c63e                	sw	a5,12(sp)
 1ce:	006c                	addi	a1,sp,12
 1d0:	20000793          	li	a5,512
 1d4:	40013537          	lui	a0,0x40013
 1d8:	83fc                	sh	a5,22(sp)
 1da:	84e0                	sh	s0,24(sp)
 1dc:	c802                	sw	zero,16(sp)
 1de:	00011e23          	sh	zero,28(sp)
 1e2:	21ad                	jal	64c <SPI_Init>
 1e4:	4585                	li	a1,1
 1e6:	40013537          	lui	a0,0x40013
 1ea:	2951                	jal	67e <SPI_Cmd>
 1ec:	6105                	addi	sp,sp,32
 1ee:	bd75                	j	aa <__riscv_restore_0>

000001f0 <SPI_SR_Send>:
 1f0:	eb1ff2ef          	jal	t0,a0 <__riscv_save_0>
 1f4:	842a                	mv	s0,a0
 1f6:	4589                	li	a1,2
 1f8:	40013537          	lui	a0,0x40013
 1fc:	2145                	jal	69c <SPI_I2S_GetFlagStatus>
 1fe:	dd65                	beqz	a0,1f6 <SPI_SR_Send+0x6>
 200:	85a2                	mv	a1,s0
 202:	40013537          	lui	a0,0x40013
 206:	2949                	jal	698 <SPI_I2S_SendData>
 208:	08000593          	li	a1,128
 20c:	40013537          	lui	a0,0x40013
 210:	2171                	jal	69c <SPI_I2S_GetFlagStatus>
 212:	4785                	li	a5,1
 214:	fef50ae3          	beq	a0,a5,208 <SPI_SR_Send+0x18>
 218:	bd49                	j	aa <__riscv_restore_0>

0000021a <SPI_SR_latch>:
 21a:	e87ff2ef          	jal	t0,a0 <__riscv_save_0>
 21e:	45a1                	li	a1,8
 220:	40011537          	lui	a0,0x40011
 224:	26a9                	jal	56e <GPIO_SetBits>
 226:	45a1                	li	a1,8
 228:	40011537          	lui	a0,0x40011
 22c:	2699                	jal	572 <GPIO_ResetBits>
 22e:	bdb5                	j	aa <__riscv_restore_0>

00000230 <main>:
 230:	e71ff2ef          	jal	t0,a0 <__riscv_save_0>
 234:	1171                	addi	sp,sp,-4
 236:	209d                	jal	29c <SystemInit>
 238:	4505                	li	a0,1
 23a:	2e35                	jal	576 <NVIC_PriorityGroupConfig>
 23c:	2a49                	jal	3ce <SystemCoreClockUpdate>
 23e:	2b81                	jal	78e <Delay_Init>
 240:	3f31                	jal	15c <SysTick_FreeRunning_Init>
 242:	6571                	lui	a0,0x1c
 244:	20050513          	addi	a0,a0,512 # 1c200 <_data_lma+0x1b28c>
 248:	2b55                	jal	7fc <USART_Printf_Init>
 24a:	3799                	jal	190 <SPI_SR_Init>
 24c:	200007b7          	lui	a5,0x20000
 250:	0107a583          	lw	a1,16(a5) # 20000010 <SystemCoreClock>
 254:	00001537          	lui	a0,0x1
 258:	f4050513          	addi	a0,a0,-192 # f40 <memcpy+0xec>
 25c:	3d7000ef          	jal	ra,e32 <printf>
 260:	2461                	jal	4e8 <DBGMCU_GetCHIPID>
 262:	85aa                	mv	a1,a0
 264:	00001537          	lui	a0,0x1
 268:	f5050513          	addi	a0,a0,-176 # f50 <memcpy+0xfc>
 26c:	6485                	lui	s1,0x1
 26e:	3c5000ef          	jal	ra,e32 <printf>
 272:	f6048493          	addi	s1,s1,-160 # f60 <numbrid>
 276:	4401                	li	s0,0
 278:	008487b3          	add	a5,s1,s0
 27c:	239c                	lbu	a5,0(a5)
 27e:	4511                	li	a0,4
 280:	0405                	addi	s0,s0,1
 282:	c03e                	sw	a5,0(sp)
 284:	37b5                	jal	1f0 <SPI_SR_Send>
 286:	4782                	lw	a5,0(sp)
 288:	853e                	mv	a0,a5
 28a:	379d                	jal	1f0 <SPI_SR_Send>
 28c:	3779                	jal	21a <SPI_SR_latch>
 28e:	70800513          	li	a0,1800
 292:	2b05                	jal	7c2 <Delay_Ms>
 294:	47a9                	li	a5,10
 296:	fef411e3          	bne	s0,a5,278 <main+0x48>
 29a:	bff1                	j	276 <main+0x46>

0000029c <SystemInit>:
 29c:	e05ff2ef          	jal	t0,a0 <__riscv_save_0>
 2a0:	40021437          	lui	s0,0x40021
 2a4:	401c                	lw	a5,0(s0)
 2a6:	f8ff0737          	lui	a4,0xf8ff0
 2aa:	1161                	addi	sp,sp,-8
 2ac:	0017e793          	ori	a5,a5,1
 2b0:	c01c                	sw	a5,0(s0)
 2b2:	405c                	lw	a5,4(s0)
 2b4:	4541                	li	a0,16
 2b6:	8ff9                	and	a5,a5,a4
 2b8:	c05c                	sw	a5,4(s0)
 2ba:	401c                	lw	a5,0(s0)
 2bc:	fef70737          	lui	a4,0xfef70
 2c0:	177d                	addi	a4,a4,-1
 2c2:	8ff9                	and	a5,a5,a4
 2c4:	c01c                	sw	a5,0(s0)
 2c6:	401c                	lw	a5,0(s0)
 2c8:	fffc0737          	lui	a4,0xfffc0
 2cc:	177d                	addi	a4,a4,-1
 2ce:	8ff9                	and	a5,a5,a4
 2d0:	c01c                	sw	a5,0(s0)
 2d2:	405c                	lw	a5,4(s0)
 2d4:	7741                	lui	a4,0xffff0
 2d6:	177d                	addi	a4,a4,-1
 2d8:	8ff9                	and	a5,a5,a4
 2da:	c05c                	sw	a5,4(s0)
 2dc:	009f07b7          	lui	a5,0x9f0
 2e0:	c41c                	sw	a5,8(s0)
 2e2:	2c79                	jal	580 <RCC_AdjustHSICalibrationValue>
 2e4:	4c1c                	lw	a5,24(s0)
 2e6:	00020637          	lui	a2,0x20
 2ea:	0207e793          	ori	a5,a5,32
 2ee:	cc1c                	sw	a5,24(s0)
 2f0:	400117b7          	lui	a5,0x40011
 2f4:	4007a703          	lw	a4,1024(a5) # 40011400 <__global_pointer$+0x20010bc8>
 2f8:	40078693          	addi	a3,a5,1024
 2fc:	f0f77713          	andi	a4,a4,-241
 300:	40e7a023          	sw	a4,1024(a5)
 304:	4007a703          	lw	a4,1024(a5)
 308:	08076713          	ori	a4,a4,128
 30c:	40e7a023          	sw	a4,1024(a5)
 310:	4789                	li	a5,2
 312:	ca9c                	sw	a5,16(a3)
 314:	c002                	sw	zero,0(sp)
 316:	c202                	sw	zero,4(sp)
 318:	4c1c                	lw	a5,24(s0)
 31a:	40010737          	lui	a4,0x40010
 31e:	66a1                	lui	a3,0x8
 320:	0017e793          	ori	a5,a5,1
 324:	cc1c                	sw	a5,24(s0)
 326:	435c                	lw	a5,4(a4)
 328:	8fd5                	or	a5,a5,a3
 32a:	c35c                	sw	a5,4(a4)
 32c:	401c                	lw	a5,0(s0)
 32e:	6741                	lui	a4,0x10
 330:	400216b7          	lui	a3,0x40021
 334:	8fd9                	or	a5,a5,a4
 336:	c01c                	sw	a5,0(s0)
 338:	6709                	lui	a4,0x2
 33a:	429c                	lw	a5,0(a3)
 33c:	8ff1                	and	a5,a5,a2
 33e:	c23e                	sw	a5,4(sp)
 340:	4782                	lw	a5,0(sp)
 342:	0785                	addi	a5,a5,1
 344:	c03e                	sw	a5,0(sp)
 346:	4792                	lw	a5,4(sp)
 348:	e781                	bnez	a5,350 <SystemInit+0xb4>
 34a:	4782                	lw	a5,0(sp)
 34c:	fee797e3          	bne	a5,a4,33a <SystemInit+0x9e>
 350:	400217b7          	lui	a5,0x40021
 354:	439c                	lw	a5,0(a5)
 356:	00e79713          	slli	a4,a5,0xe
 35a:	06075863          	bgez	a4,3ca <SystemInit+0x12e>
 35e:	4785                	li	a5,1
 360:	c23e                	sw	a5,4(sp)
 362:	4712                	lw	a4,4(sp)
 364:	4785                	li	a5,1
 366:	06f71063          	bne	a4,a5,3c6 <SystemInit+0x12a>
 36a:	400227b7          	lui	a5,0x40022
 36e:	4398                	lw	a4,0(a5)
 370:	76c1                	lui	a3,0xffff0
 372:	16fd                	addi	a3,a3,-1
 374:	9b71                	andi	a4,a4,-4
 376:	c398                	sw	a4,0(a5)
 378:	4398                	lw	a4,0(a5)
 37a:	00176713          	ori	a4,a4,1
 37e:	c398                	sw	a4,0(a5)
 380:	400217b7          	lui	a5,0x40021
 384:	43d8                	lw	a4,4(a5)
 386:	c3d8                	sw	a4,4(a5)
 388:	43d8                	lw	a4,4(a5)
 38a:	8f75                	and	a4,a4,a3
 38c:	c3d8                	sw	a4,4(a5)
 38e:	43d8                	lw	a4,4(a5)
 390:	66c1                	lui	a3,0x10
 392:	8f55                	or	a4,a4,a3
 394:	c3d8                	sw	a4,4(a5)
 396:	4398                	lw	a4,0(a5)
 398:	010006b7          	lui	a3,0x1000
 39c:	8f55                	or	a4,a4,a3
 39e:	c398                	sw	a4,0(a5)
 3a0:	4398                	lw	a4,0(a5)
 3a2:	00671693          	slli	a3,a4,0x6
 3a6:	fe06dde3          	bgez	a3,3a0 <SystemInit+0x104>
 3aa:	43d8                	lw	a4,4(a5)
 3ac:	400216b7          	lui	a3,0x40021
 3b0:	9b71                	andi	a4,a4,-4
 3b2:	c3d8                	sw	a4,4(a5)
 3b4:	43d8                	lw	a4,4(a5)
 3b6:	00276713          	ori	a4,a4,2
 3ba:	c3d8                	sw	a4,4(a5)
 3bc:	4721                	li	a4,8
 3be:	42dc                	lw	a5,4(a3)
 3c0:	8bb1                	andi	a5,a5,12
 3c2:	fee79ee3          	bne	a5,a4,3be <SystemInit+0x122>
 3c6:	0121                	addi	sp,sp,8
 3c8:	b1cd                	j	aa <__riscv_restore_0>
 3ca:	c202                	sw	zero,4(sp)
 3cc:	bf59                	j	362 <SystemInit+0xc6>

000003ce <SystemCoreClockUpdate>:
 3ce:	cd3ff2ef          	jal	t0,a0 <__riscv_save_0>
 3d2:	40021737          	lui	a4,0x40021
 3d6:	435c                	lw	a5,4(a4)
 3d8:	20000437          	lui	s0,0x20000
 3dc:	4691                	li	a3,4
 3de:	8bb1                	andi	a5,a5,12
 3e0:	01040413          	addi	s0,s0,16 # 20000010 <SystemCoreClock>
 3e4:	00d78563          	beq	a5,a3,3ee <SystemCoreClockUpdate+0x20>
 3e8:	46a1                	li	a3,8
 3ea:	04d78063          	beq	a5,a3,42a <SystemCoreClockUpdate+0x5c>
 3ee:	016e37b7          	lui	a5,0x16e3
 3f2:	60078793          	addi	a5,a5,1536 # 16e3600 <_data_lma+0x16e268c>
 3f6:	c01c                	sw	a5,0(s0)
 3f8:	400216b7          	lui	a3,0x40021
 3fc:	42dc                	lw	a5,4(a3)
 3fe:	4008                	lw	a0,0(s0)
 400:	8391                	srli	a5,a5,0x4
 402:	00f7f713          	andi	a4,a5,15
 406:	200007b7          	lui	a5,0x20000
 40a:	00078793          	mv	a5,a5
 40e:	97ba                	add	a5,a5,a4
 410:	238c                	lbu	a1,0(a5)
 412:	42dc                	lw	a5,4(a3)
 414:	0ff5f593          	andi	a1,a1,255
 418:	0807f793          	andi	a5,a5,128
 41c:	00b55733          	srl	a4,a0,a1
 420:	e399                	bnez	a5,426 <SystemCoreClockUpdate+0x58>
 422:	394d                	jal	d4 <__udivsi3>
 424:	872a                	mv	a4,a0
 426:	c018                	sw	a4,0(s0)
 428:	b149                	j	aa <__riscv_restore_0>
 42a:	435c                	lw	a5,4(a4)
 42c:	02dc77b7          	lui	a5,0x2dc7
 430:	c0078793          	addi	a5,a5,-1024 # 2dc6c00 <_data_lma+0x2dc5c8c>
 434:	b7c9                	j	3f6 <SystemCoreClockUpdate+0x28>

00000436 <ADC1_IRQHandler>:
 436:	a001                	j	436 <ADC1_IRQHandler>

00000438 <handle_reset>:
 438:	20000197          	auipc	gp,0x20000
 43c:	40018193          	addi	gp,gp,1024 # 20000838 <__global_pointer$>
 440:	fc818113          	addi	sp,gp,-56 # 20000800 <_eusrstack>
 444:	0a000513          	li	a0,160
 448:	20000597          	auipc	a1,0x20000
 44c:	bb858593          	addi	a1,a1,-1096 # 20000000 <_highcode_vma_end>
 450:	20000617          	auipc	a2,0x20000
 454:	bb060613          	addi	a2,a2,-1104 # 20000000 <_highcode_vma_end>
 458:	00c5fa63          	bgeu	a1,a2,46c <handle_reset+0x34>
 45c:	00052283          	lw	t0,0(a0)
 460:	0055a023          	sw	t0,0(a1)
 464:	0511                	addi	a0,a0,4
 466:	0591                	addi	a1,a1,4
 468:	fec5eae3          	bltu	a1,a2,45c <handle_reset+0x24>
 46c:	00001517          	auipc	a0,0x1
 470:	b0850513          	addi	a0,a0,-1272 # f74 <_data_lma>
 474:	20000597          	auipc	a1,0x20000
 478:	b8c58593          	addi	a1,a1,-1140 # 20000000 <_highcode_vma_end>
 47c:	20000617          	auipc	a2,0x20000
 480:	bbc60613          	addi	a2,a2,-1092 # 20000038 <_edata>
 484:	00c5fa63          	bgeu	a1,a2,498 <handle_reset+0x60>
 488:	00052283          	lw	t0,0(a0)
 48c:	0055a023          	sw	t0,0(a1)
 490:	0511                	addi	a0,a0,4
 492:	0591                	addi	a1,a1,4
 494:	fec5eae3          	bltu	a1,a2,488 <handle_reset+0x50>
 498:	20000517          	auipc	a0,0x20000
 49c:	ba050513          	addi	a0,a0,-1120 # 20000038 <_edata>
 4a0:	80c18593          	addi	a1,gp,-2036 # 20000044 <_ebss>
 4a4:	00b57763          	bgeu	a0,a1,4b2 <handle_reset+0x7a>
 4a8:	00052023          	sw	zero,0(a0)
 4ac:	0511                	addi	a0,a0,4
 4ae:	feb56de3          	bltu	a0,a1,4a8 <handle_reset+0x70>
 4b2:	000022b7          	lui	t0,0x2
 4b6:	88028293          	addi	t0,t0,-1920 # 1880 <_data_lma+0x90c>
 4ba:	30029073          	csrw	mstatus,t0
 4be:	428d                	li	t0,3
 4c0:	80429073          	csrw	0x804,t0
 4c4:	00000297          	auipc	t0,0x0
 4c8:	b3c28293          	addi	t0,t0,-1220 # 0 <_sinit>
 4cc:	0032e293          	ori	t0,t0,3
 4d0:	30529073          	csrw	mtvec,t0
 4d4:	dc9ff0ef          	jal	ra,29c <SystemInit>
 4d8:	00000297          	auipc	t0,0x0
 4dc:	d5828293          	addi	t0,t0,-680 # 230 <main>
 4e0:	34129073          	csrw	mepc,t0
 4e4:	30200073          	mret

000004e8 <DBGMCU_GetCHIPID>:
 4e8:	1ffff7b7          	lui	a5,0x1ffff
 4ec:	7c47a503          	lw	a0,1988(a5) # 1ffff7c4 <_data_lma+0x1fffe850>
 4f0:	8082                	ret

000004f2 <GPIO_Init>:
 4f2:	4594                	lw	a3,8(a1)
 4f4:	0106f793          	andi	a5,a3,16
 4f8:	00f6f293          	andi	t0,a3,15
 4fc:	c781                	beqz	a5,504 <GPIO_Init+0x12>
 4fe:	41dc                	lw	a5,4(a1)
 500:	00f2e2b3          	or	t0,t0,a5
 504:	0005d383          	lhu	t2,0(a1)
 508:	0ff3f793          	andi	a5,t2,255
 50c:	c3a5                	beqz	a5,56c <GPIO_Init+0x7a>
 50e:	00052303          	lw	t1,0(a0)
 512:	1161                	addi	sp,sp,-8
 514:	c222                	sw	s0,4(sp)
 516:	c026                	sw	s1,0(sp)
 518:	4781                	li	a5,0
 51a:	02800413          	li	s0,40
 51e:	04800493          	li	s1,72
 522:	4705                	li	a4,1
 524:	00f71633          	sll	a2,a4,a5
 528:	00c3f733          	and	a4,t2,a2
 52c:	02e61263          	bne	a2,a4,550 <GPIO_Init+0x5e>
 530:	00279593          	slli	a1,a5,0x2
 534:	473d                	li	a4,15
 536:	00b71733          	sll	a4,a4,a1
 53a:	fff74713          	not	a4,a4
 53e:	00677333          	and	t1,a4,t1
 542:	00b295b3          	sll	a1,t0,a1
 546:	0065e333          	or	t1,a1,t1
 54a:	00869d63          	bne	a3,s0,564 <GPIO_Init+0x72>
 54e:	c950                	sw	a2,20(a0)
 550:	0785                	addi	a5,a5,1
 552:	4721                	li	a4,8
 554:	fce797e3          	bne	a5,a4,522 <GPIO_Init+0x30>
 558:	4412                	lw	s0,4(sp)
 55a:	00652023          	sw	t1,0(a0)
 55e:	4482                	lw	s1,0(sp)
 560:	0121                	addi	sp,sp,8
 562:	8082                	ret
 564:	fe9696e3          	bne	a3,s1,550 <GPIO_Init+0x5e>
 568:	c910                	sw	a2,16(a0)
 56a:	b7dd                	j	550 <GPIO_Init+0x5e>
 56c:	8082                	ret

0000056e <GPIO_SetBits>:
 56e:	c90c                	sw	a1,16(a0)
 570:	8082                	ret

00000572 <GPIO_ResetBits>:
 572:	c94c                	sw	a1,20(a0)
 574:	8082                	ret

00000576 <NVIC_PriorityGroupConfig>:
 576:	200007b7          	lui	a5,0x20000
 57a:	02a7ae23          	sw	a0,60(a5) # 2000003c <NVIC_Priority_Group>
 57e:	8082                	ret

00000580 <RCC_AdjustHSICalibrationValue>:
 580:	40021737          	lui	a4,0x40021
 584:	431c                	lw	a5,0(a4)
 586:	050e                	slli	a0,a0,0x3
 588:	f077f793          	andi	a5,a5,-249
 58c:	8d5d                	or	a0,a0,a5
 58e:	c308                	sw	a0,0(a4)
 590:	8082                	ret

00000592 <RCC_GetClocksFreq>:
 592:	b0fff2ef          	jal	t0,a0 <__riscv_save_0>
 596:	40021737          	lui	a4,0x40021
 59a:	435c                	lw	a5,4(a4)
 59c:	4691                	li	a3,4
 59e:	842a                	mv	s0,a0
 5a0:	8bb1                	andi	a5,a5,12
 5a2:	00d78563          	beq	a5,a3,5ac <RCC_GetClocksFreq+0x1a>
 5a6:	46a1                	li	a3,8
 5a8:	06d78d63          	beq	a5,a3,622 <RCC_GetClocksFreq+0x90>
 5ac:	016e37b7          	lui	a5,0x16e3
 5b0:	60078793          	addi	a5,a5,1536 # 16e3600 <_data_lma+0x16e268c>
 5b4:	c01c                	sw	a5,0(s0)
 5b6:	400216b7          	lui	a3,0x40021
 5ba:	42dc                	lw	a5,4(a3)
 5bc:	8391                	srli	a5,a5,0x4
 5be:	00f7f713          	andi	a4,a5,15
 5c2:	200007b7          	lui	a5,0x20000
 5c6:	02878793          	addi	a5,a5,40 # 20000028 <APBAHBPrescTable>
 5ca:	97ba                	add	a5,a5,a4
 5cc:	238c                	lbu	a1,0(a5)
 5ce:	42dc                	lw	a5,4(a3)
 5d0:	4018                	lw	a4,0(s0)
 5d2:	0ff5f593          	andi	a1,a1,255
 5d6:	0807f793          	andi	a5,a5,128
 5da:	00b75533          	srl	a0,a4,a1
 5de:	e399                	bnez	a5,5e4 <RCC_GetClocksFreq+0x52>
 5e0:	853a                	mv	a0,a4
 5e2:	3ccd                	jal	d4 <__udivsi3>
 5e4:	c048                	sw	a0,4(s0)
 5e6:	c408                	sw	a0,8(s0)
 5e8:	c448                	sw	a0,12(s0)
 5ea:	400217b7          	lui	a5,0x40021
 5ee:	43dc                	lw	a5,4(a5)
 5f0:	468d                	li	a3,3
 5f2:	83ad                	srli	a5,a5,0xb
 5f4:	8bfd                	andi	a5,a5,31
 5f6:	0037d713          	srli	a4,a5,0x3
 5fa:	078a                	slli	a5,a5,0x2
 5fc:	8bf1                	andi	a5,a5,28
 5fe:	8fd9                	or	a5,a5,a4
 600:	0137f613          	andi	a2,a5,19
 604:	0037f713          	andi	a4,a5,3
 608:	00c6f463          	bgeu	a3,a2,610 <RCC_GetClocksFreq+0x7e>
 60c:	ff478713          	addi	a4,a5,-12 # 40020ff4 <__global_pointer$+0x200207bc>
 610:	200007b7          	lui	a5,0x20000
 614:	01478793          	addi	a5,a5,20 # 20000014 <ADCPrescTable>
 618:	97ba                	add	a5,a5,a4
 61a:	238c                	lbu	a1,0(a5)
 61c:	3c65                	jal	d4 <__udivsi3>
 61e:	c808                	sw	a0,16(s0)
 620:	b469                	j	aa <__riscv_restore_0>
 622:	435c                	lw	a5,4(a4)
 624:	02dc77b7          	lui	a5,0x2dc7
 628:	c0078793          	addi	a5,a5,-1024 # 2dc6c00 <_data_lma+0x2dc5c8c>
 62c:	b761                	j	5b4 <RCC_GetClocksFreq+0x22>

0000062e <RCC_APB2PeriphClockCmd>:
 62e:	c599                	beqz	a1,63c <RCC_APB2PeriphClockCmd+0xe>
 630:	40021737          	lui	a4,0x40021
 634:	4f1c                	lw	a5,24(a4)
 636:	8d5d                	or	a0,a0,a5
 638:	cf08                	sw	a0,24(a4)
 63a:	8082                	ret
 63c:	400217b7          	lui	a5,0x40021
 640:	4f98                	lw	a4,24(a5)
 642:	fff54513          	not	a0,a0
 646:	8d79                	and	a0,a0,a4
 648:	cf88                	sw	a0,24(a5)
 64a:	8082                	ret

0000064c <SPI_Init>:
 64c:	211a                	lhu	a4,0(a0)
 64e:	678d                	lui	a5,0x3
 650:	04078793          	addi	a5,a5,64 # 3040 <_data_lma+0x20cc>
 654:	21b6                	lhu	a3,2(a1)
 656:	8f7d                	and	a4,a4,a5
 658:	219e                	lhu	a5,0(a1)
 65a:	8fd5                	or	a5,a5,a3
 65c:	21d6                	lhu	a3,4(a1)
 65e:	8fd5                	or	a5,a5,a3
 660:	21f6                	lhu	a3,6(a1)
 662:	8fd5                	or	a5,a5,a3
 664:	2596                	lhu	a3,8(a1)
 666:	8fd5                	or	a5,a5,a3
 668:	25b6                	lhu	a3,10(a1)
 66a:	8fd5                	or	a5,a5,a3
 66c:	25d6                	lhu	a3,12(a1)
 66e:	8fd5                	or	a5,a5,a3
 670:	25f6                	lhu	a3,14(a1)
 672:	8fd5                	or	a5,a5,a3
 674:	8fd9                	or	a5,a5,a4
 676:	a11e                	sh	a5,0(a0)
 678:	299e                	lhu	a5,16(a1)
 67a:	a91e                	sh	a5,16(a0)
 67c:	8082                	ret

0000067e <SPI_Cmd>:
 67e:	211e                	lhu	a5,0(a0)
 680:	c589                	beqz	a1,68a <SPI_Cmd+0xc>
 682:	0407e793          	ori	a5,a5,64
 686:	a11e                	sh	a5,0(a0)
 688:	8082                	ret
 68a:	07c2                	slli	a5,a5,0x10
 68c:	83c1                	srli	a5,a5,0x10
 68e:	fbf7f793          	andi	a5,a5,-65
 692:	07c2                	slli	a5,a5,0x10
 694:	83c1                	srli	a5,a5,0x10
 696:	bfc5                	j	686 <SPI_Cmd+0x8>

00000698 <SPI_I2S_SendData>:
 698:	a54e                	sh	a1,12(a0)
 69a:	8082                	ret

0000069c <SPI_I2S_GetFlagStatus>:
 69c:	250a                	lhu	a0,8(a0)
 69e:	8d6d                	and	a0,a0,a1
 6a0:	00a03533          	snez	a0,a0
 6a4:	8082                	ret

000006a6 <USART_Init>:
 6a6:	9fbff2ef          	jal	t0,a0 <__riscv_save_0>
 6aa:	2916                	lhu	a3,16(a0)
 6ac:	77f5                	lui	a5,0xffffd
 6ae:	17fd                	addi	a5,a5,-1
 6b0:	8ff5                	and	a5,a5,a3
 6b2:	21f6                	lhu	a3,6(a1)
 6b4:	25da                	lhu	a4,12(a1)
 6b6:	1121                	addi	sp,sp,-24
 6b8:	8fd5                	or	a5,a5,a3
 6ba:	a91e                	sh	a5,16(a0)
 6bc:	2556                	lhu	a3,12(a0)
 6be:	77fd                	lui	a5,0xfffff
 6c0:	9f378793          	addi	a5,a5,-1549 # ffffe9f3 <__global_pointer$+0xdfffe1bb>
 6c4:	8ff5                	and	a5,a5,a3
 6c6:	21d6                	lhu	a3,4(a1)
 6c8:	842a                	mv	s0,a0
 6ca:	c02e                	sw	a1,0(sp)
 6cc:	8fd5                	or	a5,a5,a3
 6ce:	2596                	lhu	a3,8(a1)
 6d0:	8fd5                	or	a5,a5,a3
 6d2:	25b6                	lhu	a3,10(a1)
 6d4:	8fd5                	or	a5,a5,a3
 6d6:	a55e                	sh	a5,12(a0)
 6d8:	295e                	lhu	a5,20(a0)
 6da:	07c2                	slli	a5,a5,0x10
 6dc:	83c1                	srli	a5,a5,0x10
 6de:	cff7f793          	andi	a5,a5,-769
 6e2:	8f5d                	or	a4,a4,a5
 6e4:	a95a                	sh	a4,20(a0)
 6e6:	0048                	addi	a0,sp,4
 6e8:	356d                	jal	592 <RCC_GetClocksFreq>
 6ea:	400147b7          	lui	a5,0x40014
 6ee:	80078793          	addi	a5,a5,-2048 # 40013800 <__global_pointer$+0x20012fc8>
 6f2:	4582                	lw	a1,0(sp)
 6f4:	04f41d63          	bne	s0,a5,74e <USART_Init+0xa8>
 6f8:	47c2                	lw	a5,16(sp)
 6fa:	245a                	lhu	a4,12(s0)
 6fc:	00179513          	slli	a0,a5,0x1
 700:	953e                	add	a0,a0,a5
 702:	0742                	slli	a4,a4,0x10
 704:	050e                	slli	a0,a0,0x3
 706:	8741                	srai	a4,a4,0x10
 708:	953e                	add	a0,a0,a5
 70a:	418c                	lw	a1,0(a1)
 70c:	04075363          	bgez	a4,752 <USART_Init+0xac>
 710:	0586                	slli	a1,a1,0x1
 712:	32c9                	jal	d4 <__udivsi3>
 714:	06400593          	li	a1,100
 718:	c02a                	sw	a0,0(sp)
 71a:	3a6d                	jal	d4 <__udivsi3>
 71c:	4782                	lw	a5,0(sp)
 71e:	00451493          	slli	s1,a0,0x4
 722:	06400593          	li	a1,100
 726:	853e                	mv	a0,a5
 728:	3ae1                	jal	100 <__umodsi3>
 72a:	245e                	lhu	a5,12(s0)
 72c:	07c2                	slli	a5,a5,0x10
 72e:	87c1                	srai	a5,a5,0x10
 730:	0207d363          	bgez	a5,756 <USART_Init+0xb0>
 734:	050e                	slli	a0,a0,0x3
 736:	06400593          	li	a1,100
 73a:	03250513          	addi	a0,a0,50
 73e:	3a59                	jal	d4 <__udivsi3>
 740:	891d                	andi	a0,a0,7
 742:	8cc9                	or	s1,s1,a0
 744:	04c2                	slli	s1,s1,0x10
 746:	80c1                	srli	s1,s1,0x10
 748:	a406                	sh	s1,8(s0)
 74a:	0161                	addi	sp,sp,24
 74c:	bab9                	j	aa <__riscv_restore_0>
 74e:	47b2                	lw	a5,12(sp)
 750:	b76d                	j	6fa <USART_Init+0x54>
 752:	058a                	slli	a1,a1,0x2
 754:	bf7d                	j	712 <USART_Init+0x6c>
 756:	0512                	slli	a0,a0,0x4
 758:	06400593          	li	a1,100
 75c:	03250513          	addi	a0,a0,50
 760:	3a95                	jal	d4 <__udivsi3>
 762:	893d                	andi	a0,a0,15
 764:	bff9                	j	742 <USART_Init+0x9c>

00000766 <USART_Cmd>:
 766:	c591                	beqz	a1,772 <USART_Cmd+0xc>
 768:	255e                	lhu	a5,12(a0)
 76a:	6709                	lui	a4,0x2
 76c:	8fd9                	or	a5,a5,a4
 76e:	a55e                	sh	a5,12(a0)
 770:	8082                	ret
 772:	255a                	lhu	a4,12(a0)
 774:	77f9                	lui	a5,0xffffe
 776:	17fd                	addi	a5,a5,-1
 778:	8ff9                	and	a5,a5,a4
 77a:	bfd5                	j	76e <USART_Cmd+0x8>

0000077c <USART_SendData>:
 77c:	1ff5f593          	andi	a1,a1,511
 780:	a14e                	sh	a1,4(a0)
 782:	8082                	ret

00000784 <USART_GetFlagStatus>:
 784:	210a                	lhu	a0,0(a0)
 786:	8d6d                	and	a0,a0,a1
 788:	00a03533          	snez	a0,a0
 78c:	8082                	ret

0000078e <Delay_Init>:
 78e:	913ff2ef          	jal	t0,a0 <__riscv_save_0>
 792:	200007b7          	lui	a5,0x20000
 796:	0107a503          	lw	a0,16(a5) # 20000010 <SystemCoreClock>
 79a:	007a15b7          	lui	a1,0x7a1
 79e:	20058593          	addi	a1,a1,512 # 7a1200 <_data_lma+0x7a028c>
 7a2:	933ff0ef          	jal	ra,d4 <__udivsi3>
 7a6:	0ff57513          	andi	a0,a0,255
 7aa:	80a18523          	sb	a0,-2038(gp) # 20000042 <p_us>
 7ae:	00551793          	slli	a5,a0,0x5
 7b2:	8f89                	sub	a5,a5,a0
 7b4:	078a                	slli	a5,a5,0x2
 7b6:	953e                	add	a0,a0,a5
 7b8:	050e                	slli	a0,a0,0x3
 7ba:	80a19423          	sh	a0,-2040(gp) # 20000040 <p_ms>
 7be:	8edff06f          	j	aa <__riscv_restore_0>

000007c2 <Delay_Ms>:
 7c2:	8dfff2ef          	jal	t0,a0 <__riscv_save_0>
 7c6:	e000f437          	lui	s0,0xe000f
 7ca:	405c                	lw	a5,4(s0)
 7cc:	85aa                	mv	a1,a0
 7ce:	9bf9                	andi	a5,a5,-2
 7d0:	c05c                	sw	a5,4(s0)
 7d2:	8081d503          	lhu	a0,-2040(gp) # 20000040 <p_ms>
 7d6:	8dfff0ef          	jal	ra,b4 <__mulsi3>
 7da:	c808                	sw	a0,16(s0)
 7dc:	00042423          	sw	zero,8(s0) # e000f008 <__global_pointer$+0xc000e7d0>
 7e0:	401c                	lw	a5,0(s0)
 7e2:	0017e793          	ori	a5,a5,1
 7e6:	c01c                	sw	a5,0(s0)
 7e8:	e000f7b7          	lui	a5,0xe000f
 7ec:	43d8                	lw	a4,4(a5)
 7ee:	8b05                	andi	a4,a4,1
 7f0:	df75                	beqz	a4,7ec <Delay_Ms+0x2a>
 7f2:	4398                	lw	a4,0(a5)
 7f4:	9b79                	andi	a4,a4,-2
 7f6:	c398                	sw	a4,0(a5)
 7f8:	8b3ff06f          	j	aa <__riscv_restore_0>

000007fc <USART_Printf_Init>:
 7fc:	8a5ff2ef          	jal	t0,a0 <__riscv_save_0>
 800:	842a                	mv	s0,a0
 802:	6511                	lui	a0,0x4
 804:	1111                	addi	sp,sp,-28
 806:	4585                	li	a1,1
 808:	02050513          	addi	a0,a0,32 # 4020 <_data_lma+0x30ac>
 80c:	350d                	jal	62e <RCC_APB2PeriphClockCmd>
 80e:	02000793          	li	a5,32
 812:	807c                	sh	a5,0(sp)
 814:	40011537          	lui	a0,0x40011
 818:	478d                	li	a5,3
 81a:	c23e                	sw	a5,4(sp)
 81c:	858a                	mv	a1,sp
 81e:	47e1                	li	a5,24
 820:	40050513          	addi	a0,a0,1024 # 40011400 <__global_pointer$+0x20010bc8>
 824:	c43e                	sw	a5,8(sp)
 826:	31f1                	jal	4f2 <GPIO_Init>
 828:	c622                	sw	s0,12(sp)
 82a:	40014437          	lui	s0,0x40014
 82e:	000807b7          	lui	a5,0x80
 832:	006c                	addi	a1,sp,12
 834:	80040513          	addi	a0,s0,-2048 # 40013800 <__global_pointer$+0x20012fc8>
 838:	ca3e                	sw	a5,20(sp)
 83a:	c802                	sw	zero,16(sp)
 83c:	00011c23          	sh	zero,24(sp)
 840:	359d                	jal	6a6 <USART_Init>
 842:	4585                	li	a1,1
 844:	80040513          	addi	a0,s0,-2048
 848:	3f39                	jal	766 <USART_Cmd>
 84a:	0171                	addi	sp,sp,28
 84c:	85fff06f          	j	aa <__riscv_restore_0>

00000850 <_write>:
 850:	851ff2ef          	jal	t0,a0 <__riscv_save_0>
 854:	1171                	addi	sp,sp,-4
 856:	84ae                	mv	s1,a1
 858:	4401                	li	s0,0
 85a:	02c45d63          	bge	s0,a2,894 <_write+0x44>
 85e:	400147b7          	lui	a5,0x40014
 862:	80078713          	addi	a4,a5,-2048 # 40013800 <__global_pointer$+0x20012fc8>
 866:	853a                	mv	a0,a4
 868:	04000593          	li	a1,64
 86c:	c032                	sw	a2,0(sp)
 86e:	3f19                	jal	784 <USART_GetFlagStatus>
 870:	400147b7          	lui	a5,0x40014
 874:	80078713          	addi	a4,a5,-2048 # 40013800 <__global_pointer$+0x20012fc8>
 878:	4602                	lw	a2,0(sp)
 87a:	d575                	beqz	a0,866 <_write+0x16>
 87c:	00848733          	add	a4,s1,s0
 880:	00070583          	lb	a1,0(a4) # 2000 <_data_lma+0x108c>
 884:	80078513          	addi	a0,a5,-2048
 888:	0405                	addi	s0,s0,1
 88a:	05c2                	slli	a1,a1,0x10
 88c:	81c1                	srli	a1,a1,0x10
 88e:	35fd                	jal	77c <USART_SendData>
 890:	4602                	lw	a2,0(sp)
 892:	b7e1                	j	85a <_write+0xa>
 894:	8532                	mv	a0,a2
 896:	0111                	addi	sp,sp,4
 898:	813ff06f          	j	aa <__riscv_restore_0>

0000089c <printchar>:
 89c:	1141                	addi	sp,sp,-16
 89e:	c606                	sw	ra,12(sp)
 8a0:	c02e                	sw	a1,0(sp)
 8a2:	cd0d                	beqz	a0,8dc <printchar+0x40>
 8a4:	4118                	lw	a4,0(a0)
 8a6:	87aa                	mv	a5,a0
 8a8:	c305                	beqz	a4,8c8 <printchar+0x2c>
 8aa:	4158                	lw	a4,4(a0)
 8ac:	557d                	li	a0,-1
 8ae:	cb11                	beqz	a4,8c2 <printchar+0x26>
 8b0:	4685                	li	a3,1
 8b2:	00d71b63          	bne	a4,a3,8c8 <printchar+0x2c>
 8b6:	4798                	lw	a4,8(a5)
 8b8:	00070023          	sb	zero,0(a4)
 8bc:	0007a223          	sw	zero,4(a5)
 8c0:	4505                	li	a0,1
 8c2:	40b2                	lw	ra,12(sp)
 8c4:	0141                	addi	sp,sp,16
 8c6:	8082                	ret
 8c8:	4798                	lw	a4,8(a5)
 8ca:	4682                	lw	a3,0(sp)
 8cc:	a314                	sb	a3,0(a4)
 8ce:	4798                	lw	a4,8(a5)
 8d0:	0705                	addi	a4,a4,1
 8d2:	c798                	sw	a4,8(a5)
 8d4:	43d8                	lw	a4,4(a5)
 8d6:	177d                	addi	a4,a4,-1
 8d8:	c3d8                	sw	a4,4(a5)
 8da:	b7dd                	j	8c0 <printchar+0x24>
 8dc:	4605                	li	a2,1
 8de:	858a                	mv	a1,sp
 8e0:	3f85                	jal	850 <_write>
 8e2:	bff9                	j	8c0 <printchar+0x24>

000008e4 <prints>:
 8e4:	1101                	addi	sp,sp,-32
 8e6:	cc22                	sw	s0,24(sp)
 8e8:	c22e                	sw	a1,4(sp)
 8ea:	ce06                	sw	ra,28(sp)
 8ec:	ca26                	sw	s1,20(sp)
 8ee:	842a                	mv	s0,a0
 8f0:	4781                	li	a5,0
 8f2:	02000593          	li	a1,32
 8f6:	02064563          	bltz	a2,920 <prints+0x3c>
 8fa:	4592                	lw	a1,4(sp)
 8fc:	95be                	add	a1,a1,a5
 8fe:	00058583          	lb	a1,0(a1)
 902:	e58d                	bnez	a1,92c <prints+0x48>
 904:	02c7d863          	bge	a5,a2,934 <prints+0x50>
 908:	02e7d463          	bge	a5,a4,930 <prints+0x4c>
 90c:	8e19                	sub	a2,a2,a4
 90e:	02000513          	li	a0,32
 912:	0026f593          	andi	a1,a3,2
 916:	c02a                	sw	a0,0(sp)
 918:	c589                	beqz	a1,922 <prints+0x3e>
 91a:	e701                	bnez	a4,922 <prints+0x3e>
 91c:	03000593          	li	a1,48
 920:	c02e                	sw	a1,0(sp)
 922:	8a85                	andi	a3,a3,1
 924:	4481                	li	s1,0
 926:	ea95                	bnez	a3,95a <prints+0x76>
 928:	84b2                	mv	s1,a2
 92a:	a00d                	j	94c <prints+0x68>
 92c:	0785                	addi	a5,a5,1
 92e:	b7f1                	j	8fa <prints+0x16>
 930:	8e1d                	sub	a2,a2,a5
 932:	bff1                	j	90e <prints+0x2a>
 934:	4601                	li	a2,0
 936:	bfe1                	j	90e <prints+0x2a>
 938:	4582                	lw	a1,0(sp)
 93a:	8522                	mv	a0,s0
 93c:	c83a                	sw	a4,16(sp)
 93e:	c632                	sw	a2,12(sp)
 940:	c43e                	sw	a5,8(sp)
 942:	3fa9                	jal	89c <printchar>
 944:	47a2                	lw	a5,8(sp)
 946:	4632                	lw	a2,12(sp)
 948:	4742                	lw	a4,16(sp)
 94a:	14fd                	addi	s1,s1,-1
 94c:	fe9046e3          	bgtz	s1,938 <prints+0x54>
 950:	84b2                	mv	s1,a2
 952:	00065363          	bgez	a2,958 <prints+0x74>
 956:	4481                	li	s1,0
 958:	8e05                	sub	a2,a2,s1
 95a:	02e7c763          	blt	a5,a4,988 <prints+0xa4>
 95e:	87a6                	mv	a5,s1
 960:	4692                	lw	a3,4(sp)
 962:	40978733          	sub	a4,a5,s1
 966:	9736                	add	a4,a4,a3
 968:	00070583          	lb	a1,0(a4)
 96c:	ed95                	bnez	a1,9a8 <prints+0xc4>
 96e:	84b2                	mv	s1,a2
 970:	04904463          	bgtz	s1,9b8 <prints+0xd4>
 974:	00065363          	bgez	a2,97a <prints+0x96>
 978:	4601                	li	a2,0
 97a:	40f2                	lw	ra,28(sp)
 97c:	4462                	lw	s0,24(sp)
 97e:	44d2                	lw	s1,20(sp)
 980:	00f60533          	add	a0,a2,a5
 984:	6105                	addi	sp,sp,32
 986:	8082                	ret
 988:	8f1d                	sub	a4,a4,a5
 98a:	87ba                	mv	a5,a4
 98c:	03000593          	li	a1,48
 990:	8522                	mv	a0,s0
 992:	c832                	sw	a2,16(sp)
 994:	c63e                	sw	a5,12(sp)
 996:	c43a                	sw	a4,8(sp)
 998:	3711                	jal	89c <printchar>
 99a:	47b2                	lw	a5,12(sp)
 99c:	4722                	lw	a4,8(sp)
 99e:	4642                	lw	a2,16(sp)
 9a0:	17fd                	addi	a5,a5,-1
 9a2:	f7ed                	bnez	a5,98c <prints+0xa8>
 9a4:	94ba                	add	s1,s1,a4
 9a6:	bf65                	j	95e <prints+0x7a>
 9a8:	8522                	mv	a0,s0
 9aa:	c632                	sw	a2,12(sp)
 9ac:	c43e                	sw	a5,8(sp)
 9ae:	35fd                	jal	89c <printchar>
 9b0:	47a2                	lw	a5,8(sp)
 9b2:	4632                	lw	a2,12(sp)
 9b4:	0785                	addi	a5,a5,1
 9b6:	b76d                	j	960 <prints+0x7c>
 9b8:	4582                	lw	a1,0(sp)
 9ba:	8522                	mv	a0,s0
 9bc:	c432                	sw	a2,8(sp)
 9be:	c23e                	sw	a5,4(sp)
 9c0:	3df1                	jal	89c <printchar>
 9c2:	14fd                	addi	s1,s1,-1
 9c4:	4622                	lw	a2,8(sp)
 9c6:	4792                	lw	a5,4(sp)
 9c8:	b765                	j	970 <prints+0x8c>

000009ca <printInt>:
 9ca:	7139                	addi	sp,sp,-64
 9cc:	de06                	sw	ra,60(sp)
 9ce:	dc22                	sw	s0,56(sp)
 9d0:	da26                	sw	s1,52(sp)
 9d2:	c23e                	sw	a5,4(sp)
 9d4:	8332                	mv	t1,a2
 9d6:	863a                	mv	a2,a4
 9d8:	ed89                	bnez	a1,9f2 <printInt+0x28>
 9da:	4692                	lw	a3,4(sp)
 9dc:	03000793          	li	a5,48
 9e0:	4701                	li	a4,0
 9e2:	086c                	addi	a1,sp,28
 9e4:	86fc                	sh	a5,28(sp)
 9e6:	3dfd                	jal	8e4 <prints>
 9e8:	50f2                	lw	ra,60(sp)
 9ea:	5462                	lw	s0,56(sp)
 9ec:	54d2                	lw	s1,52(sp)
 9ee:	6121                	addi	sp,sp,64
 9f0:	8082                	ret
 9f2:	84aa                	mv	s1,a0
 9f4:	8436                	mv	s0,a3
 9f6:	87ae                	mv	a5,a1
 9f8:	ca91                	beqz	a3,a0c <printInt+0x42>
 9fa:	4729                	li	a4,10
 9fc:	4401                	li	s0,0
 9fe:	00e31763          	bne	t1,a4,a0c <printInt+0x42>
 a02:	0005d563          	bgez	a1,a0c <printInt+0x42>
 a06:	40b007b3          	neg	a5,a1
 a0a:	4405                	li	s0,1
 a0c:	4686                	lw	a3,64(sp)
 a0e:	020109a3          	sb	zero,51(sp)
 a12:	03310713          	addi	a4,sp,51
 a16:	fc668693          	addi	a3,a3,-58 # 40020fc6 <__global_pointer$+0x2002078e>
 a1a:	c436                	sw	a3,8(sp)
 a1c:	859a                	mv	a1,t1
 a1e:	853e                	mv	a0,a5
 a20:	ca32                	sw	a2,20(sp)
 a22:	c83a                	sw	a4,16(sp)
 a24:	c61a                	sw	t1,12(sp)
 a26:	c03e                	sw	a5,0(sp)
 a28:	ed8ff0ef          	jal	ra,100 <__umodsi3>
 a2c:	46a5                	li	a3,9
 a2e:	4782                	lw	a5,0(sp)
 a30:	4332                	lw	t1,12(sp)
 a32:	4742                	lw	a4,16(sp)
 a34:	4652                	lw	a2,20(sp)
 a36:	00a6d463          	bge	a3,a0,a3e <printInt+0x74>
 a3a:	46a2                	lw	a3,8(sp)
 a3c:	9536                	add	a0,a0,a3
 a3e:	03050513          	addi	a0,a0,48
 a42:	fff70693          	addi	a3,a4,-1
 a46:	fea70fa3          	sb	a0,-1(a4)
 a4a:	859a                	mv	a1,t1
 a4c:	853e                	mv	a0,a5
 a4e:	cc32                	sw	a2,24(sp)
 a50:	ca3a                	sw	a4,20(sp)
 a52:	c81a                	sw	t1,16(sp)
 a54:	c63e                	sw	a5,12(sp)
 a56:	c036                	sw	a3,0(sp)
 a58:	e7cff0ef          	jal	ra,d4 <__udivsi3>
 a5c:	47b2                	lw	a5,12(sp)
 a5e:	4342                	lw	t1,16(sp)
 a60:	4752                	lw	a4,20(sp)
 a62:	4662                	lw	a2,24(sp)
 a64:	0467f963          	bgeu	a5,t1,ab6 <printInt+0xec>
 a68:	cc01                	beqz	s0,a80 <printInt+0xb6>
 a6a:	ca29                	beqz	a2,abc <printInt+0xf2>
 a6c:	4792                	lw	a5,4(sp)
 a6e:	8b89                	andi	a5,a5,2
 a70:	c7b1                	beqz	a5,abc <printInt+0xf2>
 a72:	02d00593          	li	a1,45
 a76:	8526                	mv	a0,s1
 a78:	c432                	sw	a2,8(sp)
 a7a:	350d                	jal	89c <printchar>
 a7c:	4622                	lw	a2,8(sp)
 a7e:	167d                	addi	a2,a2,-1
 a80:	4792                	lw	a5,4(sp)
 a82:	8b91                	andi	a5,a5,4
 a84:	c395                	beqz	a5,aa8 <printInt+0xde>
 a86:	4706                	lw	a4,64(sp)
 a88:	06100793          	li	a5,97
 a8c:	c432                	sw	a2,8(sp)
 a8e:	03000593          	li	a1,48
 a92:	8526                	mv	a0,s1
 a94:	02f71e63          	bne	a4,a5,ad0 <printInt+0x106>
 a98:	3511                	jal	89c <printchar>
 a9a:	07800593          	li	a1,120
 a9e:	8526                	mv	a0,s1
 aa0:	3bf5                	jal	89c <printchar>
 aa2:	4622                	lw	a2,8(sp)
 aa4:	0409                	addi	s0,s0,2
 aa6:	1679                	addi	a2,a2,-2
 aa8:	4716                	lw	a4,68(sp)
 aaa:	4692                	lw	a3,4(sp)
 aac:	4582                	lw	a1,0(sp)
 aae:	8526                	mv	a0,s1
 ab0:	3d15                	jal	8e4 <prints>
 ab2:	9522                	add	a0,a0,s0
 ab4:	bf15                	j	9e8 <printInt+0x1e>
 ab6:	87aa                	mv	a5,a0
 ab8:	4702                	lw	a4,0(sp)
 aba:	b78d                	j	a1c <printInt+0x52>
 abc:	4682                	lw	a3,0(sp)
 abe:	02d00793          	li	a5,45
 ac2:	4401                	li	s0,0
 ac4:	fef68fa3          	sb	a5,-1(a3)
 ac8:	ffe70793          	addi	a5,a4,-2
 acc:	c03e                	sw	a5,0(sp)
 ace:	bf4d                	j	a80 <printInt+0xb6>
 ad0:	33f1                	jal	89c <printchar>
 ad2:	05800593          	li	a1,88
 ad6:	b7e1                	j	a9e <printInt+0xd4>

00000ad8 <printLongLongInt>:
 ad8:	4501                	li	a0,0
 ada:	8082                	ret

00000adc <printDouble>:
 adc:	4501                	li	a0,0
 ade:	8082                	ret

00000ae0 <print>:
 ae0:	fd810113          	addi	sp,sp,-40
 ae4:	d022                	sw	s0,32(sp)
 ae6:	ce26                	sw	s1,28(sp)
 ae8:	d206                	sw	ra,36(sp)
 aea:	c42a                	sw	a0,8(sp)
 aec:	82ae                	mv	t0,a1
 aee:	8432                	mv	s0,a2
 af0:	c602                	sw	zero,12(sp)
 af2:	4481                	li	s1,0
 af4:	00028583          	lb	a1,0(t0)
 af8:	ed89                	bnez	a1,b12 <print+0x32>
 afa:	47a2                	lw	a5,8(sp)
 afc:	c781                	beqz	a5,b04 <print+0x24>
 afe:	4581                	li	a1,0
 b00:	853e                	mv	a0,a5
 b02:	3b69                	jal	89c <printchar>
 b04:	5092                	lw	ra,36(sp)
 b06:	5402                	lw	s0,32(sp)
 b08:	8526                	mv	a0,s1
 b0a:	44f2                	lw	s1,28(sp)
 b0c:	02810113          	addi	sp,sp,40
 b10:	8082                	ret
 b12:	02500793          	li	a5,37
 b16:	00f58863          	beq	a1,a5,b26 <print+0x46>
 b1a:	4522                	lw	a0,8(sp)
 b1c:	c816                	sw	t0,16(sp)
 b1e:	0485                	addi	s1,s1,1
 b20:	3bb5                	jal	89c <printchar>
 b22:	42c2                	lw	t0,16(sp)
 b24:	a839                	j	b42 <print+0x62>
 b26:	00128783          	lb	a5,1(t0)
 b2a:	00128713          	addi	a4,t0,1
 b2e:	00b79c63          	bne	a5,a1,b46 <print+0x66>
 b32:	4522                	lw	a0,8(sp)
 b34:	02500593          	li	a1,37
 b38:	c83a                	sw	a4,16(sp)
 b3a:	338d                	jal	89c <printchar>
 b3c:	4742                	lw	a4,16(sp)
 b3e:	0485                	addi	s1,s1,1
 b40:	82ba                	mv	t0,a4
 b42:	0285                	addi	t0,t0,1
 b44:	bf45                	j	af4 <print+0x14>
 b46:	dbd5                	beqz	a5,afa <print+0x1a>
 b48:	02b00693          	li	a3,43
 b4c:	04d78963          	beq	a5,a3,b9e <print+0xbe>
 b50:	00f6c863          	blt	a3,a5,b60 <print+0x80>
 b54:	02300693          	li	a3,35
 b58:	04d78663          	beq	a5,a3,ba4 <print+0xc4>
 b5c:	4781                	li	a5,0
 b5e:	a005                	j	b7e <print+0x9e>
 b60:	02d00693          	li	a3,45
 b64:	00d78a63          	beq	a5,a3,b78 <print+0x98>
 b68:	03000693          	li	a3,48
 b6c:	fed798e3          	bne	a5,a3,b5c <print+0x7c>
 b70:	00228713          	addi	a4,t0,2
 b74:	4789                	li	a5,2
 b76:	a021                	j	b7e <print+0x9e>
 b78:	00228713          	addi	a4,t0,2
 b7c:	4785                	li	a5,1
 b7e:	00070683          	lb	a3,0(a4)
 b82:	02b00613          	li	a2,43
 b86:	04c68363          	beq	a3,a2,bcc <print+0xec>
 b8a:	02d64163          	blt	a2,a3,bac <print+0xcc>
 b8e:	02300613          	li	a2,35
 b92:	02c68b63          	beq	a3,a2,bc8 <print+0xe8>
 b96:	82ba                	mv	t0,a4
 b98:	4501                	li	a0,0
 b9a:	46a5                	li	a3,9
 b9c:	a081                	j	bdc <print+0xfc>
 b9e:	00228713          	addi	a4,t0,2
 ba2:	bf6d                	j	b5c <print+0x7c>
 ba4:	00228713          	addi	a4,t0,2
 ba8:	4791                	li	a5,4
 baa:	bfd1                	j	b7e <print+0x9e>
 bac:	02d00613          	li	a2,45
 bb0:	00c68963          	beq	a3,a2,bc2 <print+0xe2>
 bb4:	03000613          	li	a2,48
 bb8:	fcc69fe3          	bne	a3,a2,b96 <print+0xb6>
 bbc:	0027e793          	ori	a5,a5,2
 bc0:	a031                	j	bcc <print+0xec>
 bc2:	0705                	addi	a4,a4,1
 bc4:	4785                	li	a5,1
 bc6:	bfc1                	j	b96 <print+0xb6>
 bc8:	0047e793          	ori	a5,a5,4
 bcc:	0705                	addi	a4,a4,1
 bce:	b7e1                	j	b96 <print+0xb6>
 bd0:	00251613          	slli	a2,a0,0x2
 bd4:	9532                	add	a0,a0,a2
 bd6:	0506                	slli	a0,a0,0x1
 bd8:	953a                	add	a0,a0,a4
 bda:	0285                	addi	t0,t0,1
 bdc:	00028603          	lb	a2,0(t0)
 be0:	fd060713          	addi	a4,a2,-48
 be4:	0ff77593          	andi	a1,a4,255
 be8:	feb6f4e3          	bgeu	a3,a1,bd0 <print+0xf0>
 bec:	02e00713          	li	a4,46
 bf0:	4699                	li	a3,6
 bf2:	00e61e63          	bne	a2,a4,c0e <print+0x12e>
 bf6:	0285                	addi	t0,t0,1
 bf8:	4681                	li	a3,0
 bfa:	45a5                	li	a1,9
 bfc:	00028603          	lb	a2,0(t0)
 c00:	fd060613          	addi	a2,a2,-48
 c04:	0ff67713          	andi	a4,a2,255
 c08:	02e5f563          	bgeu	a1,a4,c32 <print+0x152>
 c0c:	c636                	sw	a3,12(sp)
 c0e:	00028703          	lb	a4,0(t0)
 c12:	06a00613          	li	a2,106
 c16:	0ac70d63          	beq	a4,a2,cd0 <print+0x1f0>
 c1a:	02e64363          	blt	a2,a4,c40 <print+0x160>
 c1e:	04c00613          	li	a2,76
 c22:	0ac70763          	beq	a4,a2,cd0 <print+0x1f0>
 c26:	06800613          	li	a2,104
 c2a:	08c70c63          	beq	a4,a2,cc2 <print+0x1e2>
 c2e:	4581                	li	a1,0
 c30:	a82d                	j	c6a <print+0x18a>
 c32:	00269713          	slli	a4,a3,0x2
 c36:	96ba                	add	a3,a3,a4
 c38:	0686                	slli	a3,a3,0x1
 c3a:	96b2                	add	a3,a3,a2
 c3c:	0285                	addi	t0,t0,1
 c3e:	bf7d                	j	bfc <print+0x11c>
 c40:	07400613          	li	a2,116
 c44:	08c70663          	beq	a4,a2,cd0 <print+0x1f0>
 c48:	07a00613          	li	a2,122
 c4c:	08c70263          	beq	a4,a2,cd0 <print+0x1f0>
 c50:	06c00613          	li	a2,108
 c54:	4581                	li	a1,0
 c56:	00c71a63          	bne	a4,a2,c6a <print+0x18a>
 c5a:	00128603          	lb	a2,1(t0)
 c5e:	458d                	li	a1,3
 c60:	00e61463          	bne	a2,a4,c68 <print+0x188>
 c64:	0285                	addi	t0,t0,1
 c66:	4591                	li	a1,4
 c68:	0285                	addi	t0,t0,1
 c6a:	00028603          	lb	a2,0(t0)
 c6e:	06000393          	li	t2,96
 c72:	06100713          	li	a4,97
 c76:	00c3c463          	blt	t2,a2,c7e <print+0x19e>
 c7a:	04100713          	li	a4,65
 c7e:	06700393          	li	t2,103
 c82:	06c3c463          	blt	t2,a2,cea <print+0x20a>
 c86:	06500393          	li	t2,101
 c8a:	18765363          	bge	a2,t2,e10 <print+0x330>
 c8e:	04700393          	li	t2,71
 c92:	04c3c163          	blt	t2,a2,cd4 <print+0x1f4>
 c96:	04500593          	li	a1,69
 c9a:	16b65b63          	bge	a2,a1,e10 <print+0x330>
 c9e:	04300713          	li	a4,67
 ca2:	eae610e3          	bne	a2,a4,b42 <print+0x62>
 ca6:	4018                	lw	a4,0(s0)
 ca8:	00440393          	addi	t2,s0,4
 cac:	ca16                	sw	t0,20(sp)
 cae:	00e10c23          	sb	a4,24(sp)
 cb2:	c81e                	sw	t2,16(sp)
 cb4:	00010ca3          	sb	zero,25(sp)
 cb8:	4701                	li	a4,0
 cba:	86be                	mv	a3,a5
 cbc:	862a                	mv	a2,a0
 cbe:	082c                	addi	a1,sp,24
 cc0:	a849                	j	d52 <print+0x272>
 cc2:	00128603          	lb	a2,1(t0)
 cc6:	4581                	li	a1,0
 cc8:	fae611e3          	bne	a2,a4,c6a <print+0x18a>
 ccc:	0289                	addi	t0,t0,2
 cce:	bf71                	j	c6a <print+0x18a>
 cd0:	0285                	addi	t0,t0,1
 cd2:	bfb1                	j	c2e <print+0x14e>
 cd4:	06300693          	li	a3,99
 cd8:	fcd607e3          	beq	a2,a3,ca6 <print+0x1c6>
 cdc:	06c6ce63          	blt	a3,a2,d58 <print+0x278>
 ce0:	05800693          	li	a3,88
 ce4:	02d60363          	beq	a2,a3,d0a <print+0x22a>
 ce8:	bda9                	j	b42 <print+0x62>
 cea:	07300693          	li	a3,115
 cee:	04d60463          	beq	a2,a3,d36 <print+0x256>
 cf2:	02c6cb63          	blt	a3,a2,d28 <print+0x248>
 cf6:	06f00693          	li	a3,111
 cfa:	0ed60263          	beq	a2,a3,dde <print+0x2fe>
 cfe:	07000693          	li	a3,112
 d02:	0047e793          	ori	a5,a5,4
 d06:	e2d61ee3          	bne	a2,a3,b42 <print+0x62>
 d0a:	4691                	li	a3,4
 d0c:	0ad59f63          	bne	a1,a3,dca <print+0x2ea>
 d10:	00840393          	addi	t2,s0,8
 d14:	400c                	lw	a1,0(s0)
 d16:	4050                	lw	a2,4(s0)
 d18:	ca16                	sw	t0,20(sp)
 d1a:	c23a                	sw	a4,4(sp)
 d1c:	c03e                	sw	a5,0(sp)
 d1e:	c81e                	sw	t2,16(sp)
 d20:	87aa                	mv	a5,a0
 d22:	4701                	li	a4,0
 d24:	46c1                	li	a3,16
 d26:	a0b9                	j	d74 <print+0x294>
 d28:	07500693          	li	a3,117
 d2c:	06d60863          	beq	a2,a3,d9c <print+0x2bc>
 d30:	07800693          	li	a3,120
 d34:	bf45                	j	ce4 <print+0x204>
 d36:	4018                	lw	a4,0(s0)
 d38:	000016b7          	lui	a3,0x1
 d3c:	00440393          	addi	t2,s0,4
 d40:	f6c68593          	addi	a1,a3,-148 # f6c <numbrid+0xc>
 d44:	c311                	beqz	a4,d48 <print+0x268>
 d46:	85ba                	mv	a1,a4
 d48:	4732                	lw	a4,12(sp)
 d4a:	ca16                	sw	t0,20(sp)
 d4c:	c81e                	sw	t2,16(sp)
 d4e:	86be                	mv	a3,a5
 d50:	862a                	mv	a2,a0
 d52:	4522                	lw	a0,8(sp)
 d54:	3e41                	jal	8e4 <prints>
 d56:	a00d                	j	d78 <print+0x298>
 d58:	4691                	li	a3,4
 d5a:	02d59463          	bne	a1,a3,d82 <print+0x2a2>
 d5e:	00840393          	addi	t2,s0,8
 d62:	400c                	lw	a1,0(s0)
 d64:	4050                	lw	a2,4(s0)
 d66:	ca16                	sw	t0,20(sp)
 d68:	c23a                	sw	a4,4(sp)
 d6a:	c03e                	sw	a5,0(sp)
 d6c:	c81e                	sw	t2,16(sp)
 d6e:	87aa                	mv	a5,a0
 d70:	4705                	li	a4,1
 d72:	46a9                	li	a3,10
 d74:	4522                	lw	a0,8(sp)
 d76:	338d                	jal	ad8 <printLongLongInt>
 d78:	43c2                	lw	t2,16(sp)
 d7a:	94aa                	add	s1,s1,a0
 d7c:	841e                	mv	s0,t2
 d7e:	42d2                	lw	t0,20(sp)
 d80:	b3c9                	j	b42 <print+0x62>
 d82:	46b2                	lw	a3,12(sp)
 d84:	400c                	lw	a1,0(s0)
 d86:	c816                	sw	t0,16(sp)
 d88:	c236                	sw	a3,4(sp)
 d8a:	c03a                	sw	a4,0(sp)
 d8c:	0411                	addi	s0,s0,4
 d8e:	872a                	mv	a4,a0
 d90:	4685                	li	a3,1
 d92:	4629                	li	a2,10
 d94:	4522                	lw	a0,8(sp)
 d96:	3915                	jal	9ca <printInt>
 d98:	94aa                	add	s1,s1,a0
 d9a:	b361                	j	b22 <print+0x42>
 d9c:	4691                	li	a3,4
 d9e:	00d59d63          	bne	a1,a3,db8 <print+0x2d8>
 da2:	00840393          	addi	t2,s0,8
 da6:	400c                	lw	a1,0(s0)
 da8:	4050                	lw	a2,4(s0)
 daa:	ca16                	sw	t0,20(sp)
 dac:	c23a                	sw	a4,4(sp)
 dae:	c03e                	sw	a5,0(sp)
 db0:	c81e                	sw	t2,16(sp)
 db2:	87aa                	mv	a5,a0
 db4:	4701                	li	a4,0
 db6:	bf75                	j	d72 <print+0x292>
 db8:	46b2                	lw	a3,12(sp)
 dba:	400c                	lw	a1,0(s0)
 dbc:	c816                	sw	t0,16(sp)
 dbe:	c236                	sw	a3,4(sp)
 dc0:	c03a                	sw	a4,0(sp)
 dc2:	0411                	addi	s0,s0,4
 dc4:	872a                	mv	a4,a0
 dc6:	4681                	li	a3,0
 dc8:	b7e9                	j	d92 <print+0x2b2>
 dca:	46b2                	lw	a3,12(sp)
 dcc:	c816                	sw	t0,16(sp)
 dce:	400c                	lw	a1,0(s0)
 dd0:	4641                	li	a2,16
 dd2:	c236                	sw	a3,4(sp)
 dd4:	c03a                	sw	a4,0(sp)
 dd6:	0411                	addi	s0,s0,4
 dd8:	872a                	mv	a4,a0
 dda:	4681                	li	a3,0
 ddc:	bf65                	j	d94 <print+0x2b4>
 dde:	4691                	li	a3,4
 de0:	00d59e63          	bne	a1,a3,dfc <print+0x31c>
 de4:	00840393          	addi	t2,s0,8
 de8:	400c                	lw	a1,0(s0)
 dea:	4050                	lw	a2,4(s0)
 dec:	ca16                	sw	t0,20(sp)
 dee:	c23a                	sw	a4,4(sp)
 df0:	c03e                	sw	a5,0(sp)
 df2:	c81e                	sw	t2,16(sp)
 df4:	87aa                	mv	a5,a0
 df6:	4701                	li	a4,0
 df8:	46a1                	li	a3,8
 dfa:	bfad                	j	d74 <print+0x294>
 dfc:	46b2                	lw	a3,12(sp)
 dfe:	400c                	lw	a1,0(s0)
 e00:	c816                	sw	t0,16(sp)
 e02:	c236                	sw	a3,4(sp)
 e04:	c03a                	sw	a4,0(sp)
 e06:	0411                	addi	s0,s0,4
 e08:	872a                	mv	a4,a0
 e0a:	4681                	li	a3,0
 e0c:	4621                	li	a2,8
 e0e:	b759                	j	d94 <print+0x2b4>
 e10:	400c                	lw	a1,0(s0)
 e12:	00840613          	addi	a2,s0,8
 e16:	4040                	lw	s0,4(s0)
 e18:	c23a                	sw	a4,4(sp)
 e1a:	872a                	mv	a4,a0
 e1c:	4522                	lw	a0,8(sp)
 e1e:	c832                	sw	a2,16(sp)
 e20:	c03e                	sw	a5,0(sp)
 e22:	8622                	mv	a2,s0
 e24:	87b6                	mv	a5,a3
 e26:	46a9                	li	a3,10
 e28:	ca16                	sw	t0,20(sp)
 e2a:	394d                	jal	adc <printDouble>
 e2c:	94aa                	add	s1,s1,a0
 e2e:	4442                	lw	s0,16(sp)
 e30:	b7b9                	j	d7e <print+0x29e>

00000e32 <printf>:
 e32:	fdc10113          	addi	sp,sp,-36
 e36:	c82e                	sw	a1,16(sp)
 e38:	ca32                	sw	a2,20(sp)
 e3a:	85aa                	mv	a1,a0
 e3c:	0810                	addi	a2,sp,16
 e3e:	4501                	li	a0,0
 e40:	c606                	sw	ra,12(sp)
 e42:	cc36                	sw	a3,24(sp)
 e44:	ce3a                	sw	a4,28(sp)
 e46:	d03e                	sw	a5,32(sp)
 e48:	c032                	sw	a2,0(sp)
 e4a:	3959                	jal	ae0 <print>
 e4c:	40b2                	lw	ra,12(sp)
 e4e:	02410113          	addi	sp,sp,36
 e52:	8082                	ret

00000e54 <memcpy>:
 e54:	00a5c7b3          	xor	a5,a1,a0
 e58:	8b8d                	andi	a5,a5,3
 e5a:	00c50733          	add	a4,a0,a2
 e5e:	e781                	bnez	a5,e66 <memcpy+0x12>
 e60:	478d                	li	a5,3
 e62:	02c7e763          	bltu	a5,a2,e90 <memcpy+0x3c>
 e66:	87aa                	mv	a5,a0
 e68:	0ae57e63          	bgeu	a0,a4,f24 <memcpy+0xd0>
 e6c:	2194                	lbu	a3,0(a1)
 e6e:	0785                	addi	a5,a5,1
 e70:	0585                	addi	a1,a1,1
 e72:	fed78fa3          	sb	a3,-1(a5)
 e76:	fee7ebe3          	bltu	a5,a4,e6c <memcpy+0x18>
 e7a:	8082                	ret
 e7c:	2194                	lbu	a3,0(a1)
 e7e:	0785                	addi	a5,a5,1
 e80:	0585                	addi	a1,a1,1
 e82:	fed78fa3          	sb	a3,-1(a5)
 e86:	fee7ebe3          	bltu	a5,a4,e7c <memcpy+0x28>
 e8a:	4402                	lw	s0,0(sp)
 e8c:	0111                	addi	sp,sp,4
 e8e:	8082                	ret
 e90:	00357693          	andi	a3,a0,3
 e94:	87aa                	mv	a5,a0
 e96:	ca89                	beqz	a3,ea8 <memcpy+0x54>
 e98:	2194                	lbu	a3,0(a1)
 e9a:	0785                	addi	a5,a5,1
 e9c:	0585                	addi	a1,a1,1
 e9e:	fed78fa3          	sb	a3,-1(a5)
 ea2:	0037f693          	andi	a3,a5,3
 ea6:	bfc5                	j	e96 <memcpy+0x42>
 ea8:	ffc77693          	andi	a3,a4,-4
 eac:	fe068613          	addi	a2,a3,-32
 eb0:	06c7f563          	bgeu	a5,a2,f1a <memcpy+0xc6>
 eb4:	1171                	addi	sp,sp,-4
 eb6:	c022                	sw	s0,0(sp)
 eb8:	49c0                	lw	s0,20(a1)
 eba:	0005a303          	lw	t1,0(a1)
 ebe:	0085a383          	lw	t2,8(a1)
 ec2:	cbc0                	sw	s0,20(a5)
 ec4:	4d80                	lw	s0,24(a1)
 ec6:	0067a023          	sw	t1,0(a5)
 eca:	0045a303          	lw	t1,4(a1)
 ece:	cf80                	sw	s0,24(a5)
 ed0:	4dc0                	lw	s0,28(a1)
 ed2:	0067a223          	sw	t1,4(a5)
 ed6:	00c5a283          	lw	t0,12(a1)
 eda:	0105a303          	lw	t1,16(a1)
 ede:	02458593          	addi	a1,a1,36
 ee2:	cfc0                	sw	s0,28(a5)
 ee4:	ffc5a403          	lw	s0,-4(a1)
 ee8:	0077a423          	sw	t2,8(a5)
 eec:	0057a623          	sw	t0,12(a5)
 ef0:	0067a823          	sw	t1,16(a5)
 ef4:	02478793          	addi	a5,a5,36
 ef8:	fe87ae23          	sw	s0,-4(a5)
 efc:	fac7eee3          	bltu	a5,a2,eb8 <memcpy+0x64>
 f00:	f8d7f3e3          	bgeu	a5,a3,e86 <memcpy+0x32>
 f04:	4190                	lw	a2,0(a1)
 f06:	0791                	addi	a5,a5,4
 f08:	0591                	addi	a1,a1,4
 f0a:	fec7ae23          	sw	a2,-4(a5)
 f0e:	bfcd                	j	f00 <memcpy+0xac>
 f10:	4190                	lw	a2,0(a1)
 f12:	0791                	addi	a5,a5,4
 f14:	0591                	addi	a1,a1,4
 f16:	fec7ae23          	sw	a2,-4(a5)
 f1a:	fed7ebe3          	bltu	a5,a3,f10 <memcpy+0xbc>
 f1e:	f4e7e7e3          	bltu	a5,a4,e6c <memcpy+0x18>
 f22:	8082                	ret
 f24:	8082                	ret
 f26:	0000                	unimp
 f28:	0068                	addi	a0,sp,12
 f2a:	0000                	unimp
 f2c:	00000003          	lb	zero,0(zero) # 0 <_sinit>
 f30:	0010                	0x10
 f32:	0000                	unimp
 f34:	0060                	addi	s0,sp,12
 f36:	0000                	unimp
 f38:	00000003          	lb	zero,0(zero) # 0 <_sinit>
 f3c:	0018                	0x18
 f3e:	0000                	unimp
 f40:	74737953          	0x74737953
 f44:	6d65                	lui	s10,0x19
 f46:	3a6b6c43          	fmadd.d	fs8,fs6,ft6,ft7,unknown
 f4a:	2520                	lbu	s0,10(a0)
 f4c:	0d64                	addi	s1,sp,668
 f4e:	000a                	c.slli	zero,0x2
 f50:	70696843          	fmadd.s	fa6,fs2,ft6,fa4,unknown
 f54:	4449                	li	s0,18
 f56:	203a                	lhu	a4,2(s0)
 f58:	3025                	jal	780 <USART_SendData+0x4>
 f5a:	7838                	flw	fa4,112(s0)
 f5c:	0a0d                	addi	s4,s4,3
	...

00000f60 <numbrid>:
 f60:	063f 4f5b 6d66 077d 6f7f 0000 6e28 6c75     ?.[Ofm}..o..(nul
 f70:	296c 0000                                   l)..
